injector_server: _build/default/contrib/octez_injector_server/octez_injector_server.exe
accuser_proxford: octez-accuser-Proxford
accuser_ptnairob: octez-accuser-PtNairob
accuser_alpha: octez-accuser-alpha
admin_client: octez-admin-client
baker_proxford: octez-baker-Proxford
baker_ptnairob: octez-baker-PtNairob
baker_alpha: octez-baker-alpha
client: octez-client
codec: octez-codec
dac_client: octez-dac-client
dac_node: octez-dac-node
dal_node: octez-dal-node
evm_node: octez-evm-node
node: octez-node
protocol_compiler: octez-protocol-compiler
proxy_server: octez-proxy-server
signer: octez-signer
smart_rollup_node: octez-smart-rollup-node
wasm_debugger: octez-smart-rollup-wasm-debugger
snoop: octez-snoop
risc_v_sandbox: risc-v-sandbox
smart_rollup_installer: smart-rollup-installer
