RandomTx.make_rollup:
Constraints: 3760

RandomTx.make_rollup_optimized:
Constraints: 1400

RandomTx.make_rollup:
Constraints: 3760

RandomTx.make_rollup_optimized:
Constraints: 1400

RandomTx.make_rollup:
Proof size: 3.56 KB
Proof hash: 172b62e47a53b850d48725b2d386d235d123c194d73b64a14210daff7f939eea
Prover_pp hash: b3dc6389e431a1083781a0feae20a4058cace0a29c9da0a0b7ef8117c706acaf
Verifier_pp hash: ec78f151ff31ceb5674cac29f11cb376b1cf91fe5abbc1c747735f816bb365a7

insufficient balance: amount > bal:
Constraints: 3760

insufficient balance: amount > bal_optimized:
Constraints: 1400

insufficient balance: amount + fee > bal:
Constraints: 3760

insufficient balance: amount + fee > bal_optimized:
Constraints: 1400

invalid dst:
Constraints: 3760

invalid dst_optimized:
Constraints: 1400

invalid src:
Constraints: 3760

invalid src_optimized:
Constraints: 1400

replay:
Constraints: 3760

replay_optimized:
Constraints: 1400

balance out of bounds 1:
Constraints: 3760

balance out of bounds 1_optimized:
Constraints: 1400

invalid signature: bad msg:
Constraints: 3760

invalid signature: bad msg_optimized:
Constraints: 1400

invalid signature: bad sk:
Constraints: 3760

invalid signature: bad sk_optimized:
Constraints: 1400

invalid signature: not on curve:
Constraints: 3760

invalid signature: not on curve_optimized:
Constraints: 1400

insufficient balance: amount > bal:
Constraints: 3760

insufficient balance: amount > bal_optimized:
Constraints: 1400

insufficient balance: amount > bal:
Proof size: 4.23 KB
Proof hash: f771865dcb2601ce6e16547aee9c251baa6fd25b2fce5e9beea58de6089b8783
Prover_pp hash: c492e2e27467eab63a9f74dd9be8196c447215c843c2c987b20a36f8711e7b09
Verifier_pp hash: 4ec92e2102da26ecae2fcd78216b4aba08feee9b8b45bb30f2f7d3aedc2eabbc

insufficient balance: amount + fee > bal:
Constraints: 3760

insufficient balance: amount + fee > bal_optimized:
Constraints: 1400

insufficient balance: amount + fee > bal:
Proof size: 4.52 KB
Proof hash: 87747f2e94b61c2d77286da56b721abbd3da135041c35313a567958a21643a4b
Prover_pp hash: 42753e51be02ed3cf3d104a4bc03b21ba4e07a9f6b02f8de3d02974d8887b3cd
Verifier_pp hash: 9264198716df5d44425bd06df5e3c7d34446c97e8cadab8e1c3b45d0ba8f5fa9

invalid dst:
Constraints: 3760

invalid dst_optimized:
Constraints: 1400

invalid dst:
Proof size: 3.13 KB
Proof hash: 55b10a299baa449da7dba412705bf26a754b53d4ef72080eacebe00a98758344
Prover_pp hash: fac2b0fa7231b22288168b17a57adb1193b0bd7b9cf7e2094d7b66e38472540f
Verifier_pp hash: 826e313532063d525853775f6f5d90be04ef85b54536fe6c8c8c3eedbdfd6f1c

invalid src:
Constraints: 3760

invalid src_optimized:
Constraints: 1400

invalid src:
Proof size: 3.13 KB
Proof hash: 7b22a2bc36c30d6006d55c290453fbb8b8b8e9e9fda9edaa749b4627a742e394
Prover_pp hash: 972075d8610f29a9a17e73334a08fa0b9a62159666b4e1c1b4ab363f317524b2
Verifier_pp hash: 49f3c094209c080c1a2e1c1aa08b153ecdcdd9b33a85bd757898f4fe950d9c88

replay:
Constraints: 3760

replay_optimized:
Constraints: 1400

replay:
Proof size: 2.89 KB
Proof hash: 6c09c9ddcd63130f5293b38bc83c4acd7e366c7a6e07583ba1cdb1c5ef65ac40
Prover_pp hash: d9dd03a16bef231d5de2687e38d38a2cddd58cc3e8ceb9c473e068ecd14b550d
Verifier_pp hash: 19c4752c11e50bd4a17a29e516c53bcd410ccbf18268d10d14d5e3791e14c214

balance out of bounds 1:
Constraints: 3760

balance out of bounds 1_optimized:
Constraints: 1400

balance out of bounds 1:
Proof size: 3.71 KB
Proof hash: feee26dea346975562a7562475c4e6533ce1bae1aaa59bdbcae5b3e64e75bc0c
Prover_pp hash: 19db0c71fe3d8c1ed9cd6486db1b7c639f049acc09f83e79d28b2c8d442d30ca
Verifier_pp hash: cd2235680a87598b7ccee7e28777458f6dc12b94e9db998d01bb54a3d894da26

invalid signature: bad msg:
Constraints: 3760

invalid signature: bad msg_optimized:
Constraints: 1400

invalid signature: bad msg:
Proof size: 3.85 KB
Proof hash: ed79a6f0a9c1117b8d7a7b0ad234d488fa439dee6582955325840d341a26efd3
Prover_pp hash: a00e4a0b713d8f8b1bceb584cc56d98362a43e915ba035b028888053009980cb
Verifier_pp hash: a4b328620821492da2811ef9e911fd8c8cc59173e3b18eb38de5c8f50df05d93

invalid signature: bad sk:
Constraints: 3760

invalid signature: bad sk_optimized:
Constraints: 1400

invalid signature: bad sk:
Proof size: 3.80 KB
Proof hash: 348c4f142fe9b31d40dc063b76d6cdea1a435376d1018b6edfdeaef9ea123d03
Prover_pp hash: 66379d9f00e2861efe426f85f989be27b1a0abc6133e0a15dfffde1570e94a57
Verifier_pp hash: 7e03954b6ad9f93f800376d72af36a0cbb3efbd6a0c4b89aeee282191e1fb756

invalid signature: not on curve:
Constraints: 3760

invalid signature: not on curve_optimized:
Constraints: 1400

invalid signature: not on curve:
Proof size: 4.09 KB
Proof hash: 7995a3821dbb3bdc583e0439c62992c941cb6afb55c6afa0aa171a112c93ea52
Prover_pp hash: 54fc1c8af1a1e25337556aedaf3c06662abcfb5f1b28804d87167ef23aa04d8c
Verifier_pp hash: 6b5cd79a1dc303c2b2caec7d10a46049e3e2f390fb861e61b85c419428920a9b

benchmark:
Proof size: 5.39 KB
Proof hash: 39a8009fa8221364e33937add69bfe8f610cb3b1eda224677825f8f1eecdcf79
Prover_pp hash: d566b0d3e7f26f8ebbe08b35bef6a504f76ba3606979cc583397aecbad0edf1f
Verifier_pp hash: 32d2dd2c3bf8878c65125f30c92bde95a3edef80a61291ea5a9adb2bf694b409

benchmark:
Proof size: 5.39 KB
Proof hash: 77205f16cb96ad88eb69a97fe63889ca2abd3d35b4c26d3b4b6fd43dbb8ea092
Prover_pp hash: d566b0d3e7f26f8ebbe08b35bef6a504f76ba3606979cc583397aecbad0edf1f
Verifier_pp hash: 32d2dd2c3bf8878c65125f30c92bde95a3edef80a61291ea5a9adb2bf694b409

benchmark_meta:
Proof size: 11.18 KB
Proof hash: d4b15aecf8d3a03f6c0edc75cc6a248b20974daeaddd7ce3ee8c254fa59011ed
Prover_pp hash: 1489086479a61dcc724d47b7f9d432bff688f5b4da3f89d8037403cc061671c3
Verifier_pp hash: 162ffcce8cb38ee79ec2c83f894960c5afc17218ae1f9e96044dded3aaab7175

benchmark_meta:
Proof size: 11.18 KB
Proof hash: a4817531fe99b5fec3d9069c8f4da0662d50a7baca98a169843e749a12a01d6f
Prover_pp hash: 1489086479a61dcc724d47b7f9d432bff688f5b4da3f89d8037403cc061671c3
Verifier_pp hash: 162ffcce8cb38ee79ec2c83f894960c5afc17218ae1f9e96044dded3aaab7175

