Block hash: 0x6f1a1ba961faa9caf147ad01be7c0227f73aa51a4ae6a83b568649eae76ec039
