
./risc-v-sandbox --input tezt/tests/riscv-tests/hermit-loader --initrd risc-v-dummy.elf
[src/arch/riscv64/kernel/core_local.rs:38] CPU_ONLINE.load(Ordering::Relaxed) = 0
[0][WARN] Unable to read entropy! Fallback to a naive implementation!
Hello World
[09, 90, A8, 2F, DD, B2, 8D, E6, 07, 33, 28, 86, 5C, EF, 23, A4, D5, 2A, CC, 6C, D4, 17, D8, AB, 39, 66, 69, D6, 3C, 3B, A8, BD]
Kernel panic Some("Abort") at Some(Location { file: "src/main.rs", line: 9, col: 5 })
Received SBI shutdown request
