
./octez-client --protocol ProxfordZNRgFcnNcXRSN4rtHAMFpu4w7FNjyx49pjQVU6Ww4ef --mode mockup --no-base-dir-warnings run script michelson_test_scripts/opcodes/list_id.tz on storage '{""}' and input '{}' --level 1 --trace-stack
storage
  {}
emitted operations
  
big_map diff
  
trace
  - location: 9 (just consumed gas: 4.189)
    [ (Pair {} { "" }) ]
  - location: 9 (just consumed gas: 0.010)
    [ {} ]
  - location: 10 (just consumed gas: 0.010)
    [ {}
      {} ]
  - location: 12 (just consumed gas: 0.010)
    [ (Pair {} {}) ]

