Block hash: 0x0a56477fa09032c5631c32ab27d5025b856e19abf93259b7aaa81ad51dc51c0b
