CoVtvAbvYDvA54Z5kQcj48DFfQGyoQMqeLFSphM5EznrS5jCDwAp
CoW94WcjPRqUiC2u1V9vD56QKaorwJwzkkHv6smGzbmbTSJ18GMZ
CoVFUpwiADbgE33CFNjP5LLaTcV6bvmHkAyNZ8huCiBD4SPaJr1T
CoVyAjSGEj9XmmT2nLEZY643zsxMtXQLLpb69JxLnrL77hoSXV9G
CoVKAy6jttMr2TEo8QJhdVdWbBhZoFksFqTkpxvRUXuNH5go6X2c
CoWJ9JmwPJQnR2oQvXpoprFoqDsFgU8Dt4kRwfmh7T4WhH2FdHj9
CoWPNaL8G8JDY39LKswpDjn2JzQWfWwZ1CHCw6hiaYB18WnWu4aV
CoVvCxoxaae3k29N5SFGWXPwiLYLPFRUvHKy1DiTb8pXe9tGUQ3S
CoVKegki1qwFEZQ9LVyTfL6hR3y7GF3gCJjPoBW7iW7VzWJRJd97
CoUg4HTY155jVWs2qu7wovV3rP67CQBBU1TxW73hgf8cjouoS7eS
CoVjDz5ove7Zpvjhpi65EHpaYrSMnohC6nXDDrjj7WbgS6QXy4R9
CoW7eWooKPVfLHcSeMWxSDc3oqtLxGiX2Nz8wnP9mRT1Bf9AAUi5
CoWLRUgjfAHLvwveWJAmL5X83kXv63tYFM9nQBuTQTL8i25GfFya
CoVbLoswRVMkrXbt4nzwm86XqCkccMDsybSuR1kiodeCNQJSqMHo
CoWDJbmaerUXbDJAAyJCSq6wWBqBc6EXUVytjBSZZQ8ecfhuaNUw
CoVJHexzHDwANcEaMc45uiE2AYMEr8oMsCbQLWs4UUNjgaLJta5p
CoW2M1ZhXtSRniHAdqzfCD52eSoq3zv9eyYdGRvThiUEK23tYndn
CoWPQHyzsPmu4AEbR5ofBwR6rQVgSzHeRpbM1cMCXdT4uVz8T5vY
CoUr9mHuL4ugADMBCBPsfDd6g6F6XZVRyq2TQwVB4pcJfqKJ5hVA
CoVdCv4QxZHKBVdSYsydq7W45VHTxXCfdFJ5wmgUxLLVReHRKgjy
CoWSVq1QJqJNhHz3cVdHFkPcgm6LMKQsdAvMdznSQJb7xgeY9FLX
CoVidDPFHhFUApGAK6Vgnoff5tdxkmJbBqf1TVb9PiNySqo6NyGo
CoV3rNHo2ePyuqSpR7tPt9Cz2YNxfK63yRm3WDvzHqEGZwDZiBZg
CoVkZgAEd9BxTSL2TALVbi6At8x1r4Z5w73DC18ubVWBitCDJ2YY
CoW1Xzj2hjTuj3ffUev8GMTkgSA1YKWbm9n96FK8kLu2LoMhjXtR
CoVkt8w3QiVScNMJDtAHtwwBiqnppJkFZsYPQtDs4ycgjCmt1wc7
CoVjHx3DnJTrxATmyoCu6ZUYEv2yXBmegrBCu8hRgWZicNSVtpyB
CoVrtWVP4Ytm9iAXXAvhkraUsVVwaKc4Tc3s6tQPpAUdeSgysiD2
CoWEFAXjU99TtrjtvSVJTBdUFzW8WGxJjmFaXb6dKXhg9mfRokid
CoVq55FHVqeJySRPj2nmczRjf36ShjnNNk4xBNCVdM5ZukJXi5PW
CoWJqnVjAXrhiWmTVcVVUD3qSkuiidLfBXGtAtW1gwGQxbuURZKq
CoVx3A45rXehme28YDaYEtoN2kTMkmn7bdMWvZzHdV1nutVcj6mk
CoV1aHbiEn1Ef9oQPL4wPzSYm1MJMz8RdHTsMrHSENdnhWNAYUdx
CoW6qjahYy755cWjeks8hcXAaB6GJombjUqTTdCsprFnAkKRcohb
CoUwEZBGsuHbmvB9LKA3xCyqmGogkNnYtF7hnCxgYezabMNTDB4o
CoWTidUJy8i71GPD6EvQyRzTPdrAXxZobbY7Yo6cBeS8wrs3kLiF
CoVnUi4CiJBPWXhn7UgvuCQYRJxFrUrr63jioNShR3LVizSrVbQL
CoVhPSFxb2SZfrtnFcCfGrcGRCS3kiRqMHGvkaVGxum62cjSxB5B
CoUwMj4vt8Xx6ZKNM7pnLw5ZvAdUAiMZprUaqf7XzuzPLXnjdhet
CoVjmgSih8it4JiDsWmBCRhhtaTrTMhUUHcmbZPXt9LvhwoCLHbV
CoUoJczDWRjppqX5KRWnweRASG2DxwxKhEpwGS9B3tnY88Xm46NZ
CoV9tLW2eM7GMdzo7KSC2goeASwZozbgKNZhDicYCs2zWJT8VweZ
CoUphpLJg2cBHTxC8dccvdKtS6XtTi61caH9HvDMVwDLPS2EX2DQ
CoV1mmSrpQcWiorQ3dg5GuqsEyh3dEu8BoYbhn13k6H13V9RHAVQ
CoWTgwdfZozgdUTuBnvXSsyTbjYCovHUaGUgvq9LhPjVHNEX9rXr
CoWAj5ZAVSttsSjjFnMuedQ6JihcsXrUrQZwMxu862Mw77gvvnDj
CoV4yUP5d2bebuB5bmgna9inMt3o2JJ1Zu65RNqj3nDn75H9sKuC
CoUp94VNaYioEw9DUZ5XQS6tbwicHiiJGWhURATvXvwEydLP6tn6
CoVVDFdaTdNjaDoezs9uYLPCq4TYzao4NuqpE8KMbXNKqY9dKFA1
CoV6jdr9SZN1LtsHpNZUs3S48oZBEM5t2nCFh8AWx6Pjbtp4J2tu
CoWSg7BQGLTmz96z38fLu2WGoMCepz7Y9JjwuwdWF4KLMjphV3Fz
CoVBm838WTBdBCPxZd2ycGhvU724PLUS6KmjH8TpYJkNGjX88ewY
CoUez1kJj1kRo9Ct4rPaZjEfWx9sDYJhEzNUr3LkFwokr6MJd9ur
CoW4GqqqykXKQyHarv3TEaLkg37w5wNC1yEzpJphTkxPQBSRYSsD
CoW7eAPtdMn9UrtaFUttXhTMbqHNC4PUKYem8Fr3XSfMmzjCdKMq
CoW3wy4MZk4jsQ6P3HTdpPHEY1e3M1DquXhq71kPAYK5TNLP1W93
CoVxcECFabcowaNjqUsujX2jZpn5ecspYzULNRbZ8NXx7hdj5Mwu
CoVkQAZfaqJeurn4h8CtcgQV8ajVuK8HpZmy7QpCUiD6tf4yDf6m
CoWW9vmULkFQJW3JTUWLDWjusTd2usVKoRpiMBjQ9zKniVeyJFtA
CoVJzLZCXyUaRzoBFWYGGznGsUAfuSNKGFds3AcdUTkcacPEfe3r
CoVQrwu1muq3PZGTuMaxfgxXo1ZWehmL7aWSEuqDBtQvekMeTzju
CoW5R66UGo2hzT1i4GrhHEifvJsriqRRPXn5UefQPjUrrHX6xE2G
CoWBbzhK3kf6s9GD8i5ZUMnBUS1LJbUWEfU9sEYYCyuBBFkQdcgN
CoUkwX495CzDtDGayctW8hsv8d8KSDGNNeDA8fxij7Rq4HMA8s3M
CoWUfCefQHwBeyq6VMzbZpV7hMcsjWyMReeRDFA5ihpyhT6vcSik
CoVoBX9g3t1YJm3uroG2mNSuyVc1WxLD3muWaVR3pZLcDTVTmZEY
CoVkG5NyoeU4Ct9zyzQRr4YttKSzJonS25syxMCX2nRNBRVCNczh
CoVtjuzGKdaLTVRShgbJcu5LUpc7eFp48kNUPVQ9KuWv9TLC7qZX
CoVcedSnE69AEo9hUuMhVsHy8NEX6MJixUqrojQDVDDc3xVBcjPo
CoVKpMHpuJ9HjHaY7oLSHDBL4mhWDB2G1s8FqdnnPN4bkmSg5j7h
CoVS6KUWVD6Cmb59CS2YdNzMigjBGtQFWY5brtERkau6WDm9w6PR
CoVzZa85GPGaEQv7N5jbqGBLmU1Lr4naPskJ6A42vSgFd7AgjZRd
CoVYe3khj5YmkYbZPfmeHCYQ6e8vrLVwX8Hq352REoyEEnqqiKHu
CoW1hChhzhoSDkBNdYxX9ivPBZZ3WNCmSdsUwE2py6A4GvV8VwGD
CoV6J5CGfmCqtUCkVYp4RvDxjiZHnZoEkH5vU6oYNzhBc226ukAc
CoW61skNJcckZq9NYWMPsPTMKjRpR2YbvDn3MK99GG459Fce19xQ
CoVCHNYw9vzScvGQcW87zeNzs9JmASZFDTg7SKboF4rnQWJSVire
CoVwYPWyoikpzm28nhU7MwfRaaNxNEppRhbwmbC6NkSXRreTZ9ar
CoWNox2MLGCjGb91ZoTmTtMCdoQTSVKfwgZxjqvcWjpeoTT8V2vz
CoWMcFr7faFg44Xw9Yamz9tgC4HxXDzS2zYvYxXaufUsxiY15PfZ
CoWXsCZC2eseJL7bvXjJqtsk4c8mJLSvwXDU18TY3MC3oBuKGBDy
CoVpsnBiFBLidyBmedhjqQTLumZdwniaPhnFY8bw1MeHn4sDHR9V
CoWKx5JS4z8rVcZEjPKYCbvZCCVWCmouJ1fnCyigmRvM8AFaRPAZ
CoUetL31Ts3jUTEQVvyq2rjfhcnuRZ5rj6gLcKA8YswZtwVqh7G4
CoW4hBrngsXqcgqrTMLfAPjUecxBHnXQKu7pKZvprcbAe89TmG5m
CoWQ4QbRu9ZvJMvcrjBNVQLNMH4ic5ANmCuDDbDQWEruLV3Gs2W6
CoV4hKQqT8fHEtch1W9XG8M27d8crd4BKgGgimBBcfnYtWEMZRiY
CoWU7PUs7SxJcBKCifedxJ6n7eVLHPu7zjQEvFxH6F4VYvojdVgM
CoW5aErifFsg6eo6PZgs7PvzS8wyc2d2EEzee5EK43KMBLnQF6Xt
CoVDHir9PgSp84m3huk4QBu4VH1m6WvD7hSiX4QVx71FRp8pYRU7
CoVX81yLR8iGFEryw82S9r8koJutHAwFeu88qECHBKUXCZRYqvDh
CoVoXw7Yh3QSx3E3REtaYDHxbDvqS87aqb64aaiuMcxquQ99BFLH
CoVKKtcn9C3Fa2JronhtZUEw8EuG1uESpZEtrhcGQvpqrrXxzcCR
CoVow8SZ6b7HoQa67Lvs71muDEdo6ezvvhZj2jT2CNfE7F54Du7W
CoVEpDFZmfGR5zjb49MbNDMEUYY4jAJ6NKL7hauPG38SiMCg7piK
CoVyKy7As6bxeNbqktvj5W64oLDPuc5XVS6NQ5QdY4Z2spiEfCjD
CoVASMYC2pMdufYAn7Vo8JmJwJ37izAd54DacZBpCEZsfTLCHkho
CoWA9bRcS6r8YmrqihJGcMZ9t89qzwqoYznJmsWweuoGoEh4ZdzG
CoUzVChNascpbCBTy4UMc79TGk3nC12RbmcFhS6DDxhuaHtU17ZC
CoVq89ieXGZAdV7crBLSr1zPvjZo7GKNCQjziYxBTioyrUt7i5Yn
CoVFxx83jWT2HKz2fSt9UJWSszSeTzNLdNvnSiYB5HMRoT6y3HW5
CoWPS9UZ7zpVNBJsmJz8fFdZpZsLk97eYTKhZAb2LULV3yDJBkv6
CoVa7fnStRtVP8BK4q6aNWobonT51sbV2q5ynRGYmecppMPksoYQ
CoVxTKXeBajg9GiraxdaEWaqysvpYStEfmvyV6ftsyMLovx8Hmtj
CoWEmKBr7QtPC4Ky2TSNswbFnMW8sFfh9BwCQ7ExRRkCqrR2WgxV
CoV3fHgVATdpwtbJ8sDocHfMVMmurcyGA7gTs8dWwjCv2FNMLtL5
CoVhxTjrjRYimvVD6QYhpV2fdZ9AZrmXsuTDe8eLNPF58mgRmvtS
CoVVFkiqazBAgp5JWMy2cRyH3Cgmm11CCYVNcTMVMyRYtcLjh7YU
CoWaxNE9jaRDVxDz3zyh4iVqdiNa5dgofkFo9EMAimTAA8n4MKiH
CoWSbAE4oSuozApPPZjj5R4ammycWrfnsVv4XQzdUTWzaTXnCB8T
CoVzFPvLmFpqCNrR21TsQqxKypoA5S1p8tkuxts6fAhCxHJvKTQv
CoUpXe32e1vZUAn2PmV3FgG62WU6ifX2gyWJNZafcXNKMQVzgfTE
CoWRckK343v58tgksDWZJqYF2M2XJuRBRT59Gs3KgoB43Rq8W2tN
CoUnTSDr9Tqc67Gr6zpnmKWmxG6EQFiSJrc62Zvop2q42VLJrS8b
CoVenZttjHaH97GURRTvi2UjNwHhUPEPk1Zj8rtXB81HSCKG8gb5
CoUhd6Ghfrh7fGPhZw8AAJf1MqoZNaSxkVWXRNyawSZVaXMkP727
CoVfNpMigxR4FEmgRrTP7FKbKC5z8ScEQ9ch9pWVgNpvrHmmVdWQ
CoVZLvJHLEF77XBhCeEKChyWhVanFguR8nvQcN9jX1uJDDivGmD8
CoWPW8wUk1RKdrQmiXVsKtJrePQz17Mn6xFe77M5yEW44aGsDDSQ
CoW99gL3v4DRPveV2sewVD8hF7LCSAkwDexbkAfM2wTzh7XGnJcG
CoVwExKtwVX5zkPGvrcgoMt6aVzXyJpRavfgSvPR9FZuhF6StMAp
CoVw3zx9eEV2QhRupb7hDLjL4oqzsSk4X1dpbrwUc9vCLxkvgQ4b
CoVL9bWwD5rZ9495de6gRr42Q1RRmXUKcYKEEdcbUvAADZZyQHkL
CoV9pVP7eKszH85vUmJudKnBrHS2EiHQe8xWqTTMu3MSuHSLfkgN
CoW1TMpnbF761HX7SuZ7qKZZQZ8WoRTQQN68BdvcGJyJZVfiGv6h
CoUoqMkmaoFoxYKv6ztxWtoX8uqERoffNKXuLR85TUzJuqq67bYt
CoUmiTeAuL6ndMSkTJbgP8jicLmn2oMGurQsXfUp8PHQH164NtYY
CoUo5Brfu53QHG22Zdcmwmbvmp9fCGKQx3GjpAqwn6zJDXxmw7Lh
CoVXTZatqWkCq7qL11ALLRVspyGEohD3RvqW7CmajJTGDwi44ALf
CoVQv47qSHsoZEERdAamqgjuax48Kt7jsmsUJANGswgrJWty1B5m
CoVAU5qQLTqJ9YYVpxvQo1sQpaWV7vVWRsgXHGJ4vv3bY4VpUfqJ
CoVQwYLMMjTZ6k1VrPV6bhvAiAYTqnX1RCcNf1nX32bZMv8AeQXn
CoUj2X8SzzvFD6asvcPW86YBPyudHmubeHvPiZC2KkFNWSwT4obG
CoVTb6js3uaF8CRgHPLbLmopfdejMAEi1aYp4aRXFp6dZWJan7ii
