test_sum_alpha:
Proof size: 2.02 KB
Proof hash: 5ed24616b53256dc405909aa8c89de9b45a8950b653aa9ce783a38a651bfa4bc
Prover_pp hash: 1f926ade220ab5cabcd93e65ba9caf313ca652b1585bf783b505cd336f7d5fbb
Verifier_pp hash: 836c1559b87ddcf92bae67d36af1714b1e49b74cfa4bd687e39643bf9803c6dc

test_pi:
Proof size: 1.94 KB
Proof hash: 64b93445b01cdead3f1c1068baf8cfc6f7be07bfaf33ac7fae5a56b4b7c95694
Prover_pp hash: 16d81eb758f7d3b322c9b1030409e923bad1cbef7825b5a326d8f40c63b09c4b
Verifier_pp hash: 94e42a89f26f18d4699b82d385ecee2a15d05f8bb639871a8c4bb11a01800177

test_pi:
Proof size: 1.94 KB
Proof hash: 7265736a429e0f27bd2beaf3d1eb0901ab8e12fa373d6ebec955a0213bf84a6d
Prover_pp hash: 16d81eb758f7d3b322c9b1030409e923bad1cbef7825b5a326d8f40c63b09c4b
Verifier_pp hash: 94e42a89f26f18d4699b82d385ecee2a15d05f8bb639871a8c4bb11a01800177

first_test_proto_rollup:
Proof size: 11.10 KB
Proof hash: 4beb5e127c96415dc8b4757ac4e178b8d2627fe37815dcd0220e1a789566b430
Prover_pp hash: 91a45ef0ca5a5145b3f58f67cdccdb851679553df94a895ec2244350e30f125d
Verifier_pp hash: 923454134df601902c0b6f7813d14fb5c4a70901844f5af29b1f61494d517700

qc:
Proof size: 8.66 KB
Proof hash: 6bc05df163dc778573c877128693f8a88ef9e52c6ccebf390c50bbe27f8ad9e3
Prover_pp hash: 6921b30a7ff6716e3bb52e3ffc01ca18012702ee6133f5763e8db98414f40d25
Verifier_pp hash: 79c49dc502f9186cf4f2d0727c5051dc3a79d6024a3e5b0326ee8d8fbf640ab4

q_w0:
Proof size: 8.73 KB
Proof hash: ff2f2f8d4ff5e4393f104eb17695a3d03f5aa803b7791822a36bc204cad63820
Prover_pp hash: 93b072c6f5dbe6e6cc0ac9457d76615fb230a7f31b401d870b12aa34c233ef28
Verifier_pp hash: d8ff3dce86570a976b1b179ceeb5bcba6c39b110816f4e834d4cc0a3cd484a4b

q_w1:
Proof size: 8.73 KB
Proof hash: b461db7ef119905933c299a7536f26a50b86abc1fe8ef48fb1549b0fc8874f6f
Prover_pp hash: fe82b9d278fd935e936ba06ef9a1681b7cb76b3a22791b5974ca9ed593d38ca9
Verifier_pp hash: 154b768085e8a39f2b6c525704d299e069b74bd02748a2e7432716473c95ff86

q_w3:
Proof size: 8.73 KB
Proof hash: 1897b1a94102e23a925e05c0676b660b761fe00c1c4fee6dec9831d3ebab243b
Prover_pp hash: 10976e5d382c8bd306813eccef5965dc18b836015d7c88fc9f64bde8f79a6ac1
Verifier_pp hash: 55536c5078de3eb6dfe5ecdffc54a2a366377761a95972d28635f7d9cb765bfa

q_w4:
Proof size: 8.73 KB
Proof hash: ed242066713d194d884390d2a8083f106dbec809ba8fc101c59d2f7b8c5baebe
Prover_pp hash: 80a1a3408a04c17a9595cd28571547d727caed9b2b210f191aa0c4f1f54b9a4f
Verifier_pp hash: aee3308592bb46e1470c8b560d9a9db28fa5c67b01866415289f146fe338fa28

q_w5:
Proof size: 8.73 KB
Proof hash: f6ba15f47a75195ac7f33625be5643f6891530804f5937919d662930239138d6
Prover_pp hash: e7f47cbf410dcd8b6ec6b8a2dcc1a776dcb3e022ef11028ac3572e66f9447833
Verifier_pp hash: 8dfeb102b190b311ff9e1657e841b84ad72443ed9f29b99584dc1dca9d55878f

q_w0g:
Proof size: 8.84 KB
Proof hash: ee202164c014d22f4068219627fe45c8b40a6282f7d5b11fddb026ef00031cd1
Prover_pp hash: 9999060c07f0f81ad7a6c8fee96c1c5a2e14f1f3477bda337806a7ef92ea1b48
Verifier_pp hash: f79f84398e7b8808672668a2f4af84d2cdfc3f16246796f2cb85777fc0d110fd

q_w1g:
Proof size: 8.84 KB
Proof hash: af6bdef0527ccfac680a796bb15dc431fefba697fa5148eef3533546be9358c0
Prover_pp hash: 943d0cae55f8fd834aa7c7b0d0ecbf9afc9c3310ed216856a633500c1bf40543
Verifier_pp hash: 00d5dd462a1725638dc3baff0c5bd33e4d52f1fa585cbb3baddcf521d4f4013f

q_w2g:
Proof size: 8.84 KB
Proof hash: 0d0e2a5f121b25f42f937e5bdaf99563196d93ff9eba6523038b5030358d710f
Prover_pp hash: 1589873ee708041edc6653072bac74a2af11e61e9b94b95ef66b9a488bdb5414
Verifier_pp hash: 8f46f4b0079e813f49074a6399eae27b078e761eccbc87e1416a624a0f0b7593

q_w3g:
Proof size: 8.84 KB
Proof hash: bd97f6e6810f1e0ad5c50e3ed72d234016bb9002cca5d5d2b63cbde8eb84ae4f
Prover_pp hash: 04e820a3789e668d87074d0bfd9b62548f71448b4be84384207606b66750dc2c
Verifier_pp hash: 4d9398addbffa45ce0632828897ad5675d68d1a0f1d8b192b75fc2ac04d24b7e

q_w4g:
Proof size: 8.84 KB
Proof hash: 07822da59680324f3a73545914cd9fcdc916af62fabe3c3593c099c655b69574
Prover_pp hash: 577eee079afd0ae59c42bd2cd47df65c671288b84e258e6889c5bfe38f79de40
Verifier_pp hash: 82bb2a1fd076ff2230ebbd1801e2dbd7094c355a1bf746923688d017306f62ed

q_w5g:
Proof size: 8.84 KB
Proof hash: 713fd601f2d47d6a4cd2f171f4cda25676ff764719fd94eb8c1e2c6768d778f0
Prover_pp hash: 78d06df07c3d86874e0a27ef5c24b77557247a5849b59a134e8c2900931d5738
Verifier_pp hash: 1816b9f4f4b86eb2d904300a6153d0bf500b7e8322bc5818d1b41675ece7d45b

qm:
Proof size: 8.66 KB
Proof hash: 488dc90cf729db3af947d53bbff188e35b323eb24a421ddf0c1b4b4060fa27b9
Prover_pp hash: 9ed155a3c471c6f65a3fa9745b110528fc3de4e6cf2850d809afd8a237a3703a
Verifier_pp hash: e90d879fa60e3ea6f40b9c0d167c96dbfa96bb68b908e547424252e450cc6760

qx2b:
Proof size: 8.73 KB
Proof hash: 0ec90ed7ef2923b335a945720ec82ee967b09bce5be63b4b4e89fb337f96bd4e
Prover_pp hash: ccbbe18ea50541bc4479a65af5010189ed9dd69729b8108c8eb4b25829e6a02a
Verifier_pp hash: f1552276beddede8baa6e8a4473824e32d3561a1458affa48d09dee39f15cee0

qx5a:
Proof size: 8.78 KB
Proof hash: 2d833c0ff6ee14962a7915fe1891d7973431ac2ef0a4f7f95d1a0d1027df78b4
Prover_pp hash: 8ee16e96618b70c8c5d99f60f8961c5dd25cf98ddc4e61f6f28b00d1dac45cc8
Verifier_pp hash: fbba85396308c9de765501267462c7452cd3c32b34bc0efb930b4f9cbae3788a

qx5c:
Proof size: 8.78 KB
Proof hash: 209edc9f8d984964f79c42ea61992cc8a9add61ff430d7cb64231329463fd570
Prover_pp hash: 9f1f9cdf2635a368a03c59970ace337555289151b3ab4b86882acd7e3a464db7
Verifier_pp hash: 59c1e77b7fe18c89ae0caa3e64961eecc921916ae4dc6ffcbf537e476058b1dc

qecc_ws_add:
Proof size: 9.05 KB
Proof hash: df99fbc9e3500074972c492523eadc7b9392b7ed9d909a98fd1d975d0d4c398b
Prover_pp hash: 6e630bb3f4d0d0139409265269f20cbf51a401b287692796eedfe16c5e01daf5
Verifier_pp hash: ec6348df3b6ec3798d106c8e0ec00b8a7f7e0d8b24350a666692d27b45bd9bc8

qecc_ed_add:
Proof size: 9.05 KB
Proof hash: 46edb896b0611cf8b60c3ec6219b41912c78be77930674cd861e1d18228a30a4
Prover_pp hash: 7a735019c5863129be2b133117babd40327175d43d68b02e5c57a42e8b95f4d0
Verifier_pp hash: 96a1be22014b696b0a41135a24b3a4f43a9af9c80ac6dcba4a60b5fb29e497f7

qecc_cond_ed_add:
Proof size: 9.23 KB
Proof hash: ba662bd89e74f145f190e80e464cfba641072179f4b9b52b7bdd87e916bed2f7
Prover_pp hash: 0c36df95b515272f098caf3fa37ee98df74ccef99deb410b228ff4f238eda8b5
Verifier_pp hash: 6486c56457c76024fc5b32b31633c4c5a1d25638c45189e4e6bfd8355f518156

qbool:
Proof size: 8.77 KB
Proof hash: 037ee113542c70b13915b6fe86e554bd86529c4d7d0b7eaa3c5fa7b3903edcf1
Prover_pp hash: 370748754db8854b9e003c53aa7bb93b79b0be4011ddb7455a0ebf873c375151
Verifier_pp hash: de71727f1db1276cd2513d950b167d267b7cfedff4b87f2906425b30b6e19cdf

qcond_swap:
Proof size: 8.95 KB
Proof hash: 1b2b8b3d0c2b2ce8cd90386eb88b9a6437e6370e2614e49ce3159e2120a1314b
Prover_pp hash: 41166b938ae22bb3f55914bb7969cec11a0569c27510bbd46c4a5b0513a36633
Verifier_pp hash: a3d1182ad5d9ee975eca22dd8c5afc3cfbba3b97ded5e74301d7db0d37c183ea

q_anemoi:
Proof size: 10.26 KB
Proof hash: 0b22ed9a3cf92f1aa1163ec71df87e1745dc92cdf778183f49bb8aa9057c032c
Prover_pp hash: 14aafee2014cf97a4d939d684cd25d6dcae68611e014d76d5ebb805268dd3c16
Verifier_pp hash: b69f35a9ed7b4322441ce4ff5d2c01e291972fa66e579c8b6a4de45d594e574f

no_public_inputs:
Proof size: 10.44 KB
Proof hash: 682c76c111ae9a9bfe51acb0598bac750e18b98358759897e48a0d732185071a
Prover_pp hash: 285bec9759a6199f21c194eeb92c78de3800bf9134b4819a38744d8c042e9980
Verifier_pp hash: 841c6221e31e96901ff18f6d6dca22ec722edebaa4b6e6557bf1321b7786a7e1

RC_single_valid:
Proof size: 10.41 KB
Proof hash: 0f2b912c3dff1b28c5a051cc4336c3e22bbea60b391a9f022eacd6b60e433de4
Prover_pp hash: 22975f45a8587f41035f9c2e24003dd579f5a035325cf29428eebceee61c9d53
Verifier_pp hash: ceb19716c165a0990b33f3029cbd60ad6568d6ce3c7e4b47780bfd9c41961887

basic:
Proof size: 11.28 KB
Proof hash: 76fd7ea49bc974ebb7e137c02fa6ac15b04b179b475fc1ae4d628dcdf1cee655
Prover_pp hash: 88da48635a7f160b3de22bd29b6653fb484f580504603507b006685e4ef6c92e
Verifier_pp hash: 20000823d7d7decc1136f28afeb8ddf106ad97e14fb5f81b916853582176aaa1

add_mod_2^255-19.no_wrap_around:
Proof size: 9.75 KB
Proof hash: 9c33a99a377a9fc70d360adf9aa3fe0356910e1129b6673a8d415be50dbc14c1
Prover_pp hash: 38f3b60363f281645cafa22df969566b3299fc5cf480abb9afb03c1c085e3772
Verifier_pp hash: 62625cbc31bcd389368f647347c8ef8d3c55e9bb1b6f9581516ec7eae0b6893b

add_mod_2^255-19.wrap_around:
Proof size: 9.65 KB
Proof hash: bac1d1361ce79c5aab86119b1daa8d3d4e30d1b0ca1acd89a5ce5f736b1fdee1
Prover_pp hash: c7ffe34ca4920e9a1af9d92c34b31c9267b1acc4aa7627f62b7d2e5a05bd4567
Verifier_pp hash: ccd9c579a0fab7ce813c01de16da4ef4b0daeebfb71bac107ae6158823ee7541

add_mod_2^255-19.non-std out:
Proof size: 9.65 KB
Proof hash: 71b02a0a0d6939f52b3dd89f14f451776fa6357444c203ac815c64114660cb1e
Prover_pp hash: 4cf4974f2f3d8cc64128bad013fb19c7123fe58cda9995ef9f70f647dd1deb20
Verifier_pp hash: ccbf77d4b2003c3e7911d33624f68d9f0434003f8d128ba8c7adec3d5364a006

sub_mod_2^255-19.no_wrap_around:
Proof size: 9.75 KB
Proof hash: 6332d024564b48f61111cf7d8a8dc8698ab968d84a0cc465d88893bea7494d1d
Prover_pp hash: 9287307a9e2a10b77b073858d29fa5bc6dd12636475949aadbb8c2a252d0f119
Verifier_pp hash: 70dd87318a6f086de1621c457f601bc396f9f2197136ff433c870e6c19fe89c7

sub_mod_2^255-19.wrap_around:
Proof size: 9.65 KB
Proof hash: f065581ed11248a7cf86d76c6f431da414306ceb813ab0552b3788b544003f78
Prover_pp hash: 36db926cf85b4ec5cd8d20ec4064ad2a1c42091cc051528e10c8f4f98d558ce9
Verifier_pp hash: 47126526f00693e1ab581a39e71d80d6667be2c87c2ec7826ca8495b7b11239b

bnot:
Proof size: 9.95 KB
Proof hash: 6188f96570debac8fd048e5dfa8e1d7039abf328306d0a4276c091f92c31a491
Prover_pp hash: f9fda7364b30b46ec12f186250546e2ee1d0c45d7d018085348130c12d9e3e95
Verifier_pp hash: 3b2aa9acefe455f7df1d359cd9fbe2eb35241f19f645affad0c397ed0ece553d

zero_values:
Proof size: 10.27 KB
Proof hash: a8389ef046429ec8e33570319236583705ba4da6e90abe103bda2eea8f7034c8
Prover_pp hash: ee5ab9a6f95acd35de4dfe09de116df5a5ce2162b4e46b7634cf1ab5e0d23511
Verifier_pp hash: e1a46365519cd08b62caf065e857975afe6deb0c04d2179c5741d811ae1cdc20

non_zero_values:
Proof size: 10.41 KB
Proof hash: 074bbd1bc93ecd11f26eaffa56d433eed180c46210831c80847ddddea8a34896
Prover_pp hash: 686b0e39e1fd82317f05c2fa89558e2aa8b838b2da4fca194dbde4548e99f246
Verifier_pp hash: f87c9a190960f79c6fb479067fe2872441a355fdb27f9a41cb87f915cd5dd352

big_circuit.2.5+big_circuit.2.5:
Proof size: 10.34 KB
Proof hash: 5dd83aaab0c992cb9ce5d452c25820bce44425fc419fd06c0c24bc352cda87e1
Prover_pp hash: 5201436b4a93449cbae4aae696b57cacd02346f8d213b605ecc931927adf7966
Verifier_pp hash: 3635037f7400ee4653576f85a949e831cf218a1598f9479e3dafa757c3d9cbda

upper_bound_no_pi_ql:
Proof size: 8.73 KB
Proof hash: 4cfeb54ee4a5ad419f9437459d894d13f31df4e7f1ec8e3f46f2856499998fb8
Prover_pp hash: 65702e53389c64f5ca5296ef500d4284c72a4ba8e403b08437ee48259459e351
Verifier_pp hash: 8eb02dbc04c8a2b803696d21e7852fa8dd23ca4a73d393d3534bec439532d9fe

upper_bound_no_pi_qlg:
Proof size: 8.84 KB
Proof hash: 84dc08497e4d5718f0529ee0487ef2d42ef8af459c4e2a785bccc0121a1a4bc3
Prover_pp hash: 14d079dd40290e96ff9aafec6bd7da7118b6b604a4893c00afaeae7195cc9d43
Verifier_pp hash: d93047a70dece0bc8d129c4af5a97614fc6d3cdbd7d2d635319c757b7a408391

upper_bound_no_pi_RC:
Proof size: 11.28 KB
Proof hash: a182ec1094ac202e5aa97449a2f10f151e6e0ca549fcc2079c1574250f00731d
Prover_pp hash: 8d62242103e8c9ea91c915cf9cacf50ce728b2f9f082d3b468527c283a06c021
Verifier_pp hash: cce58aecd3a8702a34f7767a02d68d8fcef82eaac1c4ca8d0b1609439917c7d8

upper_bound_pi:
Proof size: 11.56 KB
Proof hash: a7ad00977f0c71a4e2a51e9de83ac2291bd08a726bfa8e2dcacbb6e2815e3dce
Prover_pp hash: 2203e40e351ff290cfca76aac3bf5f4316130d00a78c3979c68e7244fec7edd3
Verifier_pp hash: 3e98b6297fa8139d1f3a0902116e003cf3250d7ac4d7608327f04218974b2435

qc+q_w0+q_w1+q_w3+q_w4:
Proof size: 22.29 KB
Proof hash: 34118af7f6238482175892d1be310a08ef3e4d4beb726d27f90c9530a08eb1cd
Prover_pp hash: 34d5fd42c9ecb1099ec1866e8af50ab036291b2a192ed06aadb48f096e4c560e
Verifier_pp hash: 919c406bd8ce36e8e3d1a36c422fe37b3abf593ae2200ef600e3c5cc43f41792

qc+basic+basic:
Proof size: 13.73 KB
Proof hash: b15dc2e5cc53a92bf067334e46e955964cae04fc654dc268eeaddfcad0ad177b
Prover_pp hash: 4b85e28cb112bbb8f022a2ef3959c76f6ce334a13adb57adbb52fe5ce0ac6291
Verifier_pp hash: c2cbefd3144609f45a135a28cfda9ff8e37b67ce8c63609890b935acc4966be7

non_zero_values+non_zero_values+zero_values:
Proof size: 14.40 KB
Proof hash: 9c0851703f62455d5ae280306433e67432ba06065279b092123e43cbbc6a07a9
Prover_pp hash: f9edd187b8be5f6c2c378568aa0c96d2234afcd1d78adc911c2ba8e51cc66368
Verifier_pp hash: 7dfe67b03e58ed43f12b5f9930a9f676a1111a061f123823a94751e7a944df74

q_w0g+q_w1g+non_zero_values+zero_values:
Proof size: 20.74 KB
Proof hash: fa97d355ee484f073d4418e1b63be555aef0692ba49ce73a197f7889dbeb5451
Prover_pp hash: 59a84bf71a28c60da38ec98d64d12308e446f3f380b12892b28398fe1aac3634
Verifier_pp hash: 43de5370886d873b2bd04f1819c080d56021ac0e40c5110c1371b75e7d0ab1a2

