test_sum_alpha:
Proof size: 2.02 KB
Proof hash: 5ed24616b53256dc405909aa8c89de9b45a8950b653aa9ce783a38a651bfa4bc
Prover_pp hash: 1f926ade220ab5cabcd93e65ba9caf313ca652b1585bf783b505cd336f7d5fbb
Verifier_pp hash: 836c1559b87ddcf92bae67d36af1714b1e49b74cfa4bd687e39643bf9803c6dc

test_pi:
Proof size: 1.94 KB
Proof hash: 64b93445b01cdead3f1c1068baf8cfc6f7be07bfaf33ac7fae5a56b4b7c95694
Prover_pp hash: 16d81eb758f7d3b322c9b1030409e923bad1cbef7825b5a326d8f40c63b09c4b
Verifier_pp hash: 94e42a89f26f18d4699b82d385ecee2a15d05f8bb639871a8c4bb11a01800177

test_pi:
Proof size: 1.94 KB
Proof hash: 7265736a429e0f27bd2beaf3d1eb0901ab8e12fa373d6ebec955a0213bf84a6d
Prover_pp hash: 16d81eb758f7d3b322c9b1030409e923bad1cbef7825b5a326d8f40c63b09c4b
Verifier_pp hash: 94e42a89f26f18d4699b82d385ecee2a15d05f8bb639871a8c4bb11a01800177

first_test_proto_rollup:
Proof size: 11.10 KB
Proof hash: 4beb5e127c96415dc8b4757ac4e178b8d2627fe37815dcd0220e1a789566b430
Prover_pp hash: 91a45ef0ca5a5145b3f58f67cdccdb851679553df94a895ec2244350e30f125d
Verifier_pp hash: 923454134df601902c0b6f7813d14fb5c4a70901844f5af29b1f61494d517700

compare_protos : aplonk:
Proof size: 11.14 KB
Proof hash: 814eb689472c606859decff93e90f1e689901c6dd76da73568b1c987bca38441
Prover_pp hash: 69c0c77306c2b7408157059a5b4a1174516790017ada3295f80a5834af16e8ac
Verifier_pp hash: 28549c8a8ecbc3a0ffca4d457c6b6db8bc330dd98ab75ab9b1bd4b710e06e468

compare_protos : Pack:
Proof size: 3.56 KB
Proof hash: e67f860ffc1790eb0cdec7069126e9f57da937cca4b85717a8731e34a604ca6b
Prover_pp hash: 8d95fe018ef8d79a23b79c5d372d5bdc7470e79853225956167a74dbfd09cc71
Verifier_pp hash: 9fdf1b72c5db53d129a7368990b7362ff0c9789aab39ba5d67fdb6153422cb5c

qc:
Proof size: 8.66 KB
Proof hash: b0ad0deb90bcad590045e24dce8560694cfbe3bac03b80d9bc8ba8d2d0e66ea9
Prover_pp hash: 6921b30a7ff6716e3bb52e3ffc01ca18012702ee6133f5763e8db98414f40d25
Verifier_pp hash: 79c49dc502f9186cf4f2d0727c5051dc3a79d6024a3e5b0326ee8d8fbf640ab4

q_w0:
Proof size: 8.73 KB
Proof hash: dad79c2a6e42fabac7a01cafafd7091f6d8a5b5eac85da2548cf035109c3b37b
Prover_pp hash: 93b072c6f5dbe6e6cc0ac9457d76615fb230a7f31b401d870b12aa34c233ef28
Verifier_pp hash: d8ff3dce86570a976b1b179ceeb5bcba6c39b110816f4e834d4cc0a3cd484a4b

q_w1:
Proof size: 8.73 KB
Proof hash: e8e2cfe0926b4db9299c35f8311f7271fd6deb2bf0940fa22550272d627e5221
Prover_pp hash: fe82b9d278fd935e936ba06ef9a1681b7cb76b3a22791b5974ca9ed593d38ca9
Verifier_pp hash: 154b768085e8a39f2b6c525704d299e069b74bd02748a2e7432716473c95ff86

q_w3:
Proof size: 8.73 KB
Proof hash: cbf4334c1243dde6ee6f4eb73bea79b4ff368bca159900d82d4143fcccf72c24
Prover_pp hash: 10976e5d382c8bd306813eccef5965dc18b836015d7c88fc9f64bde8f79a6ac1
Verifier_pp hash: 55536c5078de3eb6dfe5ecdffc54a2a366377761a95972d28635f7d9cb765bfa

q_w4:
Proof size: 8.73 KB
Proof hash: 17d31f9bc268e82cb3b7323d0da96184ce5fa15262cd5b4f569cc8cc6e0ed44a
Prover_pp hash: 80a1a3408a04c17a9595cd28571547d727caed9b2b210f191aa0c4f1f54b9a4f
Verifier_pp hash: aee3308592bb46e1470c8b560d9a9db28fa5c67b01866415289f146fe338fa28

q_w5:
Proof size: 8.73 KB
Proof hash: 525f674b77dd8da955eee8fbdc11d12894131e998ce912bc894b27b1a3ead716
Prover_pp hash: e7f47cbf410dcd8b6ec6b8a2dcc1a776dcb3e022ef11028ac3572e66f9447833
Verifier_pp hash: 8dfeb102b190b311ff9e1657e841b84ad72443ed9f29b99584dc1dca9d55878f

q_w0g:
Proof size: 8.84 KB
Proof hash: a1ee98e52f879238edc37e928e96f025e5cee09cf848ba48ea5e0d639b914474
Prover_pp hash: 9999060c07f0f81ad7a6c8fee96c1c5a2e14f1f3477bda337806a7ef92ea1b48
Verifier_pp hash: f79f84398e7b8808672668a2f4af84d2cdfc3f16246796f2cb85777fc0d110fd

q_w1g:
Proof size: 8.84 KB
Proof hash: b4a7e65a8b17387d40370aef199f2c8f109bd48535dd090aaa2f56ea3f32bd50
Prover_pp hash: 943d0cae55f8fd834aa7c7b0d0ecbf9afc9c3310ed216856a633500c1bf40543
Verifier_pp hash: 00d5dd462a1725638dc3baff0c5bd33e4d52f1fa585cbb3baddcf521d4f4013f

q_w2g:
Proof size: 8.84 KB
Proof hash: e243918bb2c8afffcc823c49bac63b7258157e64833e42b81fc252a4f7c463da
Prover_pp hash: 1589873ee708041edc6653072bac74a2af11e61e9b94b95ef66b9a488bdb5414
Verifier_pp hash: 8f46f4b0079e813f49074a6399eae27b078e761eccbc87e1416a624a0f0b7593

q_w3g:
Proof size: 8.84 KB
Proof hash: 0ecb68376dfc9b5b7a1b664a59426b69e4a0d6b1583589643cf733d85e67053d
Prover_pp hash: 04e820a3789e668d87074d0bfd9b62548f71448b4be84384207606b66750dc2c
Verifier_pp hash: 4d9398addbffa45ce0632828897ad5675d68d1a0f1d8b192b75fc2ac04d24b7e

q_w4g:
Proof size: 8.84 KB
Proof hash: 871393f1e77d2a857d5e2afaf0ba701db37c384f6cae28bf9d8e0ef782a75a37
Prover_pp hash: 577eee079afd0ae59c42bd2cd47df65c671288b84e258e6889c5bfe38f79de40
Verifier_pp hash: 82bb2a1fd076ff2230ebbd1801e2dbd7094c355a1bf746923688d017306f62ed

q_w5g:
Proof size: 8.84 KB
Proof hash: 7aacc77c7e2574d7889e16c050e3630de9418ef4cc0f1056b0bf05e5185697e7
Prover_pp hash: 78d06df07c3d86874e0a27ef5c24b77557247a5849b59a134e8c2900931d5738
Verifier_pp hash: 1816b9f4f4b86eb2d904300a6153d0bf500b7e8322bc5818d1b41675ece7d45b

qm:
Proof size: 8.66 KB
Proof hash: 64065650a2930d1701f7cd2ff0b6a7e664ad9e90fc4119e95eb376ac2f651967
Prover_pp hash: 9ed155a3c471c6f65a3fa9745b110528fc3de4e6cf2850d809afd8a237a3703a
Verifier_pp hash: e90d879fa60e3ea6f40b9c0d167c96dbfa96bb68b908e547424252e450cc6760

qx2b:
Proof size: 8.73 KB
Proof hash: b7a0371814796640dc6aed4d95959dd195421000af0cac3568dc61022264d0f3
Prover_pp hash: ccbbe18ea50541bc4479a65af5010189ed9dd69729b8108c8eb4b25829e6a02a
Verifier_pp hash: f1552276beddede8baa6e8a4473824e32d3561a1458affa48d09dee39f15cee0

qx5a:
Proof size: 8.78 KB
Proof hash: 39babdbac834dec7b1e67acbbdedd51ebd6c3a424ccce07c6dff9f1998e04bb2
Prover_pp hash: 8ee16e96618b70c8c5d99f60f8961c5dd25cf98ddc4e61f6f28b00d1dac45cc8
Verifier_pp hash: fbba85396308c9de765501267462c7452cd3c32b34bc0efb930b4f9cbae3788a

qx5c:
Proof size: 8.78 KB
Proof hash: fed94ae4843510c6a9bba10ecf13e15651c63255fb615108d2b2778cabda21ca
Prover_pp hash: 9f1f9cdf2635a368a03c59970ace337555289151b3ab4b86882acd7e3a464db7
Verifier_pp hash: 59c1e77b7fe18c89ae0caa3e64961eecc921916ae4dc6ffcbf537e476058b1dc

qecc_ws_add:
Proof size: 9.05 KB
Proof hash: 4cc318a45502d803f5df8183bf56035b5373e7f79d86da4eda93438156b8a3fa
Prover_pp hash: 6e630bb3f4d0d0139409265269f20cbf51a401b287692796eedfe16c5e01daf5
Verifier_pp hash: ec6348df3b6ec3798d106c8e0ec00b8a7f7e0d8b24350a666692d27b45bd9bc8

qecc_ed_add:
Proof size: 9.05 KB
Proof hash: d3b0269daf28c8f46db1e74c468070669cbf3711cf3e5d20794e44a608b0aaad
Prover_pp hash: 7a735019c5863129be2b133117babd40327175d43d68b02e5c57a42e8b95f4d0
Verifier_pp hash: 96a1be22014b696b0a41135a24b3a4f43a9af9c80ac6dcba4a60b5fb29e497f7

qecc_cond_ed_add:
Proof size: 9.23 KB
Proof hash: 16a753e1ab411c155ea8d26d6b0da761330c424860231a7104b9359385a368ff
Prover_pp hash: 0c36df95b515272f098caf3fa37ee98df74ccef99deb410b228ff4f238eda8b5
Verifier_pp hash: 6486c56457c76024fc5b32b31633c4c5a1d25638c45189e4e6bfd8355f518156

qbool:
Proof size: 8.77 KB
Proof hash: bd45dbe635ca4a0a691bbfeffc64e3695d046757354371fe05500a2cacb7f127
Prover_pp hash: 370748754db8854b9e003c53aa7bb93b79b0be4011ddb7455a0ebf873c375151
Verifier_pp hash: de71727f1db1276cd2513d950b167d267b7cfedff4b87f2906425b30b6e19cdf

qcond_swap:
Proof size: 8.95 KB
Proof hash: 22efd3d1f7829f0b07f09519ad17a2c62ed687b17fcc14dc4ebc220d269fdf99
Prover_pp hash: 41166b938ae22bb3f55914bb7969cec11a0569c27510bbd46c4a5b0513a36633
Verifier_pp hash: a3d1182ad5d9ee975eca22dd8c5afc3cfbba3b97ded5e74301d7db0d37c183ea

q_anemoi:
Proof size: 10.26 KB
Proof hash: 729cd19e9fbd7bfb325e5284d544a59fa926937afe8f80069a997e4a563e9ea2
Prover_pp hash: 14aafee2014cf97a4d939d684cd25d6dcae68611e014d76d5ebb805268dd3c16
Verifier_pp hash: b69f35a9ed7b4322441ce4ff5d2c01e291972fa66e579c8b6a4de45d594e574f

no_public_inputs:
Proof size: 10.44 KB
Proof hash: dbb81799135017c1a5e774cc5745e849148e6d11cbb442ac1074b43e35aaca38
Prover_pp hash: 285bec9759a6199f21c194eeb92c78de3800bf9134b4819a38744d8c042e9980
Verifier_pp hash: 841c6221e31e96901ff18f6d6dca22ec722edebaa4b6e6557bf1321b7786a7e1

RC_single_valid:
Proof size: 10.41 KB
Proof hash: 9f028d3cc7566181c92d431fbc7cbdc9d9e999a1fc80dd33fe87e1552a2136d1
Prover_pp hash: 22975f45a8587f41035f9c2e24003dd579f5a035325cf29428eebceee61c9d53
Verifier_pp hash: ceb19716c165a0990b33f3029cbd60ad6568d6ce3c7e4b47780bfd9c41961887

basic:
Proof size: 11.28 KB
Proof hash: f5fa3477ee2ddb3f14b194e4dc4e410b10443c11b185f1a46818418bd11aa857
Prover_pp hash: 88da48635a7f160b3de22bd29b6653fb484f580504603507b006685e4ef6c92e
Verifier_pp hash: 20000823d7d7decc1136f28afeb8ddf106ad97e14fb5f81b916853582176aaa1

add_mod_2^255-19.no_wrap_around:
Proof size: 9.75 KB
Proof hash: e4d9acb509c23bf4f12a394780bcce1df0034b71c311d454bec51b2465a8c555
Prover_pp hash: 38f3b60363f281645cafa22df969566b3299fc5cf480abb9afb03c1c085e3772
Verifier_pp hash: 62625cbc31bcd389368f647347c8ef8d3c55e9bb1b6f9581516ec7eae0b6893b

add_mod_2^255-19.wrap_around:
Proof size: 9.65 KB
Proof hash: 0bfb7b564c251ccf556559b7cc0c2b7a820c3c748ee3934bec93c6848643d53f
Prover_pp hash: c7ffe34ca4920e9a1af9d92c34b31c9267b1acc4aa7627f62b7d2e5a05bd4567
Verifier_pp hash: ccd9c579a0fab7ce813c01de16da4ef4b0daeebfb71bac107ae6158823ee7541

add_mod_2^255-19.non-std out:
Proof size: 9.65 KB
Proof hash: 2e213d0c54ee444dbc5dc04ce86aa6a202fddc8d139f3fe316c4f3d86eaf8bf0
Prover_pp hash: 4cf4974f2f3d8cc64128bad013fb19c7123fe58cda9995ef9f70f647dd1deb20
Verifier_pp hash: ccbf77d4b2003c3e7911d33624f68d9f0434003f8d128ba8c7adec3d5364a006

sub_mod_2^255-19.no_wrap_around:
Proof size: 9.75 KB
Proof hash: 6bd52337825246209bf96033399b32db36882b51c8a7e0dd3507ddbd2e590f55
Prover_pp hash: 9287307a9e2a10b77b073858d29fa5bc6dd12636475949aadbb8c2a252d0f119
Verifier_pp hash: 70dd87318a6f086de1621c457f601bc396f9f2197136ff433c870e6c19fe89c7

sub_mod_2^255-19.wrap_around:
Proof size: 9.65 KB
Proof hash: 6005dbf15eda991ad29579d51a13386f6763bc668065bdf72ea470ecde3247b1
Prover_pp hash: 36db926cf85b4ec5cd8d20ec4064ad2a1c42091cc051528e10c8f4f98d558ce9
Verifier_pp hash: 47126526f00693e1ab581a39e71d80d6667be2c87c2ec7826ca8495b7b11239b

bnot:
Proof size: 9.95 KB
Proof hash: 32482320afccc2b3e6a3fcbcfeb2905411336dfd3e7f717795e90cb114d53137
Prover_pp hash: f9fda7364b30b46ec12f186250546e2ee1d0c45d7d018085348130c12d9e3e95
Verifier_pp hash: 3b2aa9acefe455f7df1d359cd9fbe2eb35241f19f645affad0c397ed0ece553d

zero_values:
Proof size: 10.27 KB
Proof hash: fa208e2f833f1a030fd7d5e57ba8bd05874117dfa8e106ebe9d213cafc70d6a1
Prover_pp hash: ee5ab9a6f95acd35de4dfe09de116df5a5ce2162b4e46b7634cf1ab5e0d23511
Verifier_pp hash: e1a46365519cd08b62caf065e857975afe6deb0c04d2179c5741d811ae1cdc20

non_zero_values:
Proof size: 10.41 KB
Proof hash: baba6cefb65a4e1cf096aa11bf3935aeb8e15ee69c1a692603fddc67876e1bff
Prover_pp hash: 686b0e39e1fd82317f05c2fa89558e2aa8b838b2da4fca194dbde4548e99f246
Verifier_pp hash: f87c9a190960f79c6fb479067fe2872441a355fdb27f9a41cb87f915cd5dd352

big_circuit.2.5+big_circuit.2.5:
Proof size: 10.34 KB
Proof hash: 2080b1c3b9c9825ab5d02ebdad6ef29f6a467937caaf6ff04491379b4263bf62
Prover_pp hash: 5201436b4a93449cbae4aae696b57cacd02346f8d213b605ecc931927adf7966
Verifier_pp hash: 3635037f7400ee4653576f85a949e831cf218a1598f9479e3dafa757c3d9cbda

upper_bound_no_pi_ql:
Proof size: 8.73 KB
Proof hash: 079bfe8dd1bf6c685ae3206c8bd42e349c7eacc881b6d005886bc1683bb67032
Prover_pp hash: 65702e53389c64f5ca5296ef500d4284c72a4ba8e403b08437ee48259459e351
Verifier_pp hash: 8eb02dbc04c8a2b803696d21e7852fa8dd23ca4a73d393d3534bec439532d9fe

upper_bound_no_pi_qlg:
Proof size: 8.84 KB
Proof hash: 64b61704b0591244ff04244219d9099eab864b39a5559e61b14ba93fddc93556
Prover_pp hash: 14d079dd40290e96ff9aafec6bd7da7118b6b604a4893c00afaeae7195cc9d43
Verifier_pp hash: d93047a70dece0bc8d129c4af5a97614fc6d3cdbd7d2d635319c757b7a408391

upper_bound_no_pi_RC:
Proof size: 11.28 KB
Proof hash: c02d89bd3f2c8ad9fdfd710af758fe86d83e390e17dbfde6c9f60263033fa9bf
Prover_pp hash: 8d62242103e8c9ea91c915cf9cacf50ce728b2f9f082d3b468527c283a06c021
Verifier_pp hash: cce58aecd3a8702a34f7767a02d68d8fcef82eaac1c4ca8d0b1609439917c7d8

upper_bound_pi:
Proof size: 11.56 KB
Proof hash: 95be6a32ef44aa3bf6010f7dee7fda11167c102993924502cbc329038fe8ee83
Prover_pp hash: cf7feafe52058c7c7cd06d31c7f7d661b3af6b18b3f3c148737c813254cfa6b7
Verifier_pp hash: e0c0127b83af1e2103385784b5dafc1b066db3af7750a033612eb4d8f2205898

qc+q_w0+q_w1+q_w3+q_w4:
Proof size: 22.29 KB
Proof hash: d9ca430fd5a09cbb3fea04e4c84f5814a064719fada47675c2d6eabd349df321
Prover_pp hash: 34d5fd42c9ecb1099ec1866e8af50ab036291b2a192ed06aadb48f096e4c560e
Verifier_pp hash: 919c406bd8ce36e8e3d1a36c422fe37b3abf593ae2200ef600e3c5cc43f41792

qc+basic+basic:
Proof size: 13.73 KB
Proof hash: 1e0b314af65eb16757c1cb9953faf8387c900e7a92b02bf5e138012e006b068f
Prover_pp hash: 4b85e28cb112bbb8f022a2ef3959c76f6ce334a13adb57adbb52fe5ce0ac6291
Verifier_pp hash: c2cbefd3144609f45a135a28cfda9ff8e37b67ce8c63609890b935acc4966be7

non_zero_values+non_zero_values+zero_values:
Proof size: 14.40 KB
Proof hash: a3cb50ef2b93865858419944430420c55398e8f60ba5add08cbc5d1179b7396f
Prover_pp hash: f9edd187b8be5f6c2c378568aa0c96d2234afcd1d78adc911c2ba8e51cc66368
Verifier_pp hash: 7dfe67b03e58ed43f12b5f9930a9f676a1111a061f123823a94751e7a944df74

q_w0g+q_w1g+non_zero_values+zero_values:
Proof size: 20.74 KB
Proof hash: b2f0eecbde94ab633aba802c7f12c704a4c7a47c05b0392be4b4b2eb25a71ca6
Prover_pp hash: 59a84bf71a28c60da38ec98d64d12308e446f3f380b12892b28398fe1aac3634
Verifier_pp hash: 43de5370886d873b2bd04f1819c080d56021ac0e40c5110c1371b75e7d0ab1a2

