

{
  "opponent": "tz1gjaF81ZRRvdzjobyfVNsAeSC6PScjfQwN",
  "start_tick": "0",
  "end_tick": "417",
  "dissection": [
    {
      "state": "srs136U2KJweAXf7Excw61Zeu5R5L7mi2TCb1WKkowQJ6UdHJ2VZWS",
      "tick": "0"
    },
    {
      "state": "srs12KVwNgjxqsN52bnhKFeduQZ5qW8Uk5C62Bnwp28g6hvd6KHsF3",
      "tick": "13"
    },
    {
      "state": "srs11oDvB3s9YEJC4YT6Wz9A4ijLL4b74cNzDasZw1w6Qj3SLiRYzR",
      "tick": "26"
    },
    {
      "state": "srs12V24s2ABdKqQdVWgMDMUgwiP25fY1xfjLu1RgrZNs8YTQpdGxE",
      "tick": "39"
    },
    {
      "state": "srs13NFkPmLGpWnFDs2LtSdwsnFDqXnbktPi3atcSdeuwzJg4stKPX",
      "tick": "52"
    },
    {
      "state": "srs131qBXn8scQR7agxoUNRUXbQRU1q6kUkE32zffSic74owjmLWAQ",
      "tick": "65"
    },
    {
      "state": "srs12KyEDzDHSPwKwkhQ2RFErNyHCxS4ZSW9QbkYmAQ6wxsjjdF9BV",
      "tick": "78"
    },
    {
      "state": "srs12hZ5qWevvrSbWuNcd3ZepRPKifq5H5qfbh5ncYoNv5jYCKGNvL",
      "tick": "91"
    },
    {
      "state": "srs12ZbwNXWB51u7T629CoxQeCPayaYupeqsD9UM4DvAPCJhWf7118",
      "tick": "104"
    },
    {
      "state": "srs11crcwCX1J9JnywKd7CrfgdvG8jd8Z7GySYyYt2yvppVUDYLvyL",
      "tick": "117"
    },
    {
      "state": "srs135eioAYiSmfE2uJAnQY62pTaaRiwLSoemeCa7xbka5FUQWbroj",
      "tick": "130"
    },
    {
      "state": "srs124sPEaf6Vn9bpt7B8Rp5p31ZVdibXD5QToEhBBGYo84kSNy79J",
      "tick": "143"
    },
    {
      "state": "srs11exQJNe7ZBDQFre2w2ffR4Gj4sXVf9GBM1LfcGJeomvktbhpty",
      "tick": "156"
    },
    {
      "state": "srs12SwnSG2Y6rVHaPi4FeF818BAU3TQkSCTsYXvgsQgos4H4rZtxt",
      "tick": "169"
    },
    {
      "state": "srs12yTYSuTPTRrxVxVz5saYzCxKiPVyv6qhP3orMhxZVZPtcQ4Wst",
      "tick": "182"
    },
    {
      "state": "srs13NAjL3PbKmDok9bRhR37FjpqjXTRBQs8PKUQFvNsNU9yTeuKDz",
      "tick": "195"
    },
    {
      "state": "srs128MEUYHgttegbA649cmAqMasyEqysbrJM67bqLiJgjo7a46mVH",
      "tick": "208"
    },
    {
      "state": "srs12cq6gbnx9KQeNgFbcPvvWnWJ3dYrjEvfDErcnxfBL1fbwzRbk9",
      "tick": "221"
    },
    {
      "state": "srs11o3hPGbin9XbNCfHYHcRjTqaQ3iTPQ2q9jXhWtoU7c3xdRmSv8",
      "tick": "234"
    },
    {
      "state": "srs13NHd4t8fB7LCPBrZFGBHxgo88PwhhbGPPfxxfeTi9PLhiQi6PL",
      "tick": "247"
    },
    {
      "state": "srs12Cw3uFGAoH2tRVfvNuiJ76YTQxsSXaYkdR6HYC2sf3msmjAMJw",
      "tick": "260"
    },
    {
      "state": "srs12g3yhapcWKs6UAkkHHaK6DAh8tCBsoPa3uDCBjWaTuwr7c5M7y",
      "tick": "273"
    },
    {
      "state": "srs133a2CPbmEmpcCQosLwxP3eMz2eZVRUEBw8cgZ5edatU3z681nM",
      "tick": "286"
    },
    {
      "state": "srs11VePFpWZaTMzFH711HSt17LZRnFmRgBGA39yWc8pm9QMd2tUZP",
      "tick": "299"
    },
    {
      "state": "srs12oW5AK6qVBoNfnY5pL9TKxYWWj2EUgSCGdNPMHP4qmxmpjfCYZ",
      "tick": "312"
    },
    {
      "state": "srs12VucyE8hDZgPWwf1y5gkdyKeMxoURKmauUZVHJ1VEotMKoG8KE",
      "tick": "325"
    },
    {
      "state": "srs12gZypuxXdZhP33YQbF4JMvhyZKfKacr4M8UzHs7d5cSEmDRpFb",
      "tick": "338"
    },
    {
      "state": "srs12BUqkwJRJELmczcGdhPgSSDHq2MohU7vvE69nEcKCXA9W8icpb",
      "tick": "351"
    },
    {
      "state": "srs12tkhLSnjXufvDd5AK1AW9mhWu34AfjVoFaSfnQSumivfVMPuvm",
      "tick": "364"
    },
    {
      "state": "srs12pU6QrWaMpdMo8CgWpWfYYZqGpPVJ5goDSai1Ve9g8Yxj5sU75",
      "tick": "377"
    },
    {
      "state": "srs12rHE5y5Fpw8trosPR4DChTQFtWgRtUhcNFJ7emYnekWT5Ab3kT",
      "tick": "390"
    },
    {
      "state": "srs13NKddaZeqsd32uzZ8XwTuhe9GhQ4ogctiNd2CuVHV41qG9AQBw",
      "tick": "403"
    },
    {
      "state": "srs11mMhTriCDzTXN7HQrnnCUFK8QdMiuDGxUnZKBFGn4n6ePdSCTR",
      "tick": "417"
    }
  ]
}


{
  "opponent": "tz1gjaF81ZRRvdzjobyfVNsAeSC6PScjfQwN",
  "start_tick": "237",
  "end_tick": "238",
  "dissection": [
    {
      "state": "srs11U1EBrdRPSpWXvP9jPCurMrLyahpCFoapU7k5JmkCkFWuCTUb6",
      "tick": "237"
    },
    {
      "state": "srs13DjfJBapnY27BBdbQHvXkF24UjQiTBQN5MpB5AvoaBAYHx6sG2",
      "tick": "238"
    }
  ]
}
