

{
  "opponent": "tz1gjaF81ZRRvdzjobyfVNsAeSC6PScjfQwN",
  "start_tick": "0",
  "end_tick": "417",
  "dissection": [
    {
      "state": "srs136U2KJweAXf7Excw61Zeu5R5L7mi2TCb1WKkowQJ6UdHJ2VZWS",
      "tick": "0"
    },
    {
      "state": "srs12KVwNgjxqsN52bnhKFeduQZ5qW8Uk5C62Bnwp28g6hvd6KHsF3",
      "tick": "13"
    },
    {
      "state": "srs11oDvB3s9YEJC4YT6Wz9A4ijLL4b74cNzDasZw1w6Qj3SLiRYzR",
      "tick": "26"
    },
    {
      "state": "srs12V24s2ABdKqQdVWgMDMUgwiP25fY1xfjLu1RgrZNs8YTQpdGxE",
      "tick": "39"
    },
    {
      "state": "srs13NFkPmLGpWnFDs2LtSdwsnFDqXnbktPi3atcSdeuwzJg4stKPX",
      "tick": "52"
    },
    {
      "state": "srs131qBXn8scQR7agxoUNRUXbQRU1q6kUkE32zffSic74owjmLWAQ",
      "tick": "65"
    },
    {
      "state": "srs12KyEDzDHSPwKwkhQ2RFErNyHCxS4ZSW9QbkYmAQ6wxsjjdF9BV",
      "tick": "78"
    },
    {
      "state": "srs12hZ5qWevvrSbWuNcd3ZepRPKifq5H5qfbh5ncYoNv5jYCKGNvL",
      "tick": "91"
    },
    {
      "state": "srs12ZbwNXWB51u7T629CoxQeCPayaYupeqsD9UM4DvAPCJhWf7118",
      "tick": "104"
    },
    {
      "state": "srs11crcwCX1J9JnywKd7CrfgdvG8jd8Z7GySYyYt2yvppVUDYLvyL",
      "tick": "117"
    },
    {
      "state": "srs12ZXtsP47fUfeen7v1Y2judPDEJCQ5ze5BfESjqu89TPghAvae5",
      "tick": "130"
    },
    {
      "state": "srs12kRAkMhE1QUxT3YfBHEuRV5KRoL589KNfBy9db5gzaj9LavebU",
      "tick": "143"
    },
    {
      "state": "srs11dAjCgTt8x7pXjqdgXQX8juUP7hbaV4tBivBpZpC8NHqDnx6Cf",
      "tick": "156"
    },
    {
      "state": "srs11oUa1MaySSycqHZCp7VMSNutHx8rEnjX1WEEaocMF8ddAQmaTu",
      "tick": "169"
    },
    {
      "state": "srs132cbw51VhFJKfRqabhoCn3rFtMLc7YVydUx4cox4kMzRUhuo1i",
      "tick": "182"
    },
    {
      "state": "srs11xJpJQ4zyCVcGTzXQtK96dKGUkySSaxaHSjhMrYEDnuwHMY1Uo",
      "tick": "195"
    },
    {
      "state": "srs128ciZWTHcz2qgeXHZL6fb95E6hSnimfQ78ESSakYCE2AvvyNqx",
      "tick": "208"
    },
    {
      "state": "srs13Him11TTMWkBoegfW8NLosVsBAVCQRNmg1KvpzHX77rvkvJENC",
      "tick": "221"
    },
    {
      "state": "srs11k8fmJoqtLSBg2GR94r3Bjr8Ay8AKgA3JnYJXq4878segf1FBR",
      "tick": "234"
    },
    {
      "state": "srs12txT2tzahYsTZRueSvbhgZZV2Nv1ZJTSsWkk41CV32btbWPFV2",
      "tick": "247"
    },
    {
      "state": "srs125b2mvn5Z69T2yvsgPaWm5HaZpqdT4cQjgvEWirS5hY16SeiFk",
      "tick": "260"
    },
    {
      "state": "srs13D7S2s6iqiLoexNJPk2vJw25by6LwDtBoePquTqMd82EZgfMqx",
      "tick": "273"
    },
    {
      "state": "srs124QQ75tEidZxSWUfSeA5dPje1i6REaNdgTUqs3NrRXtKrbBi8r",
      "tick": "286"
    },
    {
      "state": "srs12x9nVHPRXL6X8sHSjULeveA2FSeEEbZNDJ1gx4HntVcexgYHDJ",
      "tick": "299"
    },
    {
      "state": "srs11ayTLoemxXfBTbHMoyVvt1CUQDhXoyV8tC3Y3aUsvyR5mDZzQe",
      "tick": "312"
    },
    {
      "state": "srs13CLBLoMCsSTDWbcNRpnM2hxjZrsQPYGSsp768eYWCm9PGYnTPD",
      "tick": "325"
    },
    {
      "state": "srs11pQrk9zxMHK73wMkVFqr8A4h7i7WGQKu3z16FC5jaoHReJ4dQi",
      "tick": "338"
    },
    {
      "state": "srs12Cbd6yS2r6LPPKGPKWstReKMUi7eExwhwDJw1UXK2bjFQwdEE1",
      "tick": "351"
    },
    {
      "state": "srs11oXLcya3bG2kSUTrBRXNVdBjQpskK4UCMjpugJZuJ3ThhFL9xE",
      "tick": "364"
    },
    {
      "state": "srs12UY5k3c8dYLGrFYVupfqqQFLqhRsC6mPoVno575UPp4snGmeRE",
      "tick": "377"
    },
    {
      "state": "srs11py626QBgZK7EdkdCcwB6S7yhGeKHAketZkbuXdRzThZb6kAhs",
      "tick": "390"
    },
    {
      "state": "srs11rBSZ8Fq5NaSMdrcaijKnwE9H5qUFN97cNPUMYHrjFHHwizjL3",
      "tick": "403"
    },
    {
      "state": "srs11js1NxyFVvN3BAt7LGo1iK1BNi6c9y6VphXNA2sF4rBavEEguH",
      "tick": "417"
    }
  ]
}


{
  "opponent": "tz1gjaF81ZRRvdzjobyfVNsAeSC6PScjfQwN",
  "start_tick": "243",
  "end_tick": "244",
  "dissection": [
    {
      "state": "srs13JXyXDvmAiKnPLAw9csgvR64nry41dLuJ8eYWKJPPePuSRMe66",
      "tick": "243"
    },
    {
      "state": "srs12NMnkr1mAhHfuqcyZn3XR4daR5yojZC6YbxJce67tpATnLSk6E",
      "tick": "244"
    }
  ]
}
