

{
  "opponent": "tz1gjaF81ZRRvdzjobyfVNsAeSC6PScjfQwN",
  "start_tick": "0",
  "end_tick": "578",
  "dissection": [
    {
      "state": "srs136U2KJweAXf7Excw61Zeu5R5L7mi2TCb1WKkowQJ6UdHJ2VZWS",
      "tick": "0"
    },
    {
      "state": "srs11Zemez1WETeh8bcMExosk34L6YTf25sCis6K33yVDkFiRtk79D",
      "tick": "18"
    },
    {
      "state": "srs12wp7JUcqWp6rHv9UrJgZBjYBM6QWnTJVjD5SJEtWDGMMJCDWgx",
      "tick": "36"
    },
    {
      "state": "srs12hkgAaktqiXKMGvGRuFyisKpKeB2uVF9Fe1vma7kJug9AMzHuQ",
      "tick": "54"
    },
    {
      "state": "srs12gSwebHkhVq9ZvjEJQU5AwQyQVYi6FjG9cpLrECBVTSjww13FE",
      "tick": "72"
    },
    {
      "state": "srs11qR2Gjjuikh4u3XaMczskLihV5pfUiaBMWV2bh4R4rynbNJhAz",
      "tick": "90"
    },
    {
      "state": "srs12LEskvxtL4j8p9UWym2V9SQQ55a24vvDBW8z37JzyPZiRe2VAS",
      "tick": "108"
    },
    {
      "state": "srs136waGMNnugUjGwejBtP9Ux8KeWjaGABq6f55enL3JJSaUVSWvd",
      "tick": "126"
    },
    {
      "state": "srs12DC3moxATdpqNcyFXMsYFjMKRYUfY2nE5rC4oS3fJE27FTeAvZ",
      "tick": "144"
    },
    {
      "state": "srs12h8acQRA64fAA1Dc1dnCaBogTSEgABo8mE1H44pwi1e6B22QSB",
      "tick": "162"
    },
    {
      "state": "srs1285T1YtQkJ6Hwpvjzt8Humu6YZSg1vdhmTSRzUr3MaknMc75Nm",
      "tick": "180"
    },
    {
      "state": "srs12NYp6ibrVf7UGEpvHxTQQ3iGnJFKz7mNaNqoaWeH2TNQ99mJQ9",
      "tick": "198"
    },
    {
      "state": "srs13EayAHBLcZSmksbvQ8yPDTW4Ft3dzusRR5bYTwPLWNPjQKsHap",
      "tick": "216"
    },
    {
      "state": "srs12AW7BoC2XZTBfAmczkNvbWmoGXBAKmELQiXuLan8c1FQakvrTZ",
      "tick": "234"
    },
    {
      "state": "srs12iFGmh4PpzvXRDFQmnrYQNk7A4GNEq6xQuVAJFjPb6yKp5UjrE",
      "tick": "252"
    },
    {
      "state": "srs12v9gnxgg6RBVS43NVcrbroPs2vhqseCVGDfE1zdnaKyiPVxYRN",
      "tick": "270"
    },
    {
      "state": "srs122PwPZqzyM9cUegcdmXEJkUsX7jzfdrmXaYzGnFGSrjYaE5yKR",
      "tick": "288"
    },
    {
      "state": "srs131gqdHcJ6r5WNsKaTgKf1pwVkQ13YZUqx8Qti5AXHh2483K33S",
      "tick": "306"
    },
    {
      "state": "srs137ZmX5FnPTe1p5AY8tCxbiaidkzpEiC1ME1HqdPEq2jcrxKXwY",
      "tick": "324"
    },
    {
      "state": "srs12GiHTFhZ5D2B5S8iibu2TNiJnVLBdmNomduo2i9QSUkoZ2HujB",
      "tick": "342"
    },
    {
      "state": "srs12wUpRhvrJuc43iW3tLcqTtfarQ4eku2ui9HwcauZ85qZVyF5wW",
      "tick": "360"
    },
    {
      "state": "srs1236wPNHcPXB6SSRDWgbXV8mr6kziBNaNuZppeXqjkAn7PM2kgJ",
      "tick": "378"
    },
    {
      "state": "srs12RHoVFSf39qhNHb3V1pCweU1tRXDBHthpC9yBGMXCry1NyGWVx",
      "tick": "396"
    },
    {
      "state": "srs132x7RKdP1u4ogeioieLpfCzvscBZQEYPmbCFSVpuZgCLZoJiTX",
      "tick": "414"
    },
    {
      "state": "srs11ppAE75PoHEeS4g5G4iHrxmmpRhcNbgM68QEPJ6KeEAp6TEkpv",
      "tick": "432"
    },
    {
      "state": "srs11kdFB5tz6PMoz2LT8piJW8hxroDTzVe1eht1qozXNon39wTQ3W",
      "tick": "450"
    },
    {
      "state": "srs12QgCkYVuC4rxV6V41iTRFh5eFnr59AUbdGnuEnqvKnev6tcbyt",
      "tick": "468"
    },
    {
      "state": "srs11tbV6QRMviZokvmzsdTL2QLyUvqDTpUCnghMH2zLt2mU1m5irm",
      "tick": "486"
    },
    {
      "state": "srs13EqTvVQC5BrwPVSBjK3JXEkfAHUzvmTAXZtFTQ3UWiAari9qR6",
      "tick": "504"
    },
    {
      "state": "srs12byddJD39sn1gFYEPDz967utc9s9NhcnQQm6GvUGGkwXcj4FHj",
      "tick": "522"
    },
    {
      "tick": "540"
    },
    {
      "tick": "558"
    },
    {
      "tick": "578"
    }
  ]
}


{
  "opponent": "tz1gjaF81ZRRvdzjobyfVNsAeSC6PScjfQwN",
  "start_tick": "121",
  "end_tick": "122",
  "dissection": [
    {
      "state": "srs135DYMTmCt2AvbyY4PfM3LVVTzTFBt5zKZkWNcUT4ErNuH8tHqB",
      "tick": "121"
    },
    {
      "state": "srs11tMNjTn1XLEzWMT5sGVd118zxFhX2Db5YKnAcCwWjMcXWsTbUk",
      "tick": "122"
    }
  ]
}
