

{
  "opponent": "tz1gjaF81ZRRvdzjobyfVNsAeSC6PScjfQwN",
  "start_tick": "0",
  "end_tick": "582",
  "dissection": [
    {
      "state": "srs136U2KJweAXf7Excw61Zeu5R5L7mi2TCb1WKkowQJ6UdHJ2VZWS",
      "tick": "0"
    },
    {
      "state": "srs12Rf89txKfSmZEeicddGNhztYjUsLJcSoBREyHsvAmPL2zh2XjE",
      "tick": "18"
    },
    {
      "state": "srs124nbXwVx4sJZADVGaTNBDpczCmUXiuzXevSryDStorPjXHo1g2",
      "tick": "36"
    },
    {
      "state": "srs12dHMQHg9rafKAk37h2efWftnRKgnnY6VdDjSBrnzDw5BdehPgw",
      "tick": "54"
    },
    {
      "state": "srs138RRRHG1FjuEzhZ9cdf3C4UQS4hYW692yP7EUXY8Wj69ZKFeNK",
      "tick": "72"
    },
    {
      "state": "srs11YG7QXHM7cx6SHjSVVnQpyNvGvktgXZvgj81pjJbvCCgfHEuzw",
      "tick": "90"
    },
    {
      "state": "srs126EkeioDomaDjPCf79vcPF4xDwThu1hfpHKd5adWTHTwCtxDnv",
      "tick": "108"
    },
    {
      "state": "srs12DkhfAapkvHaPLiZADJ2xG6QowLGyFNvjGVSVQBPayshQPdvxW",
      "tick": "126"
    },
    {
      "state": "srs11W6xhjrVNJENY3y7QMRy4roc9D5uTxF29dychnQ5MPApt3mtRt",
      "tick": "144"
    },
    {
      "state": "srs131c8Gfeoi7HPcATvxdb4QvwGcT3DXTUvo7mPCEkqmfrTvX44Ea",
      "tick": "162"
    },
    {
      "state": "srs13L9GQArHNwYmPsB5ySDb4juWV6DoDZCYquHHAB6572ZQKwBeoK",
      "tick": "180"
    },
    {
      "state": "srs12AsgQoC7Z59PrQD71RzdSCt7xhnnWmrNyNzEVYeXcweBxRAsYB",
      "tick": "198"
    },
    {
      "state": "srs13NJvqpPsLPkTFbFvVbxL1E64V4qUCLZwtHyABc7P7sBmtsJFte",
      "tick": "216"
    },
    {
      "state": "srs11o3hPGbin9XbNCfHYHcRjTqaQ3iTPQ2q9jXhWtoU7c3xdRmSv8",
      "tick": "234"
    },
    {
      "state": "srs13KKhQc3eKmwQ1hNzpKqNn64eAbBjXjnVmzceKXNU7Tr8GaqTJo",
      "tick": "252"
    },
    {
      "state": "srs126uD919849GPaHw42iBXmMuo2HLSngXN328CNPw1woGFMUtDrt",
      "tick": "270"
    },
    {
      "state": "srs133wL9eadT3RYYLJkMF9KHTDgsoudqSyKXjdqrM7t4PT2bKcmcn",
      "tick": "288"
    },
    {
      "state": "srs11gb1y1X2C2dVT2Agu3UGe83yAgJzvZn7QjToE58JoSbRxGGyeC",
      "tick": "306"
    },
    {
      "state": "srs11XCiFKTzUN1jsmjgDJyrR84Q6ddRH4GXoFxcrK7CrRC9uaXqpi",
      "tick": "324"
    },
    {
      "state": "srs12F8vN3sycw8PAfBwiKRWRs4qx2DQvsWs8aRzyMNePyrUXGuPyh",
      "tick": "342"
    },
    {
      "state": "srs11k9kLrzLxKP3tiWazXbEpTNjayQppqx5ixKXqzJWXrs3UgpZxV",
      "tick": "360"
    },
    {
      "state": "srs12k8vdxPFGFgCMwW8GGpby929WPzPdpbeNgWPHv8G2ak2eh1D84",
      "tick": "378"
    },
    {
      "state": "srs123qrQvieNMe2r99KbVhQ4GBkFusNKX3B5zGHXHXpDU4vLqte34",
      "tick": "396"
    },
    {
      "state": "srs123TpgDtX3MFzsQDRugnZmT8tZz5S2qEuEebLjyRo5dvrejTLCw",
      "tick": "414"
    },
    {
      "state": "srs123uFbqLrUGu5oyBYPYR4P9tJWmZVD6JwExofgvgLBQD9k5XuHm",
      "tick": "432"
    },
    {
      "state": "srs12ydfh9b6gNRFRvFkGYuu9TWbM8gNMggGKibF23eN5yXYfH82jh",
      "tick": "450"
    },
    {
      "state": "srs136NHTbBbcZ6K6fYPKP3cJXYdYNCqYqaDbwUFC6Yoige4ZRL2qd",
      "tick": "468"
    },
    {
      "state": "srs12wNSXjz4ModiZ7jk3VY7RDpU4cyfft4x5PNkQFqCF2CcZSZtD1",
      "tick": "486"
    },
    {
      "state": "srs12cQMPo3TUQhDZGMq9cFC5aqBr7ti3FCiNoGVkD7UG4Ne5fKQLo",
      "tick": "504"
    },
    {
      "state": "srs11kverwszZF1FBWYRzHoeXu7ej6tpowLsTuHvg5ES5jkHfBVfEz",
      "tick": "522"
    },
    {
      "state": "srs12yZSxfVSZURGxDrEgGhBgtvuy6xvYBwiT8A26o45SZn9HXLJ9T",
      "tick": "540"
    },
    {
      "state": "srs11qjfuehiZgd2TiW4cdUsvmZ1Q8SejyzMsQFL9aYfsQCwQRtnnS",
      "tick": "558"
    },
    {
      "state": "srs13D2uqz6czCm9uSAoYcd1D3N4mYn493jZE9rxA17akHDR17xz2h",
      "tick": "582"
    }
  ]
}


{
  "opponent": "tz1gjaF81ZRRvdzjobyfVNsAeSC6PScjfQwN",
  "start_tick": "0",
  "end_tick": "1",
  "dissection": [
    {
      "state": "srs136U2KJweAXf7Excw61Zeu5R5L7mi2TCb1WKkowQJ6UdHJ2VZWS",
      "tick": "0"
    },
    {
      "state": "srs11a79oWyLSNtvZZ2UG64HmZ5stmsuKeM3FXeFiBuri4448u5ytJ",
      "tick": "1"
    }
  ]
}
