

{
  "opponent": "tz1gjaF81ZRRvdzjobyfVNsAeSC6PScjfQwN",
  "start_tick": "0",
  "end_tick": "629",
  "dissection": [
    {
      "state": "srs136U2KJweAXf7Excw61Zeu5R5L7mi2TCb1WKkowQJ6UdHJ2VZWS",
      "tick": "0"
    },
    {
      "state": "srs12cgkSsPYu3abyVSnpc5iFm9oHb8CJGf9wZR754YFGqCLBq4iHu",
      "tick": "19"
    },
    {
      "state": "srs12PxCzbzrWVXU81wP7ZfJ74CS6xyDZ4eqL9ygyA3TD61eMWs1UX",
      "tick": "38"
    },
    {
      "state": "srs11hp2KKxXaKPtzmWP58V1gAgX7XQkUH8P9HKbKQv2JZ5RzuLMag",
      "tick": "57"
    },
    {
      "state": "srs133XwcKCczvYZZLwQHuBaMe4FByVabNLwAEQXQvfJxkq4FPYecT",
      "tick": "76"
    },
    {
      "state": "srs12hojfgXDeGdNAHxck7E5NT1eMy5Lv6LB5KMGhLwSxbucxdszFr",
      "tick": "95"
    },
    {
      "state": "srs13E2SoQJMX375PC2mYEkp22gafPdN3VCKG8h2xRW3VMWJf5oc25",
      "tick": "114"
    },
    {
      "state": "srs12ipCvqn2pHegJrobiACSrpXBt9mi26gjciAbg5xTUT9KrbGcVD",
      "tick": "133"
    },
    {
      "state": "srs132midvT9q5us5RLgk22fj8zQpwqK2fThiQjLaYn9npErGk6Lro",
      "tick": "152"
    },
    {
      "state": "srs138wVj2uAqjdXRW2BkzuURmMGvUqib7DproySX16X7H7yQy9n2i",
      "tick": "171"
    },
    {
      "state": "srs11o6ESeZ2iqGq4EzCPqiynHq28oCzozv6eTmFxKT6PUSm5vESDF",
      "tick": "190"
    },
    {
      "state": "srs12xP76BvT5PUeDXMVAtpinFsyvfLMa3eof7ouP3HtzpwFfzwU9q",
      "tick": "209"
    },
    {
      "state": "srs11bx7K6NHou2yB2BG3svExPK39xpFE1cBCk38jsCJR5XEQBhcmN",
      "tick": "228"
    },
    {
      "state": "srs13NHd4t8fB7LCPBrZFGBHxgo88PwhhbGPPfxxfeTi9PLhiQi6PL",
      "tick": "247"
    },
    {
      "state": "srs12hF22Pk5uzvHYu3QFkatDDwtGMexoQU1cC8VgrVND2SCMurXVx",
      "tick": "266"
    },
    {
      "state": "srs11o6pA37C1wnmGoxY54KGja1Yof4tf2zak57GFcoBvEYENX24sZ",
      "tick": "285"
    },
    {
      "state": "srs12TQrpjw4g9Pna2TNaxRbL515zRi6CurXBmLgpVTHJjUkHdPHTr",
      "tick": "304"
    },
    {
      "state": "srs13KoRJeQkZQ3t1WdvxsLXJvDbvs44bjdCJEmUq9KyUqZZzdLREc",
      "tick": "323"
    },
    {
      "state": "srs12F8vN3sycw8PAfBwiKRWRs4qx2DQvsWs8aRzyMNePyrUXGuPyh",
      "tick": "342"
    },
    {
      "state": "srs12ihrMxUTnmzYhAgX99cyRZK4tW4SRP8iwLyCA5KyXLBRM7Y2ey",
      "tick": "361"
    },
    {
      "state": "srs12NZcFeuRGwR3aMqkVZwoUveXf9ECgJfJo9esevL6m4fba744bB",
      "tick": "380"
    },
    {
      "state": "srs12yswTwhYXoRLxRbYSHT8VqfSp2bWAkwjtjwskQid5AzksEGyiR",
      "tick": "399"
    },
    {
      "state": "srs12WrHdrySsu612UjxCae1PWH4ra52sVXUi9QXZgEf6vp1FWDTCg",
      "tick": "418"
    },
    {
      "state": "srs134otzS2Zn1QiVuuEfgCS3hHKavhjbtjnVPQUFaV1jozEH59n8N",
      "tick": "437"
    },
    {
      "state": "srs124NcyUidREXfxANgDUiU2GS5gxyTuR4rAyt9M7ZQ8A7bVNMbgW",
      "tick": "456"
    },
    {
      "state": "srs11VQZDAnKxoJU6B3fbwkc7MyUbb2uBq2X5ca47jhU6uG5iHJRp5",
      "tick": "475"
    },
    {
      "state": "srs12bPkkDyUHBy65j5ktDrorivs2otYgSGXrrVdVZGy8zikZ4pJhP",
      "tick": "494"
    },
    {
      "state": "srs12UHGcho95So1UK6YkByhRgcGQPrVZBP23AMb55fH8Jx3hPADrt",
      "tick": "513"
    },
    {
      "state": "srs12J8Dwqqq3FMiDY6r3dvsmrnjoACCQ7WbVhQzsrPHuDbnayF5Dx",
      "tick": "532"
    },
    {
      "state": "srs12oSNzT2pEphKUvafYAv7d2Esqx1hSMz2vNkGy64XmqkyhUegZF",
      "tick": "551"
    },
    {
      "state": "srs13GQoKUgW4ni3HZPJnpzWVG3QEfdCmMAGvRgikaR3iYz8MyrASd",
      "tick": "570"
    },
    {
      "tick": "589"
    },
    {
      "tick": "629"
    }
  ]
}


{
  "opponent": "tz1gjaF81ZRRvdzjobyfVNsAeSC6PScjfQwN",
  "start_tick": "236",
  "end_tick": "237",
  "dissection": [
    {
      "state": "srs135bj5UQN9vF6urNXX6RjXkXdbDwuoA3shrKbnLqCpZq8wEBEny",
      "tick": "236"
    },
    {
      "state": "srs11U1EBrdRPSpWXvP9jPCurMrLyahpCFoapU7k5JmkCkFWuCTUb6",
      "tick": "237"
    }
  ]
}
