

{
  "opponent": "tz1gjaF81ZRRvdzjobyfVNsAeSC6PScjfQwN",
  "start_tick": "0",
  "end_tick": "468",
  "dissection": [
    {
      "state": "srs136U2KJweAXf7Excw61Zeu5R5L7mi2TCb1WKkowQJ6UdHJ2VZWS",
      "tick": "0"
    },
    {
      "state": "srs11gZEiteNDWaDb4e7BrQFa66AqY51N48K5GeGrfxmrppDhUE5d6",
      "tick": "14"
    },
    {
      "state": "srs126es82HrBdEs1Dude2fFgUfEikCb8UeahB44ETiDkRLgowJaMF",
      "tick": "28"
    },
    {
      "state": "srs12rkAzpt9DsbNV41qCiMajQ86GpB6mZ61D2zhG6mbL5tf1X4zTE",
      "tick": "42"
    },
    {
      "state": "srs125NUsQYg5LitdFbt2wvBnv6GWd1WneXs1cQ8fm2S7cqpss4Y55",
      "tick": "56"
    },
    {
      "state": "srs12ZyFgZssPApFU1A9gV273wTBy1MuWdWenye7191mWKPoJTn1mo",
      "tick": "70"
    },
    {
      "state": "srs126hz72JEvtwbXSwnHCpppJ7ELWCxczEEHjG4EVqd2hwcgmMp2S",
      "tick": "84"
    },
    {
      "state": "srs13BDcZnU1igUSri51JKDpaGHV7pU3sUVDGCkm7dyfZHnHn4B5kD",
      "tick": "98"
    },
    {
      "state": "srs13NE33kEsqzgxNGF2e4jzShhGEs3vQLC3DrjnBvhUZFpq5ZC6Qr",
      "tick": "112"
    },
    {
      "state": "srs135FaUmP3d9ivRmipNdd9qxrUH2dFS7m3eFUBRVD8KPbmavqvp9",
      "tick": "126"
    },
    {
      "state": "srs12a8VQXanLrGNeWgtTXStiWygdgMEEca3wThX3Cu263H4PQzRwQ",
      "tick": "140"
    },
    {
      "state": "srs12XJUwesHJjFwqVMgdMEVKneoH3VLyBE4xJbnji4naJH68oMgpL",
      "tick": "154"
    },
    {
      "state": "srs11bYVik6ankGQ3hqjWC1HBdoaZw9owNFswgKDVCEVuko5UHzFMn",
      "tick": "168"
    },
    {
      "state": "srs124HgHcEpVARMyFM3ToFC17RrKBHfoGEV1uJZNPNgug4jo6B5mb",
      "tick": "182"
    },
    {
      "state": "srs11jdmSeikmRXZNLddtG21BYb8iFqEYFziLECTGuvMwFX36i5Aeq",
      "tick": "196"
    },
    {
      "state": "srs12v8tHdscg6GAWyMA1MzyPEiMTZhCamyw9ch4KhdnB3x46wd3rQ",
      "tick": "210"
    },
    {
      "state": "srs13HMjk9YNRxtR8rL3auC6sZVQyLfph7f8e1GQKTCTw6KiiFURFF",
      "tick": "224"
    },
    {
      "state": "srs11qEbKRgTG4PFKtVUwyoo7WQqUD3RZ3qq1AcjjzLCw2AS8YZcef",
      "tick": "238"
    },
    {
      "state": "srs12Xi1SMw4meiQb8mvtTcSNS9agTNWL4ikPCwQ5EBuBidqk7ctWW",
      "tick": "252"
    },
    {
      "state": "srs12cNrxVFVqSqKoTZDnZ4JQsvvSgGtFgX73WsgwFG2QhikeCKTdW",
      "tick": "266"
    },
    {
      "state": "srs12casiP3W5vbWB9VBmPFhoUzJSVpdfCtUkx8z2TG6HHFjMHrj4e",
      "tick": "280"
    },
    {
      "state": "srs11qXHCfr15Y2kJhLF88vQ6UuAhGwLuihK8BHDqNNdZ2i1Zqh3n9",
      "tick": "294"
    },
    {
      "state": "srs11eadiZgdGQh3UcW1cnDuLZqyP42JihAPt8rVNV2A5VJFcmuXnt",
      "tick": "308"
    },
    {
      "state": "srs11yJerZS2RVujL3La98GMiZBC6CCBaT4TehJzfLXKsM4aqLHrBj",
      "tick": "322"
    },
    {
      "state": "srs12rqDao4Qt1oGjTDp9nLo4FeHBZfAt7u5UFpoucWbE2kyMX38De",
      "tick": "336"
    },
    {
      "state": "srs11VdVJPiJ6Y9rgvXoFmAuTUESnagJqtWqbWcUAHTR1yWt1gLLNu",
      "tick": "350"
    },
    {
      "state": "srs12rdxhuCHYWQWewjxciHN35ktbYARDz6mZST3tsvL6mAEFbhXoW",
      "tick": "364"
    },
    {
      "state": "srs13Kwc59YR3Kj81xMAs45G1e77kuH5sQTNKNJihXHQ43caCcyFnJ",
      "tick": "378"
    },
    {
      "state": "srs123v2wbeSYpe4SRLTv56KwbCLnejvicRUj3QZEFi5YDzKn4qU8y",
      "tick": "392"
    },
    {
      "state": "srs12Y25pu4GCVVuhUhvQTGcGokG3JLgfR4dH89qcjFGR47du6ohR1",
      "tick": "406"
    },
    {
      "tick": "420"
    },
    {
      "tick": "434"
    },
    {
      "tick": "468"
    }
  ]
}


{
  "opponent": "tz1gjaF81ZRRvdzjobyfVNsAeSC6PScjfQwN",
  "start_tick": "185",
  "end_tick": "186",
  "dissection": [
    {
      "state": "srs137JsQjzZhu3DfWMYzXt4PGBuqTFS6RuQ7qEihyJx9xWZzzMkj1",
      "tick": "185"
    },
    {
      "state": "srs12pJgtsU1y8r9sUgryzCtd3z6ycHkAiYvm7CM6pnijS4nR27fre",
      "tick": "186"
    }
  ]
}
