
./octez-client --wait none originate smart rollup rollup from bootstrap1 of kind arith of type bytes with kernel  --burn-cap 9999999
Node is bootstrapped.
Estimated gas: 1920.157 units (will add 100 for safety)
Estimated storage: 6552 bytes added (will add 20 for safety)
Operation successfully injected in the node.
Operation hash is '[OPERATION_HASH]'
NOT waiting for the operation to be included.
Use command
  octez-client wait for [OPERATION_HASH] to be included --confirmations 1 --branch [BLOCK_HASH]
and/or an external block explorer to make sure that it has been included.
This sequence of operations was run:
  Manager signed operations:
    From: [PUBLIC_KEY_HASH]
    Fee to the baker: ꜩ0.000551
    Expected counter: 1
    Gas limit: 2021
    Storage limit: 6572 bytes
    Balance updates:
      [PUBLIC_KEY_HASH] ... -ꜩ0.000551
      payload fees(the block proposer) ....... +ꜩ0.000551
    Smart rollup origination:
      Kind: arith
      Parameter type: bytes
      Kernel Blake2B hash: '0e5751c026e543b2e8ab2eb06099daa1d1e5df47778f7787faab45cdf12fe3a8'
      This smart rollup origination was successfully applied
      Consumed gas: 1920.124
      Storage size: 6552 bytes
      Address: [SMART_ROLLUP_HASH]
      Genesis commitment hash: [SC_ROLLUP_COMMITMENT_HASH]
      Balance updates:
        [PUBLIC_KEY_HASH] ... -ꜩ1.638
        storage fees ........................... +ꜩ1.638

Smart rollup [SMART_ROLLUP_HASH] memorized as "rollup"
GET http://127.0.0.1:[PORT]/global/block/head/state_hash
200 OK
"[SC_ROLLUP_PVM_STATE_HASH]"

GET http://127.0.0.1:[PORT]/global/block/head/total_ticks
200 OK
"0"


./octez-client --wait none send smart rollup message '["1 6 + value"]' from bootstrap2
Node is bootstrapped.
Estimated gas: 170.606 units (will add 100 for safety)
Estimated storage: no bytes added
Operation successfully injected in the node.
Operation hash is '[OPERATION_HASH]'
NOT waiting for the operation to be included.
Use command
  octez-client wait for [OPERATION_HASH] to be included --confirmations 1 --branch [BLOCK_HASH]
and/or an external block explorer to make sure that it has been included.
This sequence of operations was run:
  Manager signed operations:
    From: [PUBLIC_KEY_HASH]
    Fee to the baker: ꜩ0.000271
    Expected counter: 1
    Gas limit: 271
    Storage limit: 0 bytes
    Balance updates:
      [PUBLIC_KEY_HASH] ... -ꜩ0.000271
      payload fees(the block proposer) ....... +ꜩ0.000271
    Smart rollup messages submission:
      This smart rollup messages submission was successfully applied
      Consumed gas: 170.539

GET http://127.0.0.1:[PORT]/global/block/head/state?key=vars/value
200 OK
"00000007"

GET http://127.0.0.1:[PORT]/global/block/head/state_hash
200 OK
"[SC_ROLLUP_PVM_STATE_HASH]"

GET http://127.0.0.1:[PORT]/global/block/head/total_ticks
200 OK
"23"

GET http://127.0.0.1:[PORT]/global/block/head/state_hash
200 OK
"[SC_ROLLUP_PVM_STATE_HASH]"

GET http://127.0.0.1:[PORT]/global/block/head/total_ticks
200 OK
"23"


./octez-client --wait none send smart rollup message '["2 8 + value"]' from bootstrap2
Node is bootstrapped.
Estimated gas: 170.606 units (will add 100 for safety)
Estimated storage: no bytes added
Operation successfully injected in the node.
Operation hash is '[OPERATION_HASH]'
NOT waiting for the operation to be included.
Use command
  octez-client wait for [OPERATION_HASH] to be included --confirmations 1 --branch [BLOCK_HASH]
and/or an external block explorer to make sure that it has been included.
This sequence of operations was run:
  Manager signed operations:
    From: [PUBLIC_KEY_HASH]
    Fee to the baker: ꜩ0.000271
    Expected counter: 2
    Gas limit: 271
    Storage limit: 0 bytes
    Balance updates:
      [PUBLIC_KEY_HASH] ... -ꜩ0.000271
      payload fees(the block proposer) ....... +ꜩ0.000271
    Smart rollup messages submission:
      This smart rollup messages submission was successfully applied
      Consumed gas: 170.539

GET http://127.0.0.1:[PORT]/global/block/head/state?key=vars/value
200 OK
"0000000a"

GET http://127.0.0.1:[PORT]/global/block/head/state_hash
200 OK
"[SC_ROLLUP_PVM_STATE_HASH]"

GET http://127.0.0.1:[PORT]/global/block/head/total_ticks
200 OK
"44"

GET http://127.0.0.1:[PORT]/global/block/head/state_hash
200 OK
"[SC_ROLLUP_PVM_STATE_HASH]"

GET http://127.0.0.1:[PORT]/global/block/head/total_ticks
200 OK
"44"


./octez-client --wait none send smart rollup message '["3 10 + value"]' from bootstrap2
Node is bootstrapped.
Estimated gas: 170.644 units (will add 100 for safety)
Estimated storage: no bytes added
Operation successfully injected in the node.
Operation hash is '[OPERATION_HASH]'
NOT waiting for the operation to be included.
Use command
  octez-client wait for [OPERATION_HASH] to be included --confirmations 1 --branch [BLOCK_HASH]
and/or an external block explorer to make sure that it has been included.
This sequence of operations was run:
  Manager signed operations:
    From: [PUBLIC_KEY_HASH]
    Fee to the baker: ꜩ0.000272
    Expected counter: 3
    Gas limit: 271
    Storage limit: 0 bytes
    Balance updates:
      [PUBLIC_KEY_HASH] ... -ꜩ0.000272
      payload fees(the block proposer) ....... +ꜩ0.000272
    Smart rollup messages submission:
      This smart rollup messages submission was successfully applied
      Consumed gas: 170.578

GET http://127.0.0.1:[PORT]/global/block/head/state?key=vars/value
200 OK
"0000000d"

GET http://127.0.0.1:[PORT]/global/block/head/state_hash
200 OK
"[SC_ROLLUP_PVM_STATE_HASH]"

GET http://127.0.0.1:[PORT]/global/block/head/total_ticks
200 OK
"66"

GET http://127.0.0.1:[PORT]/global/block/head/state_hash
200 OK
"[SC_ROLLUP_PVM_STATE_HASH]"

GET http://127.0.0.1:[PORT]/global/block/head/total_ticks
200 OK
"66"


./octez-client --wait none send smart rollup message '["4 12 + value"]' from bootstrap2
Node is bootstrapped.
Estimated gas: 170.644 units (will add 100 for safety)
Estimated storage: no bytes added
Operation successfully injected in the node.
Operation hash is '[OPERATION_HASH]'
NOT waiting for the operation to be included.
Use command
  octez-client wait for [OPERATION_HASH] to be included --confirmations 1 --branch [BLOCK_HASH]
and/or an external block explorer to make sure that it has been included.
This sequence of operations was run:
  Manager signed operations:
    From: [PUBLIC_KEY_HASH]
    Fee to the baker: ꜩ0.000272
    Expected counter: 4
    Gas limit: 271
    Storage limit: 0 bytes
    Balance updates:
      [PUBLIC_KEY_HASH] ... -ꜩ0.000272
      payload fees(the block proposer) ....... +ꜩ0.000272
    Smart rollup messages submission:
      This smart rollup messages submission was successfully applied
      Consumed gas: 170.578

GET http://127.0.0.1:[PORT]/global/block/head/state?key=vars/value
200 OK
"00000010"

GET http://127.0.0.1:[PORT]/global/block/head/state_hash
200 OK
"[SC_ROLLUP_PVM_STATE_HASH]"

GET http://127.0.0.1:[PORT]/global/block/head/total_ticks
200 OK
"88"

GET http://127.0.0.1:[PORT]/global/block/head/state_hash
200 OK
"[SC_ROLLUP_PVM_STATE_HASH]"

GET http://127.0.0.1:[PORT]/global/block/head/total_ticks
200 OK
"88"


./octez-client --wait none send smart rollup message '["5 14 + value"]' from bootstrap2
Node is bootstrapped.
Estimated gas: 170.644 units (will add 100 for safety)
Estimated storage: no bytes added
Operation successfully injected in the node.
Operation hash is '[OPERATION_HASH]'
NOT waiting for the operation to be included.
Use command
  octez-client wait for [OPERATION_HASH] to be included --confirmations 1 --branch [BLOCK_HASH]
and/or an external block explorer to make sure that it has been included.
This sequence of operations was run:
  Manager signed operations:
    From: [PUBLIC_KEY_HASH]
    Fee to the baker: ꜩ0.000272
    Expected counter: 5
    Gas limit: 271
    Storage limit: 0 bytes
    Balance updates:
      [PUBLIC_KEY_HASH] ... -ꜩ0.000272
      payload fees(the block proposer) ....... +ꜩ0.000272
    Smart rollup messages submission:
      This smart rollup messages submission was successfully applied
      Consumed gas: 170.578

GET http://127.0.0.1:[PORT]/global/block/head/state?key=vars/value
200 OK
"00000013"

GET http://127.0.0.1:[PORT]/global/block/head/state_hash
200 OK
"[SC_ROLLUP_PVM_STATE_HASH]"

GET http://127.0.0.1:[PORT]/global/block/head/total_ticks
200 OK
"110"

GET http://127.0.0.1:[PORT]/global/block/head/state_hash
200 OK
"[SC_ROLLUP_PVM_STATE_HASH]"

GET http://127.0.0.1:[PORT]/global/block/head/total_ticks
200 OK
"110"


./octez-client --wait none send smart rollup message '["6 16 + value"]' from bootstrap2
Node is bootstrapped.
Estimated gas: 170.644 units (will add 100 for safety)
Estimated storage: no bytes added
Operation successfully injected in the node.
Operation hash is '[OPERATION_HASH]'
NOT waiting for the operation to be included.
Use command
  octez-client wait for [OPERATION_HASH] to be included --confirmations 1 --branch [BLOCK_HASH]
and/or an external block explorer to make sure that it has been included.
This sequence of operations was run:
  Manager signed operations:
    From: [PUBLIC_KEY_HASH]
    Fee to the baker: ꜩ0.000272
    Expected counter: 6
    Gas limit: 271
    Storage limit: 0 bytes
    Balance updates:
      [PUBLIC_KEY_HASH] ... -ꜩ0.000272
      payload fees(the block proposer) ....... +ꜩ0.000272
    Smart rollup messages submission:
      This smart rollup messages submission was successfully applied
      Consumed gas: 170.578

GET http://127.0.0.1:[PORT]/global/block/head/state?key=vars/value
200 OK
"00000016"

GET http://127.0.0.1:[PORT]/global/block/head/state_hash
200 OK
"[SC_ROLLUP_PVM_STATE_HASH]"

GET http://127.0.0.1:[PORT]/global/block/head/total_ticks
200 OK
"132"

GET http://127.0.0.1:[PORT]/global/block/head/state_hash
200 OK
"[SC_ROLLUP_PVM_STATE_HASH]"

GET http://127.0.0.1:[PORT]/global/block/head/total_ticks
200 OK
"132"


./octez-client --wait none send smart rollup message '["7 18 + value"]' from bootstrap2
Node is bootstrapped.
Estimated gas: 170.644 units (will add 100 for safety)
Estimated storage: no bytes added
Operation successfully injected in the node.
Operation hash is '[OPERATION_HASH]'
NOT waiting for the operation to be included.
Use command
  octez-client wait for [OPERATION_HASH] to be included --confirmations 1 --branch [BLOCK_HASH]
and/or an external block explorer to make sure that it has been included.
This sequence of operations was run:
  Manager signed operations:
    From: [PUBLIC_KEY_HASH]
    Fee to the baker: ꜩ0.000272
    Expected counter: 7
    Gas limit: 271
    Storage limit: 0 bytes
    Balance updates:
      [PUBLIC_KEY_HASH] ... -ꜩ0.000272
      payload fees(the block proposer) ....... +ꜩ0.000272
    Smart rollup messages submission:
      This smart rollup messages submission was successfully applied
      Consumed gas: 170.578

GET http://127.0.0.1:[PORT]/global/block/head/state?key=vars/value
200 OK
"00000019"

GET http://127.0.0.1:[PORT]/global/block/head/state_hash
200 OK
"[SC_ROLLUP_PVM_STATE_HASH]"

GET http://127.0.0.1:[PORT]/global/block/head/total_ticks
200 OK
"154"

GET http://127.0.0.1:[PORT]/global/block/head/state_hash
200 OK
"[SC_ROLLUP_PVM_STATE_HASH]"

GET http://127.0.0.1:[PORT]/global/block/head/total_ticks
200 OK
"154"


./octez-client --wait none send smart rollup message '["8 20 + value"]' from bootstrap2
Node is bootstrapped.
Estimated gas: 170.644 units (will add 100 for safety)
Estimated storage: no bytes added
Operation successfully injected in the node.
Operation hash is '[OPERATION_HASH]'
NOT waiting for the operation to be included.
Use command
  octez-client wait for [OPERATION_HASH] to be included --confirmations 1 --branch [BLOCK_HASH]
and/or an external block explorer to make sure that it has been included.
This sequence of operations was run:
  Manager signed operations:
    From: [PUBLIC_KEY_HASH]
    Fee to the baker: ꜩ0.000272
    Expected counter: 8
    Gas limit: 271
    Storage limit: 0 bytes
    Balance updates:
      [PUBLIC_KEY_HASH] ... -ꜩ0.000272
      payload fees(the block proposer) ....... +ꜩ0.000272
    Smart rollup messages submission:
      This smart rollup messages submission was successfully applied
      Consumed gas: 170.578

GET http://127.0.0.1:[PORT]/global/block/head/state?key=vars/value
200 OK
"0000001c"

GET http://127.0.0.1:[PORT]/global/block/head/state_hash
200 OK
"[SC_ROLLUP_PVM_STATE_HASH]"

GET http://127.0.0.1:[PORT]/global/block/head/total_ticks
200 OK
"176"

GET http://127.0.0.1:[PORT]/global/block/head/state_hash
200 OK
"[SC_ROLLUP_PVM_STATE_HASH]"

GET http://127.0.0.1:[PORT]/global/block/head/total_ticks
200 OK
"176"


./octez-client --wait none send smart rollup message '["9 22 + value"]' from bootstrap2
Node is bootstrapped.
Estimated gas: 170.644 units (will add 100 for safety)
Estimated storage: no bytes added
Operation successfully injected in the node.
Operation hash is '[OPERATION_HASH]'
NOT waiting for the operation to be included.
Use command
  octez-client wait for [OPERATION_HASH] to be included --confirmations 1 --branch [BLOCK_HASH]
and/or an external block explorer to make sure that it has been included.
This sequence of operations was run:
  Manager signed operations:
    From: [PUBLIC_KEY_HASH]
    Fee to the baker: ꜩ0.000272
    Expected counter: 9
    Gas limit: 271
    Storage limit: 0 bytes
    Balance updates:
      [PUBLIC_KEY_HASH] ... -ꜩ0.000272
      payload fees(the block proposer) ....... +ꜩ0.000272
    Smart rollup messages submission:
      This smart rollup messages submission was successfully applied
      Consumed gas: 170.578

GET http://127.0.0.1:[PORT]/global/block/head/state?key=vars/value
200 OK
"0000001f"

GET http://127.0.0.1:[PORT]/global/block/head/state_hash
200 OK
"[SC_ROLLUP_PVM_STATE_HASH]"

GET http://127.0.0.1:[PORT]/global/block/head/total_ticks
200 OK
"198"

GET http://127.0.0.1:[PORT]/global/block/head/state_hash
200 OK
"[SC_ROLLUP_PVM_STATE_HASH]"

GET http://127.0.0.1:[PORT]/global/block/head/total_ticks
200 OK
"198"


./octez-client --wait none send smart rollup message '["10 24 + value"]' from bootstrap2
Node is bootstrapped.
Estimated gas: 170.682 units (will add 100 for safety)
Estimated storage: no bytes added
Operation successfully injected in the node.
Operation hash is '[OPERATION_HASH]'
NOT waiting for the operation to be included.
Use command
  octez-client wait for [OPERATION_HASH] to be included --confirmations 1 --branch [BLOCK_HASH]
and/or an external block explorer to make sure that it has been included.
This sequence of operations was run:
  Manager signed operations:
    From: [PUBLIC_KEY_HASH]
    Fee to the baker: ꜩ0.000273
    Expected counter: 10
    Gas limit: 271
    Storage limit: 0 bytes
    Balance updates:
      [PUBLIC_KEY_HASH] ... -ꜩ0.000273
      payload fees(the block proposer) ....... +ꜩ0.000273
    Smart rollup messages submission:
      This smart rollup messages submission was successfully applied
      Consumed gas: 170.616

GET http://127.0.0.1:[PORT]/global/block/head/state?key=vars/value
200 OK
"00000022"

GET http://127.0.0.1:[PORT]/global/block/head/state_hash
200 OK
"[SC_ROLLUP_PVM_STATE_HASH]"

GET http://127.0.0.1:[PORT]/global/block/head/total_ticks
200 OK
"221"

