
./octez-client --mode mockup rpc get /chains/main/blocks/head/context/liquidity_baking/cpmm_address
"KT1TxqZ8QtKvLu3V3JH7Gx58n7Co8pgtpQU5"

./octez-client --mode mockup get contract storage for KT1TxqZ8QtKvLu3V3JH7Gx58n7Co8pgtpQU5
Pair 1
     100
     100
     "KT1VqarPDicMFn1ejmQqqshUkUXTCTXwmkCN"
     "KT1AafHA1C1vk959wvHWBispY9Y2f3fxBUUo"

./octez-client --mode mockup call KT1VqarPDicMFn1ejmQqqshUkUXTCTXwmkCN from bootstrap1 --entrypoint mintOrBurn --arg '(Pair 100000000 "tz1KqTpEZ7Yob7QbPE4Hy4Wo8fHG8LhKxZSx")' --burn-cap 10
Node is bootstrapped.
Estimated gas: 2374.696 units (will add 100 for safety)
Estimated storage: 71 bytes added (will add 20 for safety)
Operation successfully injected in the node.
Operation hash is 'op3fbYoco7etNiu89X3QFJqodn1m1Ea7GemESAneUXKYkczu2xE'
NOT waiting for the operation to be included.
Use command
  octez-client wait for op3fbYoco7etNiu89X3QFJqodn1m1Ea7GemESAneUXKYkczu2xE to be included --confirmations 1 --branch BLockGenesisGenesisGenesisGenesisGenesisCCCCCeZiLHU
and/or an external block explorer to make sure that it has been included.
This sequence of operations was run:
  Manager signed operations:
    From: tz1KqTpEZ7Yob7QbPE4Hy4Wo8fHG8LhKxZSx
    Fee to the baker: ꜩ0.00056
    Expected counter: 1
    Gas limit: 2475
    Storage limit: 91 bytes
    Balance updates:
      tz1KqTpEZ7Yob7QbPE4Hy4Wo8fHG8LhKxZSx ... -ꜩ0.00056
      payload fees(the block proposer) ....... +ꜩ0.00056
    Transaction:
      Amount: ꜩ0
      From: tz1KqTpEZ7Yob7QbPE4Hy4Wo8fHG8LhKxZSx
      To: KT1VqarPDicMFn1ejmQqqshUkUXTCTXwmkCN
      Entrypoint: mintOrBurn
      Parameter: (Pair 100000000 "tz1KqTpEZ7Yob7QbPE4Hy4Wo8fHG8LhKxZSx")
      This transaction was successfully applied
      Updated storage:
        { 0 ; 1 ; 0x000002298c03ed7d454a101eb7022bc95f7e5f41ac78 ; 100010000 }
      Updated big_maps:
        Set map(0)[0x000002298c03ed7d454a101eb7022bc95f7e5f41ac78] to 100000000
      Storage size: 1982 bytes
      Paid storage size diff: 71 bytes
      Consumed gas: 2375.060
      Balance updates:
        tz1KqTpEZ7Yob7QbPE4Hy4Wo8fHG8LhKxZSx ... -ꜩ0.01775
        storage fees ........................... +ꜩ0.01775


./octez-client --mode mockup call KT1VqarPDicMFn1ejmQqqshUkUXTCTXwmkCN from bootstrap1 --entrypoint approve --arg '(Pair "KT1TxqZ8QtKvLu3V3JH7Gx58n7Co8pgtpQU5" 1000000000)' --burn-cap 10
Node is bootstrapped.
Estimated gas: 2376.399 units (will add 100 for safety)
Estimated storage: 71 bytes added (will add 20 for safety)
Operation successfully injected in the node.
Operation hash is 'opANXwv88P4Mb2Sfvt9Bg4qvQw7mTYqqvsFb4F2w2K3swQkkS8T'
NOT waiting for the operation to be included.
Use command
  octez-client wait for opANXwv88P4Mb2Sfvt9Bg4qvQw7mTYqqvsFb4F2w2K3swQkkS8T to be included --confirmations 1 --branch BLockGenesisGenesisGenesisGenesisGenesisCCCCCeZiLHU
and/or an external block explorer to make sure that it has been included.
This sequence of operations was run:
  Manager signed operations:
    From: tz1KqTpEZ7Yob7QbPE4Hy4Wo8fHG8LhKxZSx
    Fee to the baker: ꜩ0.000558
    Expected counter: 2
    Gas limit: 2477
    Storage limit: 91 bytes
    Balance updates:
      tz1KqTpEZ7Yob7QbPE4Hy4Wo8fHG8LhKxZSx ... -ꜩ0.000558
      payload fees(the block proposer) ....... +ꜩ0.000558
    Transaction:
      Amount: ꜩ0
      From: tz1KqTpEZ7Yob7QbPE4Hy4Wo8fHG8LhKxZSx
      To: KT1VqarPDicMFn1ejmQqqshUkUXTCTXwmkCN
      Entrypoint: approve
      Parameter: (Pair "KT1TxqZ8QtKvLu3V3JH7Gx58n7Co8pgtpQU5" 1000000000)
      This transaction was successfully applied
      Updated storage:
        { 0 ; 1 ; 0x000002298c03ed7d454a101eb7022bc95f7e5f41ac78 ; 100010000 }
      Updated big_maps:
        Set map(1)[(Pair 0x000002298c03ed7d454a101eb7022bc95f7e5f41ac78
              0x01d496def47a3be89f5d54c6e6bb13cc6645d6e16600)] to 1000000000
      Storage size: 2053 bytes
      Paid storage size diff: 71 bytes
      Consumed gas: 2376.763
      Balance updates:
        tz1KqTpEZ7Yob7QbPE4Hy4Wo8fHG8LhKxZSx ... -ꜩ0.01775
        storage fees ........................... +ꜩ0.01775


./octez-client --mode mockup call KT1VqarPDicMFn1ejmQqqshUkUXTCTXwmkCN from bootstrap2 --entrypoint approve --arg '(Pair "KT1TxqZ8QtKvLu3V3JH7Gx58n7Co8pgtpQU5" 1000000000)' --burn-cap 10
Node is bootstrapped.
Estimated gas: 2376.399 units (will add 100 for safety)
Estimated storage: 71 bytes added (will add 20 for safety)
Operation successfully injected in the node.
Operation hash is 'ooqn5ft3czqM3bqc167hs3P3wk7kR9GFDDqZZXkrnu9SH7QVRsY'
NOT waiting for the operation to be included.
Use command
  octez-client wait for ooqn5ft3czqM3bqc167hs3P3wk7kR9GFDDqZZXkrnu9SH7QVRsY to be included --confirmations 1 --branch BLockGenesisGenesisGenesisGenesisGenesisCCCCCeZiLHU
and/or an external block explorer to make sure that it has been included.
This sequence of operations was run:
  Manager signed operations:
    From: tz1gjaF81ZRRvdzjobyfVNsAeSC6PScjfQwN
    Fee to the baker: ꜩ0.000558
    Expected counter: 1
    Gas limit: 2477
    Storage limit: 91 bytes
    Balance updates:
      tz1gjaF81ZRRvdzjobyfVNsAeSC6PScjfQwN ... -ꜩ0.000558
      payload fees(the block proposer) ....... +ꜩ0.000558
    Transaction:
      Amount: ꜩ0
      From: tz1gjaF81ZRRvdzjobyfVNsAeSC6PScjfQwN
      To: KT1VqarPDicMFn1ejmQqqshUkUXTCTXwmkCN
      Entrypoint: approve
      Parameter: (Pair "KT1TxqZ8QtKvLu3V3JH7Gx58n7Co8pgtpQU5" 1000000000)
      This transaction was successfully applied
      Updated storage:
        { 0 ; 1 ; 0x000002298c03ed7d454a101eb7022bc95f7e5f41ac78 ; 100010000 }
      Updated big_maps:
        Set map(1)[(Pair 0x0000e7670f32038107a59a2b9cfefae36ea21f5aa63c
              0x01d496def47a3be89f5d54c6e6bb13cc6645d6e16600)] to 1000000000
      Storage size: 2124 bytes
      Paid storage size diff: 71 bytes
      Consumed gas: 2376.763
      Balance updates:
        tz1gjaF81ZRRvdzjobyfVNsAeSC6PScjfQwN ... -ꜩ0.01775
        storage fees ........................... +ꜩ0.01775


./octez-client --mode mockup call KT1VqarPDicMFn1ejmQqqshUkUXTCTXwmkCN from bootstrap3 --entrypoint approve --arg '(Pair "KT1TxqZ8QtKvLu3V3JH7Gx58n7Co8pgtpQU5" 1000000000)' --burn-cap 10
Node is bootstrapped.
Estimated gas: 2376.399 units (will add 100 for safety)
Estimated storage: 71 bytes added (will add 20 for safety)
Operation successfully injected in the node.
Operation hash is 'onuiJr9rFdnn2XZVfDHiaYVPjrPSsSpMNeBxBJ12QkHA6Eq3sWV'
NOT waiting for the operation to be included.
Use command
  octez-client wait for onuiJr9rFdnn2XZVfDHiaYVPjrPSsSpMNeBxBJ12QkHA6Eq3sWV to be included --confirmations 1 --branch BLockGenesisGenesisGenesisGenesisGenesisCCCCCeZiLHU
and/or an external block explorer to make sure that it has been included.
This sequence of operations was run:
  Manager signed operations:
    From: tz1faswCTDciRzE4oJ9jn2Vm2dvjeyA9fUzU
    Fee to the baker: ꜩ0.000558
    Expected counter: 1
    Gas limit: 2477
    Storage limit: 91 bytes
    Balance updates:
      tz1faswCTDciRzE4oJ9jn2Vm2dvjeyA9fUzU ... -ꜩ0.000558
      payload fees(the block proposer) ....... +ꜩ0.000558
    Transaction:
      Amount: ꜩ0
      From: tz1faswCTDciRzE4oJ9jn2Vm2dvjeyA9fUzU
      To: KT1VqarPDicMFn1ejmQqqshUkUXTCTXwmkCN
      Entrypoint: approve
      Parameter: (Pair "KT1TxqZ8QtKvLu3V3JH7Gx58n7Co8pgtpQU5" 1000000000)
      This transaction was successfully applied
      Updated storage:
        { 0 ; 1 ; 0x000002298c03ed7d454a101eb7022bc95f7e5f41ac78 ; 100010000 }
      Updated big_maps:
        Set map(1)[(Pair 0x0000dac9f52543da1aed0bc1d6b46bf7c10db7014cd6
              0x01d496def47a3be89f5d54c6e6bb13cc6645d6e16600)] to 1000000000
      Storage size: 2195 bytes
      Paid storage size diff: 71 bytes
      Consumed gas: 2376.763
      Balance updates:
        tz1faswCTDciRzE4oJ9jn2Vm2dvjeyA9fUzU ... -ꜩ0.01775
        storage fees ........................... +ꜩ0.01775


./octez-client --mode mockup --wait none transfer 9001 from bootstrap1 to KT1TxqZ8QtKvLu3V3JH7Gx58n7Co8pgtpQU5 --burn-cap 10 --entrypoint addLiquidity --arg '(Pair "tz1KqTpEZ7Yob7QbPE4Hy4Wo8fHG8LhKxZSx" 0 1000000000 "2050-01-01T00:00:00Z")'
Node is bootstrapped.
Estimated gas: 9493.383 units (will add 100 for safety)
Estimated storage: 147 bytes added (will add 20 for safety)
Operation successfully injected in the node.
Operation hash is 'ooq5MoFVGaiUSrivqYfZ4s9ozY2A5NFiWygcPdbDV6GPkZjpWPq'
NOT waiting for the operation to be included.
Use command
  octez-client wait for ooq5MoFVGaiUSrivqYfZ4s9ozY2A5NFiWygcPdbDV6GPkZjpWPq to be included --confirmations 1 --branch BLockGenesisGenesisGenesisGenesisGenesisCCCCCeZiLHU
and/or an external block explorer to make sure that it has been included.
This sequence of operations was run:
  Manager signed operations:
    From: tz1KqTpEZ7Yob7QbPE4Hy4Wo8fHG8LhKxZSx
    Fee to the baker: ꜩ0.001315
    Expected counter: 3
    Gas limit: 9594
    Storage limit: 167 bytes
    Balance updates:
      tz1KqTpEZ7Yob7QbPE4Hy4Wo8fHG8LhKxZSx ... -ꜩ0.001315
      payload fees(the block proposer) ....... +ꜩ0.001315
    Transaction:
      Amount: ꜩ9001
      From: tz1KqTpEZ7Yob7QbPE4Hy4Wo8fHG8LhKxZSx
      To: KT1TxqZ8QtKvLu3V3JH7Gx58n7Co8pgtpQU5
      Entrypoint: addLiquidity
      Parameter: (Pair "tz1KqTpEZ7Yob7QbPE4Hy4Wo8fHG8LhKxZSx" 0 1000000000 "2050-01-01T00:00:00Z")
      This transaction was successfully applied
      Updated storage:
        { 21599 ;
          9001416765 ;
          2159830 ;
          0x01e927f00ef734dfc85919635e9afc9166c83ef9fc00 ;
          0x0115eb0104481a6d7921160bc982c5e0a561cd8a3a00 }
      Storage size: 4635 bytes
      Paid storage size diff: 6 bytes
      Consumed gas: 1450.590
      Balance updates:
        tz1KqTpEZ7Yob7QbPE4Hy4Wo8fHG8LhKxZSx ... -ꜩ0.0015
        storage fees ........................... +ꜩ0.0015
        tz1KqTpEZ7Yob7QbPE4Hy4Wo8fHG8LhKxZSx ... -ꜩ9001
        KT1TxqZ8QtKvLu3V3JH7Gx58n7Co8pgtpQU5 ... +ꜩ9001
      Internal operations:
        Internal Transaction:
          Amount: ꜩ0
          From: KT1TxqZ8QtKvLu3V3JH7Gx58n7Co8pgtpQU5
          To: KT1VqarPDicMFn1ejmQqqshUkUXTCTXwmkCN
          Entrypoint: transfer
          Parameter: (Pair 0x000002298c03ed7d454a101eb7022bc95f7e5f41ac78
                           (Pair 0x01d496def47a3be89f5d54c6e6bb13cc6645d6e16600 21598))
          This transaction was successfully applied
          Updated storage:
            { 0 ; 1 ; 0x000002298c03ed7d454a101eb7022bc95f7e5f41ac78 ; 100010000 }
          Updated big_maps:
            Set map(1)[(Pair 0x000002298c03ed7d454a101eb7022bc95f7e5f41ac78
                  0x01d496def47a3be89f5d54c6e6bb13cc6645d6e16600)] to 999978402
            Set map(0)[0x000002298c03ed7d454a101eb7022bc95f7e5f41ac78] to 99978402
            Set map(0)[0x01d496def47a3be89f5d54c6e6bb13cc6645d6e16600] to 21598
          Storage size: 2264 bytes
          Paid storage size diff: 69 bytes
          Consumed gas: 3690.135
          Balance updates:
            tz1KqTpEZ7Yob7QbPE4Hy4Wo8fHG8LhKxZSx ... -ꜩ0.01725
            storage fees ........................... +ꜩ0.01725
        Internal Transaction:
          Amount: ꜩ0
          From: KT1TxqZ8QtKvLu3V3JH7Gx58n7Co8pgtpQU5
          To: KT1AafHA1C1vk959wvHWBispY9Y2f3fxBUUo
          Entrypoint: mintOrBurn
          Parameter: (Pair 2159730 0x000002298c03ed7d454a101eb7022bc95f7e5f41ac78)
          This transaction was successfully applied
          Updated storage:
            { 2 ; 3 ; 0x01d496def47a3be89f5d54c6e6bb13cc6645d6e16600 ; 2159830 }
          Updated big_maps:
            Set map(2)[0x000002298c03ed7d454a101eb7022bc95f7e5f41ac78] to 2159730
          Storage size: 2050 bytes
          Paid storage size diff: 72 bytes
          Consumed gas: 2299.529
          Balance updates:
            tz1KqTpEZ7Yob7QbPE4Hy4Wo8fHG8LhKxZSx ... -ꜩ0.018
            storage fees ........................... +ꜩ0.018


./octez-client --mode mockup --wait none transfer 9001 from bootstrap2 to KT1TxqZ8QtKvLu3V3JH7Gx58n7Co8pgtpQU5 --burn-cap 10 --entrypoint xtzToToken --arg '(Pair "tz1gjaF81ZRRvdzjobyfVNsAeSC6PScjfQwN" 0 "2050-01-01T00:00:00Z")'
Node is bootstrapped.
Estimated gas: 6067.122 units (will add 100 for safety)
Estimated storage: 327 bytes added (will add 20 for safety)
Operation successfully injected in the node.
Operation hash is 'oo4QPZR8f2NuHShxU4qYmyjNgp3gJhoL2gEajuzvBCduwf6tL8R'
NOT waiting for the operation to be included.
Use command
  octez-client wait for oo4QPZR8f2NuHShxU4qYmyjNgp3gJhoL2gEajuzvBCduwf6tL8R to be included --confirmations 1 --branch BLockGenesisGenesisGenesisGenesisGenesisCCCCCeZiLHU
and/or an external block explorer to make sure that it has been included.
This sequence of operations was run:
  Manager signed operations:
    From: tz1gjaF81ZRRvdzjobyfVNsAeSC6PScjfQwN
    Fee to the baker: ꜩ0.000964
    Expected counter: 2
    Gas limit: 6168
    Storage limit: 347 bytes
    Balance updates:
      tz1gjaF81ZRRvdzjobyfVNsAeSC6PScjfQwN ... -ꜩ0.000964
      payload fees(the block proposer) ....... +ꜩ0.000964
    Transaction:
      Amount: ꜩ9001
      From: tz1gjaF81ZRRvdzjobyfVNsAeSC6PScjfQwN
      To: KT1TxqZ8QtKvLu3V3JH7Gx58n7Co8pgtpQU5
      Entrypoint: xtzToToken
      Parameter: (Pair "tz1gjaF81ZRRvdzjobyfVNsAeSC6PScjfQwN" 0 "2050-01-01T00:00:00Z")
      This transaction was successfully applied
      Updated storage:
        { 10811 ;
          17993499098 ;
          2159830 ;
          0x01e927f00ef734dfc85919635e9afc9166c83ef9fc00 ;
          0x0115eb0104481a6d7921160bc982c5e0a561cd8a3a00 }
      Storage size: 4636 bytes
      Paid storage size diff: 1 bytes
      Consumed gas: 920.227
      Balance updates:
        tz1gjaF81ZRRvdzjobyfVNsAeSC6PScjfQwN ... -ꜩ0.00025
        storage fees ........................... +ꜩ0.00025
        tz1gjaF81ZRRvdzjobyfVNsAeSC6PScjfQwN ... -ꜩ9001
        KT1TxqZ8QtKvLu3V3JH7Gx58n7Co8pgtpQU5 ... +ꜩ9001
      Internal operations:
        Internal Transaction:
          Amount: ꜩ0
          From: KT1TxqZ8QtKvLu3V3JH7Gx58n7Co8pgtpQU5
          To: KT1VqarPDicMFn1ejmQqqshUkUXTCTXwmkCN
          Entrypoint: transfer
          Parameter: (Pair 0x01d496def47a3be89f5d54c6e6bb13cc6645d6e16600
                           (Pair 0x0000e7670f32038107a59a2b9cfefae36ea21f5aa63c 10788))
          This transaction was successfully applied
          Updated storage:
            { 0 ; 1 ; 0x000002298c03ed7d454a101eb7022bc95f7e5f41ac78 ; 100010000 }
          Updated big_maps:
            Set map(0)[0x01d496def47a3be89f5d54c6e6bb13cc6645d6e16600] to 10810
            Set map(0)[0x0000e7670f32038107a59a2b9cfefae36ea21f5aa63c] to 10788
          Storage size: 2333 bytes
          Paid storage size diff: 69 bytes
          Consumed gas: 2993.514
          Balance updates:
            tz1gjaF81ZRRvdzjobyfVNsAeSC6PScjfQwN ... -ꜩ0.01725
            storage fees ........................... +ꜩ0.01725
        Internal Transaction:
          Amount: ꜩ9.001
          From: KT1TxqZ8QtKvLu3V3JH7Gx58n7Co8pgtpQU5
          To: tz1Ke2h7sDdakHJQh8WX4Z372du1KChsksyU
          This transaction was successfully applied
          Consumed gas: 100
          Balance updates:
            KT1TxqZ8QtKvLu3V3JH7Gx58n7Co8pgtpQU5 ... -ꜩ9.001
            tz1Ke2h7sDdakHJQh8WX4Z372du1KChsksyU ... +ꜩ9.001
            tz1gjaF81ZRRvdzjobyfVNsAeSC6PScjfQwN ... -ꜩ0.06425
            storage fees ........................... +ꜩ0.06425


./octez-client --mode mockup call KT1VqarPDicMFn1ejmQqqshUkUXTCTXwmkCN from bootstrap2 --entrypoint transfer --arg '(Pair "tz1gjaF81ZRRvdzjobyfVNsAeSC6PScjfQwN" "tz1faswCTDciRzE4oJ9jn2Vm2dvjeyA9fUzU" 100)' --burn-cap 10
Node is bootstrapped.
Estimated gas: 3074.768 units (will add 100 for safety)
Estimated storage: 68 bytes added (will add 20 for safety)
Operation successfully injected in the node.
Operation hash is 'op89Drr7PGKxzy5hFL8suaz5mviEyw3ijEbsA6pCtvarA3gaARU'
NOT waiting for the operation to be included.
Use command
  octez-client wait for op89Drr7PGKxzy5hFL8suaz5mviEyw3ijEbsA6pCtvarA3gaARU to be included --confirmations 1 --branch BLockGenesisGenesisGenesisGenesisGenesisCCCCCeZiLHU
and/or an external block explorer to make sure that it has been included.
This sequence of operations was run:
  Manager signed operations:
    From: tz1gjaF81ZRRvdzjobyfVNsAeSC6PScjfQwN
    Fee to the baker: ꜩ0.000675
    Expected counter: 3
    Gas limit: 3175
    Storage limit: 88 bytes
    Balance updates:
      tz1gjaF81ZRRvdzjobyfVNsAeSC6PScjfQwN ... -ꜩ0.000675
      payload fees(the block proposer) ....... +ꜩ0.000675
    Transaction:
      Amount: ꜩ0
      From: tz1gjaF81ZRRvdzjobyfVNsAeSC6PScjfQwN
      To: KT1VqarPDicMFn1ejmQqqshUkUXTCTXwmkCN
      Entrypoint: transfer
      Parameter: (Pair "tz1gjaF81ZRRvdzjobyfVNsAeSC6PScjfQwN"
                       "tz1faswCTDciRzE4oJ9jn2Vm2dvjeyA9fUzU"
                       100)
      This transaction was successfully applied
      Updated storage:
        { 0 ; 1 ; 0x000002298c03ed7d454a101eb7022bc95f7e5f41ac78 ; 100010000 }
      Updated big_maps:
        Set map(0)[0x0000dac9f52543da1aed0bc1d6b46bf7c10db7014cd6] to 100
        Set map(0)[0x0000e7670f32038107a59a2b9cfefae36ea21f5aa63c] to 10688
      Storage size: 2401 bytes
      Paid storage size diff: 68 bytes
      Consumed gas: 3075.132
      Balance updates:
        tz1gjaF81ZRRvdzjobyfVNsAeSC6PScjfQwN ... -ꜩ0.017
        storage fees ........................... +ꜩ0.017


./octez-client --mode mockup call KT1TxqZ8QtKvLu3V3JH7Gx58n7Co8pgtpQU5 from bootstrap3 --entrypoint tokenToXtz --arg '(Pair "tz1faswCTDciRzE4oJ9jn2Vm2dvjeyA9fUzU" 100 0 "2050-01-01T00:00:00Z")' --burn-cap 10
Node is bootstrapped.
Estimated gas: 7064.138 units (will add 100 for safety)
Estimated storage: no bytes added
Operation successfully injected in the node.
Operation hash is 'opaftcuoSBnXMV23RwWfzp9oVDyZjgTyRRW6QYEnVgjpnjG31Pe'
NOT waiting for the operation to be included.
Use command
  octez-client wait for opaftcuoSBnXMV23RwWfzp9oVDyZjgTyRRW6QYEnVgjpnjG31Pe to be included --confirmations 1 --branch BLockGenesisGenesisGenesisGenesisGenesisCCCCCeZiLHU
and/or an external block explorer to make sure that it has been included.
This sequence of operations was run:
  Manager signed operations:
    From: tz1faswCTDciRzE4oJ9jn2Vm2dvjeyA9fUzU
    Fee to the baker: ꜩ0.001062
    Expected counter: 2
    Gas limit: 7165
    Storage limit: 0 bytes
    Balance updates:
      tz1faswCTDciRzE4oJ9jn2Vm2dvjeyA9fUzU ... -ꜩ0.001062
      payload fees(the block proposer) ....... +ꜩ0.001062
    Transaction:
      Amount: ꜩ0
      From: tz1faswCTDciRzE4oJ9jn2Vm2dvjeyA9fUzU
      To: KT1TxqZ8QtKvLu3V3JH7Gx58n7Co8pgtpQU5
      Entrypoint: tokenToXtz
      Parameter: (Pair "tz1faswCTDciRzE4oJ9jn2Vm2dvjeyA9fUzU" 100 0 "2050-01-01T00:00:00Z")
      This transaction was successfully applied
      Updated storage:
        { 10911 ;
          17828916091 ;
          2159830 ;
          0x01e927f00ef734dfc85919635e9afc9166c83ef9fc00 ;
          0x0115eb0104481a6d7921160bc982c5e0a561cd8a3a00 }
      Storage size: 4636 bytes
      Consumed gas: 920.732
      Internal operations:
        Internal Transaction:
          Amount: ꜩ0
          From: KT1TxqZ8QtKvLu3V3JH7Gx58n7Co8pgtpQU5
          To: KT1VqarPDicMFn1ejmQqqshUkUXTCTXwmkCN
          Entrypoint: transfer
          Parameter: (Pair 0x0000dac9f52543da1aed0bc1d6b46bf7c10db7014cd6
                           (Pair 0x01d496def47a3be89f5d54c6e6bb13cc6645d6e16600 100))
          This transaction was successfully applied
          Updated storage:
            { 0 ; 1 ; 0x000002298c03ed7d454a101eb7022bc95f7e5f41ac78 ; 100010000 }
          Updated big_maps:
            Set map(1)[(Pair 0x0000dac9f52543da1aed0bc1d6b46bf7c10db7014cd6
                  0x01d496def47a3be89f5d54c6e6bb13cc6645d6e16600)] to 999999900
            Unset map(0)[0x0000dac9f52543da1aed0bc1d6b46bf7c10db7014cd6]
            Set map(0)[0x01d496def47a3be89f5d54c6e6bb13cc6645d6e16600] to 10910
          Storage size: 2333 bytes
          Consumed gas: 3889.951
        Internal Transaction:
          Amount: ꜩ164.584923
          From: KT1TxqZ8QtKvLu3V3JH7Gx58n7Co8pgtpQU5
          To: tz1faswCTDciRzE4oJ9jn2Vm2dvjeyA9fUzU
          This transaction was successfully applied
          Consumed gas: 100
          Balance updates:
            KT1TxqZ8QtKvLu3V3JH7Gx58n7Co8pgtpQU5 ... -ꜩ164.584923
            tz1faswCTDciRzE4oJ9jn2Vm2dvjeyA9fUzU ... +ꜩ164.584923
        Internal Transaction:
          Amount: ꜩ0.16475
          From: KT1TxqZ8QtKvLu3V3JH7Gx58n7Co8pgtpQU5
          To: tz1Ke2h7sDdakHJQh8WX4Z372du1KChsksyU
          This transaction was successfully applied
          Consumed gas: 100
          Balance updates:
            KT1TxqZ8QtKvLu3V3JH7Gx58n7Co8pgtpQU5 ... -ꜩ0.16475
            tz1Ke2h7sDdakHJQh8WX4Z372du1KChsksyU ... +ꜩ0.16475


./octez-client --mode mockup get contract storage for KT1AafHA1C1vk959wvHWBispY9Y2f3fxBUUo
Pair 2 3 "KT1TxqZ8QtKvLu3V3JH7Gx58n7Co8pgtpQU5" 2159830

./octez-client --mode mockup get contract storage for KT1VqarPDicMFn1ejmQqqshUkUXTCTXwmkCN
Pair 0 1 "tz1KqTpEZ7Yob7QbPE4Hy4Wo8fHG8LhKxZSx" 100010000
