KZG.RC_single_valid:
Proof size: 3.19 KB
Proof hash: c2bfa247caf1ee8ff322b566ee77c9aec0d6fff337a26571c6924ac548e5b047
Prover_pp hash: a0ebe94ae9c2c46090429e02ccca22004da21a28c07a71f79f6bc7ff9a4e6c5d
Verifier_pp hash: faada1affc9e744243d6e99e9555661a730a1d8426fe671a611761281fd6167b

KZG.basic:
Proof size: 3.23 KB
Proof hash: 32ac502dfb9d829257f9f97ff6a9c32e087792caa92ee3ffa9e1a7efda472990
Prover_pp hash: abafeb8d739d2fe1fc1e46d1b88e7f02dad1b015ba841f1288922fca0e33731e
Verifier_pp hash: 6ebbbf2ade33c33f884e519af885af2bdec88eb1de9e52602a9621a064ddd0e7

KZG+RC_single_valid+RC_single_valid+basic+basic:
Proof size: 7.78 KB
Proof hash: a7aa517606ee7c0c33694480b7a37259fc480dca55070c3702f9fb9990f5832b
Prover_pp hash: 2193a8cd8669ec6750901f42b841f933532a49be2950766c1901d34e002296fc
Verifier_pp hash: b48c34829eb05ada073517326c8bcd84a67b6f0dddb8873124dec337f70e9173

KZG_Pack.RC_single_valid:
Proof size: 9.38 KB
Proof hash: 0d668eeffd97301c4f53e49f02bc5b503345fb9399866670d268d2cde6a7aa9f
Prover_pp hash: e9e21ee9b009b56dede665c8068bd12593e02fe718ea70cb57b56d29bc549cf4
Verifier_pp hash: 65bc074087446359ce7470de5036404f6fb4dbeefe40a2bff5253bc655fedb02

KZG_Pack.basic:
Proof size: 10.62 KB
Proof hash: a96f7827c6f45daf7ff6cc96e670685943128311196b4003436d8d1538c23f5c
Prover_pp hash: 7d85c4e97d4e625e4eeb090f3f2f05d6f1430d3167df63e2d6e2c06de5e15f5c
Verifier_pp hash: 33484fe2661467b80b290e7d5c8ad0954984dfab0670c2a862ca3601bcac732d

KZG_Pack+RC_single_valid+RC_single_valid+basic+basic:
Proof size: 13.46 KB
Proof hash: d6a7af905d6723982e173ee818e8145cf71e5ad436c4de4f3f4ec6633869eddb
Prover_pp hash: 66586418645f661162cf2e3dad517958cc20a7f4576a83d3b2e0223b435a579a
Verifier_pp hash: 908667d695a0726a4a32262ed3c31550b86fb99efc12acec4767ba403f18df55

KZG.qc:
Proof size: 1.74 KB
Proof hash: 76a56125a31a44236cc939dd971c31b1765c48cb94f75b29e875e577acced0b5
Prover_pp hash: fe1d64dd04d87b5258826427d82dcddb0eb6ccb3b315ddb1b9c7fa0bb2237fe7
Verifier_pp hash: 56086c29f5cf9a71589ea5a819a431458dd36c839bb27ee15bd193e772a50974

KZG.q_w0:
Proof size: 1.79 KB
Proof hash: e27e770ff59b6ee43791da4401ef81941fd68f4a92db2a5b62947651586b2224
Prover_pp hash: e042801af6b51c0ce6b1b72876a0803933fceb088713915aef3b218f56136118
Verifier_pp hash: 7e701a4fc3c93939a6f423399e8b5805b92e1e87d65eda5ad3ba37d3959e0cb3

KZG.q_w1:
Proof size: 1.79 KB
Proof hash: 0fde4edb703bbabe3b4d9df83f61bf7daaca05a33ee6d57685b21583a80d9c2a
Prover_pp hash: 5df634eaafba153194011ff2a7c2e2459ac999ef5db972eeed17fdd0f585f639
Verifier_pp hash: 39f53e7baf56e9cff336f1c3c7a0dd050717f2760e5c7b0c89edac3cde8a8e95

KZG.q_w3:
Proof size: 1.79 KB
Proof hash: 25911101df67a89cc9d7493fa5429bfc3dd61f80b4f1fe323848d3f4ab3c5130
Prover_pp hash: eb3a83229b28d78714c10bcef2341d0be322c60bb367b46987e860662e0e9f29
Verifier_pp hash: c198d6ec24fbec403e5fc9a5c796266482f502f2c8db0d199dfd992fd65cd825

KZG.q_w4:
Proof size: 1.79 KB
Proof hash: 461a1ec9db0665678bc41d30a4a156081f7b63a340450963fbbd34b3b2a40c4b
Prover_pp hash: 3f559d18da94ff0553c89cb5f7ca7e178f6325a501e5a86a07001cc924f7641e
Verifier_pp hash: b7916f85346caa45d3c7dfea98025b41123cd449be0b9019c1b95850f3711260

KZG.q_w5:
Proof size: 1.79 KB
Proof hash: c408c5e1a634a5e229e7c32f20b563c5f31c2ccf6c6c4e14b22013d522a586e9
Prover_pp hash: a9ad3dba00ddf7653db16a67cdaf2d7b92efbb70e8efa70c5f57d740e234e5a1
Verifier_pp hash: eb89153835301f044f407e478e8f71f07b1a8eb708006731e7002d14c0c26a2d

KZG.q_w0g:
Proof size: 2.09 KB
Proof hash: eb007364f68157fff305979ba5a4d4a3193504034bf81dc3c70d883be4d1b429
Prover_pp hash: abea2e4ffa83198c9490d63e44409048fcd88b676051f58d9aedac6c4997117f
Verifier_pp hash: 6f5f988ec31a73465ad2e55204b1c603844a430b7bdc96d8674499b959b579aa

KZG.q_w1g:
Proof size: 2.09 KB
Proof hash: 70abca8ad8db32b4114db9cd9695a22eda4f5ffb40b8ef994ef4d579d73ac658
Prover_pp hash: 505cb60b24c35d477d9818aefb8c42975e618c674e24a4664fe635d0c73e5431
Verifier_pp hash: 1e474f2eb49192dd5f1eca86ef9d074ddfd5155833e9c27879b785d9b1d10b9c

KZG.q_w2g:
Proof size: 2.09 KB
Proof hash: 2b5eb67e40a0d59b1ef8b0c6ee5258340df3b233b5547b546ad4baa9c5bdad13
Prover_pp hash: 4ae76f7061e7eaa5b7b4aba01c3d79cbeae08012e8035616c28d18c5eb7ac39d
Verifier_pp hash: 263626699ecbcde4eb527603c1ee30f18ae804d3e30fddef797d4c133785515d

KZG.q_w3g:
Proof size: 2.09 KB
Proof hash: 9a411b080248eec6d3b6a8affe4ff68894246b52158734530d6f8bc7912b40cb
Prover_pp hash: c92e8b05d741431dafa082ada5c1791d224b203e44d083306bcef1123f52b039
Verifier_pp hash: cc62eb7e9fe91bb16df1e842cd1a223da2d0555dabf702b4b9d60e4abb09956f

KZG.q_w4g:
Proof size: 2.09 KB
Proof hash: ddfb4c168f7dde9e7450a412be9a1f74c1a535a423b9024d36e991c370fe3726
Prover_pp hash: ddea47a7251993ec90f2936b74244157f48f64910fa7237fa113c949d5562066
Verifier_pp hash: ed41047fac51dad52b8d2043a27a5686e3710adc0d3094dea58ba73efb508f76

KZG.q_w5g:
Proof size: 2.09 KB
Proof hash: 454071422e78f210f555bdef6cb66c69780bdc9d474f9c4066a9e5ec473aa170
Prover_pp hash: 201cdbf1e6842d7a2ce29f8c9a10a8cdc59702de6ea39499453a2b7d7cb488b7
Verifier_pp hash: 49579f5b754d6ba9d4b99725d420da0b27d1568a1c6b42bbd3ac3e7c28dac17d

KZG.qm:
Proof size: 1.74 KB
Proof hash: ac05d90c6bac3633f351b0f20b78a8a4007f1ed4e1974a56a2038d0d09f2944d
Prover_pp hash: 04677627e62a21e4952b5934eb99977a5bccd435572fdd693fa6762c29245580
Verifier_pp hash: 25eabe6f6b3eb92a23f15b82ee1c652323d7b0ddc313e5bba9366c6464af1ed4

KZG.qx2b:
Proof size: 1.79 KB
Proof hash: b97b8d8d6b092574a492d828143a39ada406b069e841bb273965736ae82436c2
Prover_pp hash: 2b5b08c008dcc08bede8851a70fb694d0f8745b616f77f72df9c9d13153b537b
Verifier_pp hash: 81f4b99821417eddaf0b4567fa2c9ae3612abdb77524e30b0b971c6336d7107c

KZG.qx5a:
Proof size: 1.79 KB
Proof hash: 8224165b5c49f5fc3dd206a572f2c99790e0992b8a0cc7948d3c2de38de10bd0
Prover_pp hash: 1883ab36a7c0ed86fbd06e0ac7d84ffd9069295fde559608a784b03a3ca2ed19
Verifier_pp hash: c62210ff2f8384dbbeadde6376aa55d2a96a8397ba1c258aa1c5a6ad84a121c1

KZG.qx5c:
Proof size: 1.79 KB
Proof hash: 0995d9e6114333176b2c8f9093b0b46fa49690262109eaba549976fbc935f73d
Prover_pp hash: a5b761f5f0253c292f1fae2cdcfc7b367d3b7b661c088932f692ad3e59bfe6b7
Verifier_pp hash: 91fd8ec0f27a8b22bc00a135c615ea1716e0f4ce5b81b5dc1f25f8896b38907b

KZG.qecc_ws_add:
Proof size: 2.21 KB
Proof hash: 2a23e75bfa0ec5d7c5e0d28e4052ff3e2722a7220a49e6dbaafe8eb3dd9b8f85
Prover_pp hash: 08d66a314334fa268801ebd845b3246356cda72b4d9b2070f07ade7b96967926
Verifier_pp hash: b161ed636112af10448451b8a7822ae118f869f99e4c8faf619fc8f9963a57e6

KZG.qecc_ed_add:
Proof size: 2.21 KB
Proof hash: e00910e86780b8bf2226ba21d2a91767aa9f942c678da6ba8f6a2151ee2325c6
Prover_pp hash: 1c19b6d8ae899ffaa70ddf252aab013c174a0e14dc06d9fb3a7b416d46c32730
Verifier_pp hash: b30c2a8938d3322efc9bb07b2e079d2c9397ec891b78c6a2c0b006622a4b15cd

KZG.qecc_cond_ed_add:
Proof size: 2.36 KB
Proof hash: 7b9120c36ed0e8e373cba471c432838e54949ea89ecace50e468203469309703
Prover_pp hash: eed5b5692a65de1d47b14453d60de2c945d80d614cbe17121aa57a2c91fa1a39
Verifier_pp hash: c7d0baa8be0190046abe422619e4c9fecb9c8baebda352a38bfd13e668ba0abd

KZG.qbool:
Proof size: 1.77 KB
Proof hash: 56a1e6180f137b018f701c33e0f82cf976cc8b5c1d11cc9797e8e20ebc7d990f
Prover_pp hash: f21b274acca255e6a7f0a825831300a90278af0fef79053d1a7c4b6562394dd6
Verifier_pp hash: c8a789cfcd3c764c99394990f944239b18fa39d413b3a9725fed6757d16f9caf

KZG.qcond_swap:
Proof size: 1.88 KB
Proof hash: 3fc94094e19c18b429acd830232743e6f2f62c0684afc601113253d692500f37
Prover_pp hash: 11f4fbdfb5ce211e63d4b5c3d2f75778320c12b465f5598106d24db4e3be1e59
Verifier_pp hash: 44ac38d399bae4f486a4078b3a87d44cec1d00724869d1389ada2f3e47aa61c5

KZG.q_anemoi:
Proof size: 2.43 KB
Proof hash: bbda3c7ed8c7f96c743c5b84c1e14cedf62ae335bdbf4ce92c286d24b5136ac0
Prover_pp hash: c99bb04bb2711b3d8280cbc0ce02c4d2fbd4f23a4db5f738de8ea556e6db5d37
Verifier_pp hash: 9e799a398e000386a22c7f07c470d7da88b347b91a848a892807a8fc344b8e12

KZG.bnot:
Proof size: 1.83 KB
Proof hash: 339cf67a1f6c0e0204755c097f117d5087e78f0197be87f73c17baafd90553bc
Prover_pp hash: ea8a6bdc720c345b2135e084b87b39f58643072d11b55111c5dc2f141e5fe1b7
Verifier_pp hash: dc8c38d9ba6e78a148f1c60909698a720b1d95fd5b20578c71483076a9c51503

KZG.zero_values:
Proof size: 2.42 KB
Proof hash: 47504cd6924723ce401072cef39123d21bfa94d069e3df6f706028b98ec31169
Prover_pp hash: 9927ecb0acfd8aa8fe7eda779417ec2187dae8549bcad986c637b0a85e10b5c8
Verifier_pp hash: cba85c033cae4a47ff3e75729a78ac7947e12ec052b575d4e6be75e16983f300

KZG.non_zero_values:
Proof size: 2.54 KB
Proof hash: d9ef17ffac6b3fd8c0641e020b26d015a54750dbecf08f52ef958e9f272cc555
Prover_pp hash: 4d7536643cddf90b5225d1949aaad5e2a4dd9ee9ac644b48195c96d8a2522b89
Verifier_pp hash: 942b450cf857883fd5e25d232ffc484f454ca11554564cd7afdda01d2c30c13f

KZG.no_public_inputs:
Proof size: 2.58 KB
Proof hash: 53a93ff38f54878e1734006440ef1bc39738a9a9359b66008e9a45e385cd6dbf
Prover_pp hash: d0cb670b9eba1f89d527818e59fb02b23ebafc18c88cd73518e40ec2b8a5966f
Verifier_pp hash: 1db67eaf7300dca3e9b424f27a4f40182dd41c97ab710e61e7d990a2f71576cf

KZG.input_commitment:
Proof size: 2.82 KB
Proof hash: 3620bd8a0b29d7c9f0bed2f9df432ae5f8ac4a9d5df358f93c10be84b46d092b
Prover_pp hash: 971675704d5ddbd4e0ac97c7bd78371426931f40c6d2b5bbc917da3707f4606b
Verifier_pp hash: 9bd7a76bb6549afd93c8d119a77064c07e650a4c10839ede9e7940430368cb91

KZG.add_mod_2^255-19.no_wrap_around:
Proof size: 2.77 KB
Proof hash: 6025ae78b0725a0b3aa87db5d1714d6fb295bb370af1335775f7e8f1d808a0c0
Prover_pp hash: aa0de0894d3ae5e244cd292a8402a58f03bf957b050f404c4a9a3b85bdc43d62
Verifier_pp hash: 1dd752136d873be97e69d1e74c4f59a9003baef51ef95c43a10f85be215ad453

KZG.add_mod_2^255-19.wrap_around:
Proof size: 2.68 KB
Proof hash: 5bbef4517ce539f0f69539772cf24a6a83d38a40a1b1250e68f0a613eda31da3
Prover_pp hash: 49ff3aa54b58e1c62cc27677464dc397816230fa49fd009ac3c60467e3c885cf
Verifier_pp hash: 1f7ca70cfd2aa754db19026b2702f4517383ebfff811e0cadf5db5632b445a78

KZG.add_mod_2^255-19.non-std out:
Proof size: 2.68 KB
Proof hash: 87065af50d58e6f6434c87bc32efafb139db3e0bf7e4ccf3f70a415c2a372a3b
Prover_pp hash: f74e735f19c9cd5c869119bb581eaa276aa380004dbc001d5bfdc02f76e0e92f
Verifier_pp hash: 850d676e1f678992bf45790abc21923b40eb46ef5d1c6244fe3557e1ad3846ea

KZG.sub_mod_2^255-19.no_wrap_around:
Proof size: 2.77 KB
Proof hash: a9d1270df57b79d65a5e40f84f253a720bc55e55fe066760591b038ebd0af797
Prover_pp hash: 2b620c6f09164d3eff9e3051c1950f354897a02e3ccdd06fd43571a4d0395fad
Verifier_pp hash: 29f1ea8a2f69e3a37a789373b7a2210f0a0d29f86b9dfa63d5535526430f6922

KZG.sub_mod_2^255-19.wrap_around:
Proof size: 2.68 KB
Proof hash: 08ef2b25994973ddfc59de7f420d7dca0a9fafa127c0179e50c1742263d1f118
Prover_pp hash: 19e952ddaec9ec2857ed1a760edf936d7b01e73f58d069cbaaca86527f15f947
Verifier_pp hash: d5df6833b497501ca90a4bf69f313407ab881ae6ede37a4fd4cb9d13ba480387

KZG.add_mod_2^64.no_wrap_around:
Proof size: 2.65 KB
Proof hash: 0b625ff4933eed58204f7824502cb8e733bd0941838231ae33769b6cc4f49ece
Prover_pp hash: 6521b2a3211333356c4abc5732ea0006a2927f023ebda463dab2d543f1e86760
Verifier_pp hash: d16d20375804fea085a04d956996f63e980f21fab593309a9537ea2b109b228f

KZG.add_mod_2^64.wrap_around:
Proof size: 2.57 KB
Proof hash: 12c18273ac0340a75dd69f05d3f3a4f12baf8c87ae5732eaccda9a037ecfb49f
Prover_pp hash: 0745270f435955a9d6b90c902c23ad2a271559073416e09444c8265d18120633
Verifier_pp hash: 43422f888e16f56d808f09ecd3446a7a6a6c1f0064bcd7fd80ec757e695d5494

KZG.sub_mod_2^64.no_wrap_around:
Proof size: 2.65 KB
Proof hash: b7057ef7e2fba8b406811bd99bbc5f039c62d40bae98dc0293c82d352460254b
Prover_pp hash: 3acf7114db813ac92c55dae61f8772b65288f4606ae15de68a253f6c2e06f2ca
Verifier_pp hash: ab0f31f8a54c2b94751ff8bc4e231a843788bd976ea704666cb9f258eab82e17

KZG.sub_mod_2^64.wrap_around:
Proof size: 2.57 KB
Proof hash: b98138a93100a725ee456fbd6f68dadf54b9155d7147abc5db3a3cc9871992ef
Prover_pp hash: e5c6f28e0f2e1e73614f20086336d9885e6aa03cf8a991a065cae3bdafb42a60
Verifier_pp hash: 8bcb0a073872370da71de662161e05da76a69e48fd0fc628bc6a1f0ebba4d517

KZG.mul_mod_2^255-19.no_wrap_around:
Proof size: 2.77 KB
Proof hash: de4a42cd2ce857a1737d4fc747a46f1d54ab04371e2440bc6666baf835fe9c03
Prover_pp hash: b36d773972e43d21dce303f6c993079c3273df5fa6e32d15f503d42f37c08a7a
Verifier_pp hash: 332c904b625678f1b1edc7ea77c5b3a57ed25dc4df26c65756b1cb86b5af247a

KZG.mul_mod_2^255-19.wrap_around:
Proof size: 2.68 KB
Proof hash: cda495e8c4305096b7b24f3f6762593207575c5357e56659656dfbf10d37960b
Prover_pp hash: 7d93befbe38d6e72db007125b537bb3694b542ff66d8bbbbd728edb27b83a42b
Verifier_pp hash: 8bc479a4b7f5b77efcd3972668fe0f924435aa9ff0063c906b51615e7ae0cd6e

KZG.mul_mod_2^255-19.non-std out:
Proof size: 2.68 KB
Proof hash: cdf797438ce2878d6b7ea8fca5d89daf37034731b9335db629d64c194cd064ab
Prover_pp hash: 5beeffe40bc5d46dfe972859c1ebab268f503fae53074ebae3991c3db6478280
Verifier_pp hash: fd7eb58dd044e9366f350641812a8e4d4f5b2dc2564aa620cd185b441f0f5b72

KZG.div_mod_2^255-19.no_wrap_around:
Proof size: 2.77 KB
Proof hash: 4c7742b1294766d81dd66df807773323c2e5b531c5c4baa8f44d31bd8eabbc70
Prover_pp hash: eb80702c7c96b55c81bf49d06f3917bf6b3d87fa82872a0b098249d9dbd1300f
Verifier_pp hash: cbb568beb71925619e13d000fc541e4a6aae3094ef5e3ee6660b44814b5d3f8d

KZG.div_mod_2^255-19.wrap_around:
Proof size: 2.68 KB
Proof hash: 829db2c7b4bf9e86c3f60a2fcf9e2d2c58839d4e79fbb06fb75084b13d1408ca
Prover_pp hash: ddd5b7ac991f4cb8dd3494df7cf8f0f16a4c1c0ecabec72e3a78fdd2263e7103
Verifier_pp hash: 9169d2bd6d1f31c5272f28918134f0722935d65075237a0044c737bcb5ae4ea6

KZG.mul_mod_2^64.no_wrap_around:
Proof size: 2.65 KB
Proof hash: 520f853363a8cd92771349aca0e69fe2f83cdc74166dece56e24499a58a0e2fa
Prover_pp hash: 99ace53483ae082c57ba03120b5d9645979befc1dcd1ca1a0d727d4c1cb28249
Verifier_pp hash: cad5cd207aa61af93ecb02b4227b307758dc694e18b5b32d14c2870159175d50

KZG.mul_mod_2^64.wrap_around:
Proof size: 2.57 KB
Proof hash: b08d30c7059c6642728d55ef47ed8a7bac1c0b4c4396675cf4c5e88af6cd83f1
Prover_pp hash: 237a6aa22383e7ce2b506b077339b1f6119f65c48caa3dcff3c770430383f409
Verifier_pp hash: 1617fa82936a4f801c30794145c9aa31e698e0ecdb8dbb8c36c5f4e87134d6da

KZG.big_circuit.2.5:
Proof size: 2.31 KB
Proof hash: bccff6a0a639ed63eaa5c1e2e08f2d3177c5c089e16a35dae885b801b672a17d
Prover_pp hash: f33cbd80faece810987f68ef9ebe578b1bc3cf06538499ae665f3aef7d02c50e
Verifier_pp hash: 6cf27306db46cae77309992f2c365ef01975cd22ad373f31f10c829332e50c3a

KZG.big_circuit.2.5:
Proof size: 2.31 KB
Proof hash: c44f9cd1bb6d5ea78e52ca2693ae5805d6267f63084bffdbbf3555605aaa5517
Prover_pp hash: f33cbd80faece810987f68ef9ebe578b1bc3cf06538499ae665f3aef7d02c50e
Verifier_pp hash: 6cf27306db46cae77309992f2c365ef01975cd22ad373f31f10c829332e50c3a

KZG.qplookup:
Proof size: 3.08 KB
Proof hash: 59be6b4c3159b081344a8578a128360aefbfac39a8a70c7382983c26298359be
Prover_pp hash: 580ad64631e60c4021f955a388998f49082b845b3fe47e79941fe3d739c7c4a1
Verifier_pp hash: 51865a7e2d6adde07b6849bf75ad14efbd1b34737939dcf2abd46f3d05b572a7

KZG.qplookup_two_tables:
Proof size: 3.56 KB
Proof hash: ce710a31d3f27b829180cf51251798ff79278a70e60f04ad8811ddf54553a30d
Prover_pp hash: cc2eefedd0a8f35a20ce1d6fddd03d043866ded2726b4a94eabc9af152ea98cc
Verifier_pp hash: 90cbe1bb6275dbc989a9864036ed339138880f1743d8296f0214c55894e4b63a

KZG.lookup_zero_values:
Proof size: 4.35 KB
Proof hash: cd5edf3082fc715fb073a10ba5bdd6d6af312c66f4d541c27a41ea545c46f4ee
Prover_pp hash: 61e0837ab3ef454b4e60decfb9e07508510f65f8984d8fcf9d4f6bfff08f4a44
Verifier_pp hash: 0caf194679993ee900e96091349745c299b44b8e132e5aef8b5a0aff3156500f

KZG.lookup_non_zero_values:
Proof size: 4.58 KB
Proof hash: 6396aac1515f8c44ab6c0fa64a25f0fa2c18f9503e5617e2c3a559af1d957b47
Prover_pp hash: 38826fabd58d375ebd069904647ae8fc6b46d0a5828e025005200b5a8d2de32b
Verifier_pp hash: d75479afa3fb4ac291a669f33efca9e608c8a701a70073694046224a093dbb68

KZG.lookup_no_public_inputs:
Proof size: 4.51 KB
Proof hash: 925d3e9318d3870abb01b0e5a1b1e96d7ffc574c96e81bef7131b4bf7d3a3799
Prover_pp hash: 3c3405df9646f471e859facc7fd7e56ec7cadf5b2ec4609f20414854cb831e74
Verifier_pp hash: ba51a706eaf09c0c4e3398e7dd1c98cea09d61035887190372daf1e49b6a8426

KZG+zero_values+non_zero_values:
Proof size: 4.06 KB
Proof hash: c2ced1028b05f3b1c5be8d20d383f9504a5b5bf0788f766de1c3294a4b55014f
Prover_pp hash: 50620dc87114b4170a508885d989d5bef79d0115432372062ebfce7a0129f752
Verifier_pp hash: 1e861dd870c44f846dad27493808d550ba08d703b1268571413cf0d5a163691f

KZG+zero_values+zero_values:
Proof size: 3.25 KB
Proof hash: 46c9cbadebdb448010871e9ba95278ca03fb0356c208d9559ae5605d3093f566
Prover_pp hash: c4775cd83df26c78a4fa350234bce2ec7d523c0c694ad668faaaf373b684d00c
Verifier_pp hash: c1e6f90f0b512e4a706dd08e1d4f7de1309b099d597961866092449315c906f2

KZG+q_w0+q_w1+q_w0g+q_w1g+q_w2g+qm:
Proof size: 8.43 KB
Proof hash: 8a7e58c51f2858bfdd53f533f171653cf7bf027051738e77c40545396818c2b3
Prover_pp hash: 844e3fe6fd7fc68b90bc6ac00d107dde94632babb4739811e211e3d0d9489342
Verifier_pp hash: d1699c1289df1cf5c49e5a8801d70774544677a84ee86caa09e618f16c79e80d

KZG+qplookup+lookup_zero_values:
Proof size: 6.63 KB
Proof hash: 86841272093be38bfe27df38612b7bc670d832b5404eee3503787e44782ebb6e
Prover_pp hash: 0bb0d336ce55c3433d4dc6cf6a3f58ea00f423510565ccb37f028ff98a4a7dbd
Verifier_pp hash: d7fa71c8191feeaf1ca49abadcfa1283e73fc7b9ade26b5d64ffaf1cbc5024d2

KZG+lookup_non_zero_values+lookup_no_public_inputs:
Proof size: 7.98 KB
Proof hash: 556aa8d231c918f1160d195dedf883d2f2d6a7f050d20e90e7a8d8b6590c88e1
Prover_pp hash: 04c7d736d7ce679e492f431db4c52c3295162a6edaa1cdaf498785e69c449ab7
Verifier_pp hash: e470fb0c2f05848e7f10350f868b7b7066da1ffe573522070831b46ec26455e1

KZG+qplookup_two_tables+qplookup_two_tables:
Proof size: 4.92 KB
Proof hash: 0b901542ed78398cf98e26e5ffc8e3e54e46d0432e799fbc30eab2290620af7f
Prover_pp hash: bc615f81e745908843057a4358bf4eb9cc1d81ffdbda001a67df65d8f3e6b80c
Verifier_pp hash: 5d68b7ef86550e3b1c45bb5a63d23611f21c19a70febc947cfcc5e75e9ee31e4

KZG_Pack.qc:
Proof size: 6.87 KB
Proof hash: 75ccc9a6af45f1a1af27b6c6991263172f4b497cbf8769911d65772f47465bff
Prover_pp hash: 3cf096d50752c5a467ff3ed0699fa4360796172121686bba71fb1302e91b9fea
Verifier_pp hash: 527cb1be4713eb7d9a297a55c5b8406b72c3250f01d972a19a7bb04d754c5c59

KZG_Pack.q_w0:
Proof size: 6.91 KB
Proof hash: fc632bbacf0d04742b3d28ae1be5c9b4be331f0028aa4be5d42c6b9c8b142289
Prover_pp hash: ca35314e1e5c6c6c6fc6219fdc980bceece990469bae72acb529fdcbb15c0121
Verifier_pp hash: 12f0d82280a299c3b39b1a26fcb41b68892092ad291d5ca0e9c0e2dfc03d2d0e

KZG_Pack.q_w1:
Proof size: 6.91 KB
Proof hash: f588447fc99c77e03325782104778335c621155b052c92d9aa44de408298ab69
Prover_pp hash: 512774d3c0d8c105e74e6f63d9bf1020141240b8b3cb548ab8a72936bb14634d
Verifier_pp hash: b20c0c47e5a9a1ecc8ca04d21c6f2bc6a5eb08e9cc3e58d367f52bb9bf3b834a

KZG_Pack.q_w3:
Proof size: 6.91 KB
Proof hash: a50d60fec3ac067fe3022610bc35c48d6a849dd61b4d69c15b9ade903367bc86
Prover_pp hash: 90df914e2b8c018778cee7387ad6e5a3cedb89759fd2177cf53d9a76593298a6
Verifier_pp hash: 2e5f8e20dc62cf0c56fb667d07fc9ae680b1d140d70df889f79405038ff37432

KZG_Pack.q_w4:
Proof size: 6.91 KB
Proof hash: b1bd47bde6deeb44040936b88d0e07ba0885b9ce92e8ab4f74a2fde767fc933c
Prover_pp hash: 371a85e899e78318d6c9109723a5690c024b5100cefadd385c1310389828e9db
Verifier_pp hash: 4d07d6aa6c045df23ab463e00fcea170355eeb2c8caa1059de494a6c22362d09

KZG_Pack.q_w5:
Proof size: 6.91 KB
Proof hash: cb51b8c8251391a3480c442eda35ea8a3d8d69e9697ec35feef064a89f067384
Prover_pp hash: 79df85bde3d15dabe10352918d9b77680614f21eaa8198a9431c7e4a4edf7c69
Verifier_pp hash: 857a79e6a81a2372b160e2fb23043ca25d4be6294108d79e22bfe87e3d88fafa

KZG_Pack.q_w0g:
Proof size: 7.23 KB
Proof hash: 3abc9c9beb4044051075b27c8834153f09234e546b55f11b29ea0ee2c673970a
Prover_pp hash: f99745bf03871c0a9eb75ff88437ffd803c890ed24850de73d425186130faf18
Verifier_pp hash: a46ccb6fcf461c6c7e8ce7eed3ce839ebe339250629fecaeac1104bed3ed6b1e

KZG_Pack.q_w1g:
Proof size: 7.23 KB
Proof hash: 1033642d3a090ca3542f2db82a273c2e5609e056bfaace8c8750e14df3aa5dfb
Prover_pp hash: 4ae363fe9e78b49e264c5c4ebf6776bb8e9db602f139153ed9a3243f053f6349
Verifier_pp hash: 3ade5c911bef6585428f6bb54adf067b7f0d014c2775baec7526b3f18b62fab3

KZG_Pack.q_w2g:
Proof size: 7.23 KB
Proof hash: 3278eaa64c122082535998653a8d3b3ecf63ab5fd2ce30c9eb1f4a9052a9bfe0
Prover_pp hash: 9b17e7b7ca3142e341f83cf56900a026072de05301060037ed9dc4c964fd114f
Verifier_pp hash: 9c503f0fdfac6b10229f0a31a8930e640cefc2b303c6c8ade44dc3402c99fa4c

KZG_Pack.q_w3g:
Proof size: 7.23 KB
Proof hash: 0aae2c9dbd6a2abd4dd58de4366c5e35bb224b68d9050ecc5f4f2d5d9d907471
Prover_pp hash: 2e507eea1ec8b0940d1837913b00e304dc11a5a53805a02d1b3ea924e77d580e
Verifier_pp hash: 30af078a238596cf51067d919ae682e43b2991a628600104920b6cea09a2953a

KZG_Pack.q_w4g:
Proof size: 7.23 KB
Proof hash: 367b44f2786f11bd6589bdf95c7c2000e0ba89dbdb2a1de31c6bd2b03e754d6b
Prover_pp hash: f3dc022b070dfe44cea1b4948c30554982186819bb3071c3aa1e22ff02bbffd6
Verifier_pp hash: 4f514421e4e390abdb3428e9265174a6a14f825d9007f6699fdc2560eec3e4bd

KZG_Pack.q_w5g:
Proof size: 7.23 KB
Proof hash: 5bc03c9496b0e392ab4a2c5da2fb6fd9ccd7646735991b7ae67a50501ac977ed
Prover_pp hash: 1dd1ed203b23963f7eea71ca75908fb3cc7739c6fd6a55ee73455f8d78024745
Verifier_pp hash: f71d9198a2cb5301e31e28df86a7e420e52cb54471a00fa4cc9a53ca6d264301

KZG_Pack.qm:
Proof size: 6.87 KB
Proof hash: 70be7aa97ed4f1b4371fcd8ce6219956f63006ff2bdae20f25cafeb73259a6fa
Prover_pp hash: 008e277b285207a46eb2eee414902b06c69131a42e87624068851fe40fe5ce52
Verifier_pp hash: 1341ecf44cdd287bb13d668c223c478b081e76c2c8d900a8abc20c170a00ef53

KZG_Pack.qx2b:
Proof size: 6.91 KB
Proof hash: b5756731f78bb5ffef1ab05fd34658846fc588b286bb09cf3b38fc7f5136d2c1
Prover_pp hash: 5b6a2a5d10adf4655d67dc898cbfb19c47cc3374443ec8ab808530eeb16866d9
Verifier_pp hash: 6b50952bd8cc41a1cef56c8a80afefa97833daacea196c3ffd7b396fffef1de2

KZG_Pack.qx5a:
Proof size: 6.91 KB
Proof hash: 9156512fb3291fe701d3375966dbe335b48bb89c8e9e5922031abbd62b1592a3
Prover_pp hash: 1b02d4c6b21d473ac4de0a6b25fcf0a488e60a2f9456030c9f15aebf5986de1d
Verifier_pp hash: 836632ff465424c9b51736552419d19f01fbd46575e7b06426c91de73ecdc346

KZG_Pack.qx5c:
Proof size: 6.91 KB
Proof hash: 8038dfbb16c6ce0b2dab66db6b47e5051afb5337b6b93c78fcf14a415193ac6b
Prover_pp hash: 5f41a16944fbc8175aca6809441de94e0945d0eb996e89e4514e6232ea08d558
Verifier_pp hash: 8b2005a6cd820578ec5fa1dd8673323909e5604578be71a7c7817f916133d95d

KZG_Pack.qecc_ws_add:
Proof size: 7.31 KB
Proof hash: e944e126f796475234af373823b80c509c5c53afbcedb91ac3558d952a7eb8db
Prover_pp hash: c489eae33793bdf6941cb224096b62f957a78f2ae83daef6273a0000fea3e430
Verifier_pp hash: 6df47f384ca5fbd3eec8c867989cba5d38ce1b62cf933abbf7d2f725e4132bf0

KZG_Pack.qecc_ed_add:
Proof size: 7.31 KB
Proof hash: d500b884904a7bc70d1d10b0ddc58b01286bb61bf394fe22995dbfd46d62e94f
Prover_pp hash: 2fda09d35e5a7253aa0114c26d654bee515f3f6b0e223df05c75564f7a4d2446
Verifier_pp hash: 3a4350a2061cf7bea746560ec5628627d448b4d5c5f92d9fc995f0378c902fb7

KZG_Pack.qecc_cond_ed_add:
Proof size: 7.42 KB
Proof hash: 64888ca134c31b9a1108d8cc9796b93e2c6ab66896bddf0a1f8005862a9fb8a9
Prover_pp hash: 8d34080d1e55def75d09968dfb032a678b9fdaae4a2376686f00e7ee4b30b39a
Verifier_pp hash: ba152865183cc3c2aea5dafcf8308f2ad42a762882af20d77da635221065d8c6

KZG_Pack.qbool:
Proof size: 6.87 KB
Proof hash: 6bd5d61bacaa6cbf41e304ef3861e907ba1e2ba596a856be77e13fa69b0b8b61
Prover_pp hash: 3f0fad67631a006d015ce64add8000e6ee755f7719ced4eddac348cf02691852
Verifier_pp hash: ca93f16f5b5bb4cc8946c736fdac92a82559802352a079ffd10cd05c901b68a2

KZG_Pack.qcond_swap:
Proof size: 6.95 KB
Proof hash: 4359867833961f55c5baa00be665914da9ef2d553cca66f7de01004c03b90e64
Prover_pp hash: 1f7478bb33459c502df7b8d585777c0eecc802ac583b0bdff127276a547335e6
Verifier_pp hash: 7a7af4b1e6dac8ba47380cbfa9ab5bb3293f0510cc1acf67917c1553abcbd2d3

KZG_Pack.q_anemoi:
Proof size: 8.79 KB
Proof hash: 0822ceea7d58a00af4bc32e5b45eb581ec9c04bb66208f91b8213cea85ccd425
Prover_pp hash: 96ba19f1b91fc330550f8218e2992041ddd414492f198bbb9d3ec790fbc865ad
Verifier_pp hash: 0ec65508cd90f65a569328caf5d32dce7b26fdf52d088a5a77099d2c10f7c8dd

KZG_Pack.bnot:
Proof size: 8.17 KB
Proof hash: a08bac5b5e390921967485189f6e59a15b28eab218fccc57356a151d0419d61a
Prover_pp hash: 9799aff1f15755a2362b9a588484eb508ba3899eee1c6c124e9d8ff4ab4a37e0
Verifier_pp hash: a2e38b66d0155dc6772eb9e97359c97bc009763d7c5daac536d5f7ece3b80751

KZG_Pack.zero_values:
Proof size: 8.75 KB
Proof hash: 1943f34181c32804129cf49872c1f0b2451043e01c08e35a9bbbfd093a58ecf2
Prover_pp hash: c7f1ddc7128e27ba0675b3067c660563c643c58da06ea770258e8b51a40bad64
Verifier_pp hash: 477bc2f5b03fa01e1218ca95870903492952a12513f0646d078eea0906911410

KZG_Pack.non_zero_values:
Proof size: 8.85 KB
Proof hash: 10910d9640ec5cea4e102dda68fcbace6366f34f377ca66e202cd468d84f77dd
Prover_pp hash: 793c36a71602a10851a3af82b7aa92b46f38c0bb5f91a9a2bc3fc2f4b8ddd717
Verifier_pp hash: b416c56662c4c02ad7ac06fb629b7f89217882514356b82e4ac63d7df67f0f50

KZG_Pack.no_public_inputs:
Proof size: 8.87 KB
Proof hash: 30fceb70bb1ac404fb681fbfbc7df6800853bc808273368c2f66b996114b4c98
Prover_pp hash: 250c0cb0785921996dc6b014550519c98848d5a5b30eb974b2492fed71a3280e
Verifier_pp hash: 311491bde7e4d1b42cda5f80b1a01a674eaca2a739a0fd56de34cf2c5c983cab

KZG_Pack.input_commitment:
Proof size: 9.23 KB
Proof hash: ca4bb4466173b92360d9874e597142d01f655926fcff101797631c4670b8ab8a
Prover_pp hash: 6c0ac9a084acab7398ff75ab9c2b4903198b1b5472997c0492ba0455ff7fd4e3
Verifier_pp hash: 29d176b93464dbf85ab166ea799c6c84d7f03bc335de57225e98c53bd6042eeb

KZG_Pack.add_mod_2^255-19.no_wrap_around:
Proof size: 7.72 KB
Proof hash: 78125e424d5c37bef4f1651d3c1638c3caf926985534b614362b1448abe0b3c6
Prover_pp hash: 96348b1395eecb56b71d0cb11f19bbb774db7ccc59216259a61a9676ac176d5b
Verifier_pp hash: ec666ac32e4d8b9de3cbb5d7c8aadeff1645d2834da709f283e09a2a975e65d9

KZG_Pack.add_mod_2^255-19.wrap_around:
Proof size: 7.66 KB
Proof hash: 8c37d323f6a09ece59b80e5169dbb55bca6e9a768b97cee8da2a43bb873f4ab0
Prover_pp hash: 67f2d514dd0cc1aeba9633076a4098e0b526e2d6b0c571df872a3c303562b563
Verifier_pp hash: 7929a79faabeb698dd679b0411331f8c0190128f40e7c33f14cd7c20f2aa1510

KZG_Pack.add_mod_2^255-19.non-std out:
Proof size: 7.66 KB
Proof hash: 256792806aa1a2170340f86ff79bb4132f909e6dea7339d0e1709bffb83ae99a
Prover_pp hash: fe0d1cbd41b7365926b16b75a7f0c7c9e0dc2f720ee622b53efc910ed8ad4f7a
Verifier_pp hash: 859fb2781dc3a394475dca39f27ebea4f23082684a394641a50d21e782771414

KZG_Pack.sub_mod_2^255-19.no_wrap_around:
Proof size: 7.72 KB
Proof hash: 9f186bf711db56cf86c381ca0589affba26bf34f3bc3af10c94b76f3d0a0768b
Prover_pp hash: 86e7eae6f0cd4fa84190035e14d40acc51549cc07838ad6564f4a5b8fe2af17c
Verifier_pp hash: 4468c976f970e1dc9bff8f903554100be5ab91d064e6ae9ec756721821665e50

KZG_Pack.sub_mod_2^255-19.wrap_around:
Proof size: 7.66 KB
Proof hash: e1b97b641dc2165e57d4e57848722da92a7bd5f3d8fc1ea96251b517f0367953
Prover_pp hash: 92c0cb283d23b3cfcdd3567076697aa03ad468843db7d35bd4ab521c281d0004
Verifier_pp hash: ecf0116ece588fe49aace5829aa6390d280fbbb0a18497f4cd15600757028239

KZG_Pack.add_mod_2^64.no_wrap_around:
Proof size: 7.64 KB
Proof hash: 840ed3aa8b941d357069cd55f78e11b91dec1d04c4a14e05eee4d54af69b4755
Prover_pp hash: 9cedb94927086140b31ceaeec0f569d5a00ed637210de2592dc8867a0c112298
Verifier_pp hash: d890ffffa4f51edaead0994d1de7670c3fe6563c9ac1912c57cb71820a7d9581

KZG_Pack.add_mod_2^64.wrap_around:
Proof size: 7.58 KB
Proof hash: 717079342335b0e4820474b0a6050200afc578c5494d24d03b4547eb41df02ad
Prover_pp hash: b175c6ba95bf1ece3d2f39df8e898f69ba476a8e9ea186f2af26032082bfbff3
Verifier_pp hash: f5d2bc51c2d20d4d327ee66167a9e67de54e41ad44df6eb1a3c312173eacdd8c

KZG_Pack.sub_mod_2^64.no_wrap_around:
Proof size: 7.64 KB
Proof hash: 9fceafa4b1187fab87f5c1582256261ccfad161dfe4a23fe125e53f097eafa50
Prover_pp hash: 4d0c560181eaf1101f4c5472c8879ac64422a1c6de8590707c7e83f90893a6ba
Verifier_pp hash: 327cfd2ef450c1a7081591b31278ceb2bf12b7241bac5d9a799a25c05f6c47da

KZG_Pack.sub_mod_2^64.wrap_around:
Proof size: 7.58 KB
Proof hash: a31bdb3c2d79be5b03041fb070cdf47247d22608bee93aee8310d5ed68f4ce9d
Prover_pp hash: 7daaffb1310f14802aba8af84cd810d69f00402319f031a224e1b5ed842a5e39
Verifier_pp hash: 4a1f8786272b6375442708683439b4f578e4cf1e149856e7ad5fda690f5e4a68

KZG_Pack.mul_mod_2^255-19.no_wrap_around:
Proof size: 7.72 KB
Proof hash: dac662caa1982dd508e78cbf57414c263917a2fcda5807a08cce18b4e7f6b581
Prover_pp hash: 875b9d9656393ebcbdb72320f7cf842e397bcab10aa27fdfc1848b843fa18508
Verifier_pp hash: 16990ff9198f0767fe8c63014a648e9101b1423470aef4700158d98df1f09264

KZG_Pack.mul_mod_2^255-19.wrap_around:
Proof size: 7.66 KB
Proof hash: 02da6000aad410ccd23c3cbc5a8b0527034c51c94d476906a07089ec12db4ea8
Prover_pp hash: b4a625b84ad3781693c6f2a83d609aad925ea56b73c0ce7e258eb4ce95699245
Verifier_pp hash: 89ad9363e87c3186d1e02dc37a9bb44f0f60bbca6e940f3ae8ad725e58c43610

KZG_Pack.mul_mod_2^255-19.non-std out:
Proof size: 7.66 KB
Proof hash: 2b114cf7ae694d714e971c8d4617ddb54def8b28be4e7cf81b2d0ae87b7bf431
Prover_pp hash: 1e6047290a1c6ed860c070c6ce26130d098a26208aa7de836025bcff1c52df4d
Verifier_pp hash: 99c425858ee96b8b29a4787e7a8e6e60caa0648192f3c7412b944b507df6d950

KZG_Pack.div_mod_2^255-19.no_wrap_around:
Proof size: 7.72 KB
Proof hash: 2cad0cbc2d5fe0eff58b74143b5c2d437f2bd5280bf7251270f9526cc4d7eecc
Prover_pp hash: 52ec6d3476a3aa979242c1cff67f47b30b29fdbd6668c9198fabb2867e529278
Verifier_pp hash: 21b8c49be8d5ab778019de7b2a8e7c35b8804193c19cb652f5734fd9bdba1831

KZG_Pack.div_mod_2^255-19.wrap_around:
Proof size: 7.66 KB
Proof hash: 9105e753ba3c88396759aa1beaae11ef63097d28531fdd6fb8664c3105713088
Prover_pp hash: ef04e944782775a7d209b3587b0a93f47ea9c1f38cd201fc2f9a32b0ef6c1df5
Verifier_pp hash: 5c5b7c9696a3c0425b5cdeef51629b6d4278676b48ef231a94a3953bd4c31fbe

KZG_Pack.mul_mod_2^64.no_wrap_around:
Proof size: 7.64 KB
Proof hash: d59a2323ca96e8d51a1e52320a761edf04878d91b24dab453ba6e2fb26d50158
Prover_pp hash: 4479329a976300af2b8ae4c2d45149820582fdcb6c82159fce6caaba593b8285
Verifier_pp hash: ad4e5709fbe6184666c62e27dbeaaadf9b2ebe146f16dd88d2608f4d1b721e97

KZG_Pack.mul_mod_2^64.wrap_around:
Proof size: 7.58 KB
Proof hash: 9b2e50b52ba7b940d3b84e94ca893a10b33ee1f1c716b77bcac5e102d3cc18b2
Prover_pp hash: a4b8f6369392023ebb453582898054e549d8a627f1e3204d6aa7746e46c34158
Verifier_pp hash: 68e1dff4a61eab89f04caab4af80487e20af3fd602b8823405f292672b059bb9

KZG_Pack.big_circuit.2.5:
Proof size: 8.59 KB
Proof hash: 5920595670fab16cf9991cc497c1b803a15211962effe57e26f1c9f321925b7f
Prover_pp hash: ba2a95bee4e475663d184e0c052ccabb2b83cfd76dc7cb4660b936673ce94b68
Verifier_pp hash: 7922f65724106e94a834bb2d41fe93ab1acf22f330e429099d4408ed8c831274

KZG_Pack.big_circuit.2.5:
Proof size: 8.59 KB
Proof hash: 05ff03fa949aea9ea32cdc6d52d676b86f932d269a9fe585b964fdaca58ff3e6
Prover_pp hash: ba2a95bee4e475663d184e0c052ccabb2b83cfd76dc7cb4660b936673ce94b68
Verifier_pp hash: 7922f65724106e94a834bb2d41fe93ab1acf22f330e429099d4408ed8c831274

KZG_Pack.qplookup:
Proof size: 9.20 KB
Proof hash: 1aa4c2c99d9398e10ec60e4c4cba0ad7d406312d0527c1c3f631bd1ed0c738aa
Prover_pp hash: a3125c5b775b94955610d69262d93c9538415713d26f7ab079c4223bfb52b19b
Verifier_pp hash: 0005a933ea73f3a2778ef1df20034187573f5ece24a309eca9aa8d24d42d71e2

KZG_Pack.qplookup_two_tables:
Proof size: 9.57 KB
Proof hash: e9243400985557f63a4a0dcfad064f6f918273ae31f83cc3f3fb6bf1fd7dfcdb
Prover_pp hash: 06e2451bf7f69e06b57352db3e7f80d7b3ab616beecb836e1015b93bfd8360b4
Verifier_pp hash: fb65b0d541d9ea5711456a8f4d9b11469914508b0ed93c7866bf619efbac7f2e

KZG_Pack.lookup_zero_values:
Proof size: 10.44 KB
Proof hash: 3fb1986fe1ea4135509737e72e65d599cd1f0060d4530f9b211fd8e79921f94f
Prover_pp hash: f9abf5cad03e1549d1bc95cfb81a5338a80a1bcb0cf5625d9d048c5fedaf532d
Verifier_pp hash: 5399fec95e42e8c43fde048ad625ea236b031dd26c9a54aba9db2d2b59f229bc

KZG_Pack.lookup_non_zero_values:
Proof size: 10.62 KB
Proof hash: 2dbabe001b5e6e11c36592b55e318a2f95ee975acb859ca416355c01ccd3a385
Prover_pp hash: c27161ef7c85b73cc1cc26e2ffe80b904af83f1ad84fd645c2f900a465325597
Verifier_pp hash: 292fcb0782c9e9059f036ba3e599162caae4d4e4e75eacde4eb27873c3bceb50

KZG_Pack.lookup_no_public_inputs:
Proof size: 10.53 KB
Proof hash: e51181324d4da4312108e4d59836fd6b1b76ac0e555a69d66a973694c697d642
Prover_pp hash: 677c1699c0242dcf44f81b9442e901984261274113dd28d6c7b82f8ea86fb5b0
Verifier_pp hash: 239876ae0978a5d211df13522867b6ea525fef549579d3bf41e4fc2ccbbcf948

KZG_Pack+zero_values+non_zero_values:
Proof size: 11.04 KB
Proof hash: d22ea7ffa21ce3d5af0ea684bcb8b7c86b25cc16873ec64526e3a7d18e4702e1
Prover_pp hash: 670a04787263330d1a15c4597d265b742aff18ee7b8d39e8c6a2e26d2824e7ee
Verifier_pp hash: cbb9e701338cb6ee9edac6536e7f3132fff6e3bd1838a13109461bcee4f9c0f5

KZG_Pack+zero_values+zero_values:
Proof size: 9.11 KB
Proof hash: f02be4b0f99267720f8d619b7df63ed13d7e6284be331c3c56f4dab28b9760b8
Prover_pp hash: 6cfb79c698eac80163fadbfdbd87dabf1eba2a7f07614f099c3add72218b183f
Verifier_pp hash: 9e10566661ef9ada4b28e45eef5d7b0d01ddaf12c876b2fbb3b0501a34346de5

KZG_Pack+q_w0+q_w1+q_w0g+q_w1g+q_w2g+qm:
Proof size: 15.18 KB
Proof hash: 553c0239de3507d6bb9ca1ce93e307e707be7f4c4bfb5a7dc90626142c7bc9db
Prover_pp hash: 5a262e447b384b46eab4bec6c28f9e40c24a647e3171d419087b6eff4e8f52a0
Verifier_pp hash: b9598cdb7b0ae175d8db8768feaa5b015a4d29dedbfe6aa17d8eef3b7ea026c9

KZG_Pack+qplookup+lookup_zero_values:
Proof size: 13.07 KB
Proof hash: ab111b47f1cd5ad59397178174de4b560c29449ede50bd988db0347129b249f6
Prover_pp hash: 7bd9b385c6490efd12965a403b8158dcb16b562fd55d580a688734344cc8878b
Verifier_pp hash: a964f081d7cd8587760ca47498117a702b5ccfeb76e1c70a274151dc1c0d826d

KZG_Pack+lookup_non_zero_values+lookup_no_public_inputs:
Proof size: 14.21 KB
Proof hash: 1635b30f481ac639c9326c73b1265d27d8f4ed48f301b28b851e205cc5dc4a98
Prover_pp hash: f03519960a4e1a6e714eb279e24e5eec8c551713677369ebff529d19eb610dbe
Verifier_pp hash: e3b42a33ca4ca5b064ed6f1f79862656cd77b8fec61c103097f35a3cf63eb344

KZG_Pack+qplookup_two_tables+qplookup_two_tables:
Proof size: 10.08 KB
Proof hash: 4fa8c533cc9a62433ec970871b7172ec91fc9b2d8e8830641e85c5cdb4c51a6c
Prover_pp hash: 0b589c07ef2c7238c14b2cfae79b60c84973091f276cd90cda4a27f6b73bc302
Verifier_pp hash: 57c9cbdfaaa87bf97d61bf474a61fcac41a7fc24ccd8bc39a476170067db366d

several_circuits_one_input:
Proof size: 1.98 KB
Proof hash: 13431b8dfd0f3b49430e2ca6970c2078a6852dc5eccc6be3f23814de75738e9e
Prover_pp hash: c8980f3034805357974aedcf7348ad0b880e01fcd4a031ec839eece6be517938
Verifier_pp hash: 8a4d98ca472ee6ecf8c23656ab4f1cc5fb44d400d8ffb9ee0bb1819a86b407b4

several_circuits_one_input:
Proof size: 8.28 KB
Proof hash: 5328a52e46b89b798465df522ceb71ce85b9c1a5f48d25e4661d0f3960b112eb
Prover_pp hash: 195554bfcb34255369b50a1cfdb3526acb7e1569a4009d072686de94c6045836
Verifier_pp hash: 32c73b2d6b8f9c248b232d38c32abfda4dafa43b041ea8e55ae9f05c7ecf03ce

test_disjoint:
Proof size: 2.31 KB
Proof hash: 3307ac84b4a91e71ed04994b3f97086e3944e6cc36a5fe36262af174b69f6e50
Prover_pp hash: a52c28631e8625fa7cd126c99b8c72f66241f0ea4b639e77b642e2edcf07850b
Verifier_pp hash: 0d505e9b5bf8dd25c231f657997bbd42499e06170d8d32e2fb0d3224f68ff888

